Archive member included to satisfy reference by file (symbol)

/usr/lib/gcc/arm-none-eabi/10.3.1/thumb/v6-m/nofp/libgcc.a(_dvmd_tls.o)
                              CMakeFiles/picow_ds4.dir/home/sagar/pico/pico-sdk/src/rp2_common/pico_divider/divider.S.obj (__aeabi_idiv0)
/usr/lib/gcc/arm-none-eabi/10.3.1/../../../arm-none-eabi/lib/thumb/v6-m/nofp/libc.a(lib_a-atexit.o)
                              /usr/lib/gcc/arm-none-eabi/10.3.1/../../../arm-none-eabi/lib/thumb/v6-m/nofp/crt0.o (atexit)
/usr/lib/gcc/arm-none-eabi/10.3.1/../../../arm-none-eabi/lib/thumb/v6-m/nofp/libc.a(lib_a-calloc.o)
                              CMakeFiles/picow_ds4.dir/home/sagar/pico/pico-sdk/src/rp2_common/pico_malloc/pico_malloc.c.obj (calloc)
/usr/lib/gcc/arm-none-eabi/10.3.1/../../../arm-none-eabi/lib/thumb/v6-m/nofp/libc.a(lib_a-callocr.o)
                              /usr/lib/gcc/arm-none-eabi/10.3.1/../../../arm-none-eabi/lib/thumb/v6-m/nofp/libc.a(lib_a-calloc.o) (_calloc_r)
/usr/lib/gcc/arm-none-eabi/10.3.1/../../../arm-none-eabi/lib/thumb/v6-m/nofp/libc.a(lib_a-fini.o)
                              /usr/lib/gcc/arm-none-eabi/10.3.1/../../../arm-none-eabi/lib/thumb/v6-m/nofp/crt0.o (__libc_fini_array)
/usr/lib/gcc/arm-none-eabi/10.3.1/../../../arm-none-eabi/lib/thumb/v6-m/nofp/libc.a(lib_a-impure.o)
                              /usr/lib/gcc/arm-none-eabi/10.3.1/../../../arm-none-eabi/lib/thumb/v6-m/nofp/libc.a(lib_a-calloc.o) (_impure_ptr)
/usr/lib/gcc/arm-none-eabi/10.3.1/../../../arm-none-eabi/lib/thumb/v6-m/nofp/libc.a(lib_a-init.o)
                              /usr/lib/gcc/arm-none-eabi/10.3.1/../../../arm-none-eabi/lib/thumb/v6-m/nofp/crt0.o (__libc_init_array)
/usr/lib/gcc/arm-none-eabi/10.3.1/../../../arm-none-eabi/lib/thumb/v6-m/nofp/libc.a(lib_a-malloc.o)
                              CMakeFiles/picow_ds4.dir/home/sagar/pico/pico-sdk/src/rp2_common/pico_malloc/pico_malloc.c.obj (malloc)
/usr/lib/gcc/arm-none-eabi/10.3.1/../../../arm-none-eabi/lib/thumb/v6-m/nofp/libc.a(lib_a-mallocr.o)
                              /usr/lib/gcc/arm-none-eabi/10.3.1/../../../arm-none-eabi/lib/thumb/v6-m/nofp/libc.a(lib_a-callocr.o) (_malloc_r)
/usr/lib/gcc/arm-none-eabi/10.3.1/../../../arm-none-eabi/lib/thumb/v6-m/nofp/libc.a(lib_a-memcmp.o)
                              CMakeFiles/picow_ds4.dir/home/sagar/pico/pico-sdk/lib/cyw43-driver/src/cyw43_ll.c.obj (memcmp)
/usr/lib/gcc/arm-none-eabi/10.3.1/../../../arm-none-eabi/lib/thumb/v6-m/nofp/libc.a(lib_a-memmove.o)
                              CMakeFiles/picow_ds4.dir/home/sagar/pico/pico-sdk/lib/cyw43-driver/src/cyw43_ll.c.obj (memmove)
/usr/lib/gcc/arm-none-eabi/10.3.1/../../../arm-none-eabi/lib/thumb/v6-m/nofp/libc.a(lib_a-mlock.o)
                              /usr/lib/gcc/arm-none-eabi/10.3.1/../../../arm-none-eabi/lib/thumb/v6-m/nofp/libc.a(lib_a-mallocr.o) (__malloc_lock)
/usr/lib/gcc/arm-none-eabi/10.3.1/../../../arm-none-eabi/lib/thumb/v6-m/nofp/libc.a(lib_a-realloc.o)
                              CMakeFiles/picow_ds4.dir/home/sagar/pico/pico-sdk/src/rp2_common/pico_malloc/pico_malloc.c.obj (realloc)
/usr/lib/gcc/arm-none-eabi/10.3.1/../../../arm-none-eabi/lib/thumb/v6-m/nofp/libc.a(lib_a-reallocr.o)
                              /usr/lib/gcc/arm-none-eabi/10.3.1/../../../arm-none-eabi/lib/thumb/v6-m/nofp/libc.a(lib_a-realloc.o) (_realloc_r)
/usr/lib/gcc/arm-none-eabi/10.3.1/../../../arm-none-eabi/lib/thumb/v6-m/nofp/libc.a(lib_a-sbrkr.o)
                              /usr/lib/gcc/arm-none-eabi/10.3.1/../../../arm-none-eabi/lib/thumb/v6-m/nofp/libc.a(lib_a-mallocr.o) (_sbrk_r)
/usr/lib/gcc/arm-none-eabi/10.3.1/../../../arm-none-eabi/lib/thumb/v6-m/nofp/libc.a(lib_a-strcmp.o)
                              CMakeFiles/picow_ds4.dir/__/btstack/src/classic/hfp.c.obj (strcmp)
/usr/lib/gcc/arm-none-eabi/10.3.1/../../../arm-none-eabi/lib/thumb/v6-m/nofp/libc.a(lib_a-strlen-stub.o)
                              CMakeFiles/picow_ds4.dir/home/sagar/pico/pico-sdk/src/rp2_common/pico_stdio/stdio.c.obj (strlen)
/usr/lib/gcc/arm-none-eabi/10.3.1/../../../arm-none-eabi/lib/thumb/v6-m/nofp/libc.a(lib_a-strncmp.o)
                              CMakeFiles/picow_ds4.dir/home/sagar/pico/pico-sdk/lib/cyw43-driver/src/cyw43_ll.c.obj (strncmp)
/usr/lib/gcc/arm-none-eabi/10.3.1/../../../arm-none-eabi/lib/thumb/v6-m/nofp/libc.a(lib_a-__atexit.o)
                              /usr/lib/gcc/arm-none-eabi/10.3.1/../../../arm-none-eabi/lib/thumb/v6-m/nofp/libc.a(lib_a-atexit.o) (__register_exitproc)
/usr/lib/gcc/arm-none-eabi/10.3.1/../../../arm-none-eabi/lib/thumb/v6-m/nofp/libc.a(lib_a-freer.o)
                              /usr/lib/gcc/arm-none-eabi/10.3.1/../../../arm-none-eabi/lib/thumb/v6-m/nofp/libc.a(lib_a-malloc.o) (_free_r)
/usr/lib/gcc/arm-none-eabi/10.3.1/../../../arm-none-eabi/lib/thumb/v6-m/nofp/libc.a(lib_a-reent.o)
                              /usr/lib/gcc/arm-none-eabi/10.3.1/../../../arm-none-eabi/lib/thumb/v6-m/nofp/libc.a(lib_a-sbrkr.o) (errno)

Discarded input sections

[...]
Memory Configuration

Name             Origin             Length             Attributes
FLASH            0x0000000010000000 0x0000000000200000 xr
RAM              0x0000000020000000 0x0000000000040000 xrw
SCRATCH_X        0x0000000020040000 0x0000000000001000 xrw
SCRATCH_Y        0x0000000020041000 0x0000000000001000 xrw
*default*        0x0000000000000000 0xffffffffffffffff

Linker script and memory map

LOAD /usr/lib/gcc/arm-none-eabi/10.3.1/thumb/v6-m/nofp/crti.o
LOAD /usr/lib/gcc/arm-none-eabi/10.3.1/thumb/v6-m/nofp/crtbegin.o
LOAD /usr/lib/gcc/arm-none-eabi/10.3.1/../../../arm-none-eabi/lib/thumb/v6-m/nofp/crt0.o

.flash_begin    0x0000000010000000        0x0
                0x0000000010000000                __flash_binary_start = .

.boot2          0x0000000010000000      0x100
                0x0000000010000000                __boot2_start__ = .
 *(.boot2)
 .boot2         0x0000000010000000      0x100 /tmp/ccR0PdUE.o
                0x0000000010000100                __boot2_end__ = .
                0x0000000000000001                ASSERT (((__boot2_end__ - __boot2_start__) == 0x100), ERROR: Pico second stage bootloader must be 256 bytes in size)

.text           0x0000000010000100    0x1f1c0
                0x0000000010000100                __logical_binary_start = .
 *(.vectors)
 .vectors       0x0000000010000100       0xd4 CMakeFiles/picow_ds4.dir/home/sagar/pico/pico-sdk/src/rp2_common/pico_standard_link/crt0.S.obj
                0x0000000010000100                __vectors
                0x0000000010000100                __VECTOR_TABLE
                0x00000000100001c0                isr_invalid
                0x00000000100001c0                __default_isrs_start
                0x00000000100001c2                isr_nmi
                0x00000000100001c4                isr_hardfault
                0x00000000100001c6                isr_svcall
                0x00000000100001c8                isr_pendsv
                0x00000000100001ca                isr_systick
                0x00000000100001cc                isr_irq30
                0x00000000100001cc                __unhandled_user_irq
                0x00000000100001cc                isr_irq13
                0x00000000100001cc                isr_irq27
                0x00000000100001cc                isr_irq31
                0x00000000100001cc                isr_irq5
                0x00000000100001cc                isr_irq11
                0x00000000100001cc                isr_irq23
                0x00000000100001cc                isr_irq18
                0x00000000100001cc                isr_irq28
                0x00000000100001cc                isr_irq19
                0x00000000100001cc                isr_irq0
                0x00000000100001cc                isr_irq6
                0x00000000100001cc                isr_irq22
                0x00000000100001cc                isr_irq17
                0x00000000100001cc                isr_irq14
                0x00000000100001cc                isr_irq2
                0x00000000100001cc                isr_irq10
                0x00000000100001cc                isr_irq8
                0x00000000100001cc                isr_irq24
                0x00000000100001cc                isr_irq1
                0x00000000100001cc                isr_irq7
                0x00000000100001cc                isr_irq21
                0x00000000100001cc                isr_irq20
                0x00000000100001cc                isr_irq15
                0x00000000100001cc                isr_irq25
                0x00000000100001cc                isr_irq4
                0x00000000100001cc                isr_irq16
                0x00000000100001cc                isr_irq29
                0x00000000100001cc                isr_irq26
                0x00000000100001cc                __default_isrs_end
                0x00000000100001cc                isr_irq3
                0x00000000100001cc                isr_irq12
                0x00000000100001cc                isr_irq9
                0x00000000100001d2                unhandled_user_irq_num_in_r0
 *(.binary_info_header)
 .binary_info_header
                0x00000000100001d4       0x14 CMakeFiles/picow_ds4.dir/home/sagar/pico/pico-sdk/src/rp2_common/pico_standard_link/crt0.S.obj
                0x00000000100001e8                __binary_info_header_end = .
 *(.reset)
 .reset         0x00000000100001e8       0xa0 CMakeFiles/picow_ds4.dir/home/sagar/pico/pico-sdk/src/rp2_common/pico_standard_link/crt0.S.obj
                0x00000000100001e8                _entry_point
 .reset         0x0000000010000288       0x30 CMakeFiles/picow_ds4.dir/home/sagar/pico/pico-sdk/src/rp2_common/pico_standard_link/binary_info.c.obj
 *(.init)
 .init          0x00000000100002b8        0x4 /usr/lib/gcc/arm-none-eabi/10.3.1/thumb/v6-m/nofp/crti.o
                0x00000000100002b8                _init
 *(EXCLUDE_FILE(*libm.a: *libc.a:*lib_a-mem*.o *libgcc.a:) .text*)
 .text          0x00000000100002bc       0x98 /usr/lib/gcc/arm-none-eabi/10.3.1/thumb/v6-m/nofp/crtbegin.o
 .text.startup.main
                0x0000000010000354      0x264 CMakeFiles/picow_ds4.dir/main.c.obj
                0x0000000010000354                main
 .text.blink_handler
                0x00000000100005b8       0x40 CMakeFiles/picow_ds4.dir/bt_hid.c.obj
 .text.packet_handler
                0x00000000100005f8      0x2c4 CMakeFiles/picow_ds4.dir/bt_hid.c.obj
 .text.bt_hid_get_latest
                0x00000000100008bc       0x28 CMakeFiles/picow_ds4.dir/bt_hid.c.obj
                0x00000000100008bc                bt_hid_get_latest
 .text.bt_main  0x00000000100008e4       0xb4 CMakeFiles/picow_ds4.dir/bt_hid.c.obj
                0x00000000100008e4                bt_main
 .text.init_CRC_Table
                0x0000000010000998       0xbc CMakeFiles/picow_ds4.dir/crc8.c.obj
                0x0000000010000998                init_CRC_Table
 .text.get_CRC_Hash
                0x0000000010000a54       0x20 CMakeFiles/picow_ds4.dir/crc8.c.obj
                0x0000000010000a54                get_CRC_Hash
 .text.gpio_set_function
                0x0000000010000a74       0x30 CMakeFiles/picow_ds4.dir/home/sagar/pico/pico-sdk/src/rp2_common/hardware_gpio/gpio.c.obj
                0x0000000010000a74                gpio_set_function
 .text.gpio_set_pulls
                0x0000000010000aa4       0x30 CMakeFiles/picow_ds4.dir/home/sagar/pico/pico-sdk/src/rp2_common/hardware_gpio/gpio.c.obj
                0x0000000010000aa4                gpio_set_pulls
 .text.gpio_set_input_hysteresis_enabled
                0x0000000010000ad4       0x28 CMakeFiles/picow_ds4.dir/home/sagar/pico/pico-sdk/src/rp2_common/hardware_gpio/gpio.c.obj
                0x0000000010000ad4                gpio_set_input_hysteresis_enabled
 .text.gpio_set_irq_enabled
                0x0000000010000afc       0x54 CMakeFiles/picow_ds4.dir/home/sagar/pico/pico-sdk/src/rp2_common/hardware_gpio/gpio.c.obj
                0x0000000010000afc                gpio_set_irq_enabled
 .text.gpio_add_raw_irq_handler_with_order_priority_masked
                0x0000000010000b50       0x44 CMakeFiles/picow_ds4.dir/home/sagar/pico/pico-sdk/src/rp2_common/hardware_gpio/gpio.c.obj
                0x0000000010000b50                gpio_add_raw_irq_handler_with_order_priority_masked
 .text.gpio_remove_raw_irq_handler_masked
                0x0000000010000b94       0x20 CMakeFiles/picow_ds4.dir/home/sagar/pico/pico-sdk/src/rp2_common/hardware_gpio/gpio.c.obj
                0x0000000010000b94                gpio_remove_raw_irq_handler_masked
 .text.gpio_init
                0x0000000010000bb4       0x3c CMakeFiles/picow_ds4.dir/home/sagar/pico/pico-sdk/src/rp2_common/hardware_gpio/gpio.c.obj
                0x0000000010000bb4                gpio_init
 .text.running_on_fpga
                0x0000000010000bf0       0x10 CMakeFiles/picow_ds4.dir/home/sagar/pico/pico-sdk/src/rp2_common/pico_platform/platform.c.obj
                0x0000000010000bf0                running_on_fpga
 .text.hw_claim_lock
                0x0000000010000c00       0x18 CMakeFiles/picow_ds4.dir/home/sagar/pico/pico-sdk/src/rp2_common/hardware_claim/claim.c.obj
                0x0000000010000c00                hw_claim_lock
 .text.hw_claim_unlock
                0x0000000010000c18       0x14 CMakeFiles/picow_ds4.dir/home/sagar/pico/pico-sdk/src/rp2_common/hardware_claim/claim.c.obj
                0x0000000010000c18                hw_claim_unlock
 .text.hw_claim_or_assert
                0x0000000010000c2c       0x44 CMakeFiles/picow_ds4.dir/home/sagar/pico/pico-sdk/src/rp2_common/hardware_claim/claim.c.obj
                0x0000000010000c2c                hw_claim_or_assert
 .text.hw_claim_unused_from_range
                0x0000000010000c70       0x9c CMakeFiles/picow_ds4.dir/home/sagar/pico/pico-sdk/src/rp2_common/hardware_claim/claim.c.obj
                0x0000000010000c70                hw_claim_unused_from_range
 .text.hw_claim_clear
                0x0000000010000d0c       0x38 CMakeFiles/picow_ds4.dir/home/sagar/pico/pico-sdk/src/rp2_common/hardware_claim/claim.c.obj
                0x0000000010000d0c                hw_claim_clear
 .text.spin_locks_reset
                0x0000000010000d44       0x1c CMakeFiles/picow_ds4.dir/home/sagar/pico/pico-sdk/src/rp2_common/hardware_sync/sync.c.obj
                0x0000000010000d44                spin_locks_reset
 .text.next_striped_spin_lock_num
                0x0000000010000d60       0x18 CMakeFiles/picow_ds4.dir/home/sagar/pico/pico-sdk/src/rp2_common/hardware_sync/sync.c.obj
                0x0000000010000d60                next_striped_spin_lock_num
 .text.spin_lock_claim_unused
                0x0000000010000d78       0x20 CMakeFiles/picow_ds4.dir/home/sagar/pico/pico-sdk/src/rp2_common/hardware_sync/sync.c.obj
                0x0000000010000d78                spin_lock_claim_unused
 .text.irq_set_enabled
                0x0000000010000d98       0x24 CMakeFiles/picow_ds4.dir/home/sagar/pico/pico-sdk/src/rp2_common/hardware_irq/irq.c.obj
                0x0000000010000d98                irq_set_enabled
 .text.irq_is_enabled
                0x0000000010000dbc       0x18 CMakeFiles/picow_ds4.dir/home/sagar/pico/pico-sdk/src/rp2_common/hardware_irq/irq.c.obj
                0x0000000010000dbc                irq_is_enabled
 .text.irq_set_pending
                0x0000000010000dd4       0x10 CMakeFiles/picow_ds4.dir/home/sagar/pico/pico-sdk/src/rp2_common/hardware_irq/irq.c.obj
                0x0000000010000dd4                irq_set_pending
 .text.irq_has_shared_handler
                0x0000000010000de4       0x2c CMakeFiles/picow_ds4.dir/home/sagar/pico/pico-sdk/src/rp2_common/hardware_irq/irq.c.obj
                0x0000000010000de4                irq_has_shared_handler
 .text.irq_get_vtable_handler
                0x0000000010000e10       0x10 CMakeFiles/picow_ds4.dir/home/sagar/pico/pico-sdk/src/rp2_common/hardware_irq/irq.c.obj
                0x0000000010000e10                irq_get_vtable_handler
 .text.irq_set_exclusive_handler
                0x0000000010000e20       0x54 CMakeFiles/picow_ds4.dir/home/sagar/pico/pico-sdk/src/rp2_common/hardware_irq/irq.c.obj
                0x0000000010000e20                irq_set_exclusive_handler
 .text.irq_add_shared_handler
                0x0000000010000e74      0x1e8 CMakeFiles/picow_ds4.dir/home/sagar/pico/pico-sdk/src/rp2_common/hardware_irq/irq.c.obj
                0x0000000010000e74                irq_add_shared_handler
 .text.irq_remove_handler
                0x000000001000105c      0x1b0 CMakeFiles/picow_ds4.dir/home/sagar/pico/pico-sdk/src/rp2_common/hardware_irq/irq.c.obj
                0x000000001000105c                irq_remove_handler
 .text.irq_set_priority
                0x000000001000120c       0x28 CMakeFiles/picow_ds4.dir/home/sagar/pico/pico-sdk/src/rp2_common/hardware_irq/irq.c.obj
                0x000000001000120c                irq_set_priority
 .text.irq_add_tail_to_free_list
                0x0000000010001234       0xb4 CMakeFiles/picow_ds4.dir/home/sagar/pico/pico-sdk/src/rp2_common/hardware_irq/irq.c.obj
                0x0000000010001234                irq_add_tail_to_free_list
 .text.irq_init_priorities
                0x00000000100012e8       0x24 CMakeFiles/picow_ds4.dir/home/sagar/pico/pico-sdk/src/rp2_common/hardware_irq/irq.c.obj
                0x00000000100012e8                irq_init_priorities
 .text.user_irq_unclaim
                0x000000001000130c       0x14 CMakeFiles/picow_ds4.dir/home/sagar/pico/pico-sdk/src/rp2_common/hardware_irq/irq.c.obj
                0x000000001000130c                user_irq_unclaim
 .text.user_irq_claim_unused
                0x0000000010001320       0x28 CMakeFiles/picow_ds4.dir/home/sagar/pico/pico-sdk/src/rp2_common/hardware_irq/irq.c.obj
                0x0000000010001320                user_irq_claim_unused
 .text.sem_init
                0x0000000010001348       0x20 CMakeFiles/picow_ds4.dir/home/sagar/pico/pico-sdk/src/common/pico_sync/sem.c.obj
                0x0000000010001348                sem_init
 .text.lock_init
                0x0000000010001368       0x10 CMakeFiles/picow_ds4.dir/home/sagar/pico/pico-sdk/src/common/pico_sync/lock_core.c.obj
                0x0000000010001368                lock_init
 .text.mutex_init
                0x0000000010001378       0x1c CMakeFiles/picow_ds4.dir/home/sagar/pico/pico-sdk/src/common/pico_sync/mutex.c.obj
                0x0000000010001378                mutex_init
 .text.recursive_mutex_init
                0x0000000010001394       0x1c CMakeFiles/picow_ds4.dir/home/sagar/pico/pico-sdk/src/common/pico_sync/mutex.c.obj
                0x0000000010001394                recursive_mutex_init
 .text.critical_section_init
                0x00000000100013b0       0x20 CMakeFiles/picow_ds4.dir/home/sagar/pico/pico-sdk/src/common/pico_sync/critical_section.c.obj
                0x00000000100013b0                critical_section_init
 .text.critical_section_init_with_lock_num
                0x00000000100013d0       0x14 CMakeFiles/picow_ds4.dir/home/sagar/pico/pico-sdk/src/common/pico_sync/critical_section.c.obj
                0x00000000100013d0                critical_section_init_with_lock_num
 .text.timer_pool_entry_comparator
                0x00000000100013e4       0x34 CMakeFiles/picow_ds4.dir/home/sagar/pico/pico-sdk/src/common/pico_time/time.c.obj
                0x00000000100013e4                timer_pool_entry_comparator
 .text.sleep_until_callback
                0x0000000010001418       0x30 CMakeFiles/picow_ds4.dir/home/sagar/pico/pico-sdk/src/common/pico_time/time.c.obj
 .text.add_alarm_under_lock.isra.0
                0x0000000010001448      0x100 CMakeFiles/picow_ds4.dir/home/sagar/pico/pico-sdk/src/common/pico_time/time.c.obj
 .text.alarm_pool_alarm_callback
                0x0000000010001548      0x1bc CMakeFiles/picow_ds4.dir/home/sagar/pico/pico-sdk/src/common/pico_time/time.c.obj
 .text.alarm_pool_init_default
                0x0000000010001704       0x6c CMakeFiles/picow_ds4.dir/home/sagar/pico/pico-sdk/src/common/pico_time/time.c.obj
                0x0000000010001704                alarm_pool_init_default
 .text.alarm_pool_get_default
                0x0000000010001770        0x8 CMakeFiles/picow_ds4.dir/home/sagar/pico/pico-sdk/src/common/pico_time/time.c.obj
                0x0000000010001770                alarm_pool_get_default
 .text.alarm_pool_create_with_unused_hardware_alarm
                0x0000000010001778       0x74 CMakeFiles/picow_ds4.dir/home/sagar/pico/pico-sdk/src/common/pico_time/time.c.obj
                0x0000000010001778                alarm_pool_create_with_unused_hardware_alarm
 .text.alarm_pool_destroy
                0x00000000100017ec       0x44 CMakeFiles/picow_ds4.dir/home/sagar/pico/pico-sdk/src/common/pico_time/time.c.obj
                0x00000000100017ec                alarm_pool_destroy
 .text.alarm_pool_add_alarm_at
                0x0000000010001830      0x178 CMakeFiles/picow_ds4.dir/home/sagar/pico/pico-sdk/src/common/pico_time/time.c.obj
                0x0000000010001830                alarm_pool_add_alarm_at
 .text.alarm_pool_add_alarm_at_force_in_context
                0x00000000100019a8      0x124 CMakeFiles/picow_ds4.dir/home/sagar/pico/pico-sdk/src/common/pico_time/time.c.obj
                0x00000000100019a8                alarm_pool_add_alarm_at_force_in_context
 .text.alarm_pool_cancel_alarm
                0x0000000010001acc       0x78 CMakeFiles/picow_ds4.dir/home/sagar/pico/pico-sdk/src/common/pico_time/time.c.obj
                0x0000000010001acc                alarm_pool_cancel_alarm
 .text.alarm_pool_core_num
                0x0000000010001b44        0x4 CMakeFiles/picow_ds4.dir/home/sagar/pico/pico-sdk/src/common/pico_time/time.c.obj
                0x0000000010001b44                alarm_pool_core_num
 .text.sleep_until
                0x0000000010001b48       0xc4 CMakeFiles/picow_ds4.dir/home/sagar/pico/pico-sdk/src/common/pico_time/time.c.obj
                0x0000000010001b48                sleep_until
 .text.sleep_ms
                0x0000000010001c0c       0x34 CMakeFiles/picow_ds4.dir/home/sagar/pico/pico-sdk/src/common/pico_time/time.c.obj
                0x0000000010001c0c                sleep_ms
 .text.best_effort_wfe_or_timeout
                0x0000000010001c40       0xd4 CMakeFiles/picow_ds4.dir/home/sagar/pico/pico-sdk/src/common/pico_time/time.c.obj
                0x0000000010001c40                best_effort_wfe_or_timeout
 .text.hardware_alarm_irq_handler
                0x0000000010001d14       0xbc CMakeFiles/picow_ds4.dir/home/sagar/pico/pico-sdk/src/rp2_common/hardware_timer/timer.c.obj
 .text.hardware_alarm_claim
                0x0000000010001dd0       0x18 CMakeFiles/picow_ds4.dir/home/sagar/pico/pico-sdk/src/rp2_common/hardware_timer/timer.c.obj
                0x0000000010001dd0                hardware_alarm_claim
 .text.hardware_alarm_unclaim
                0x0000000010001de8       0x10 CMakeFiles/picow_ds4.dir/home/sagar/pico/pico-sdk/src/rp2_common/hardware_timer/timer.c.obj
                0x0000000010001de8                hardware_alarm_unclaim
 .text.hardware_alarm_claim_unused
                0x0000000010001df8       0x20 CMakeFiles/picow_ds4.dir/home/sagar/pico/pico-sdk/src/rp2_common/hardware_timer/timer.c.obj
                0x0000000010001df8                hardware_alarm_claim_unused
 .text.time_us_64
                0x0000000010001e18       0x14 CMakeFiles/picow_ds4.dir/home/sagar/pico/pico-sdk/src/rp2_common/hardware_timer/timer.c.obj
                0x0000000010001e18                time_us_64
 .text.busy_wait_us
                0x0000000010001e2c       0x54 CMakeFiles/picow_ds4.dir/home/sagar/pico/pico-sdk/src/rp2_common/hardware_timer/timer.c.obj
                0x0000000010001e2c                busy_wait_us
 .text.busy_wait_until
                0x0000000010001e80       0x20 CMakeFiles/picow_ds4.dir/home/sagar/pico/pico-sdk/src/rp2_common/hardware_timer/timer.c.obj
                0x0000000010001e80                busy_wait_until
 .text.hardware_alarm_set_callback
                0x0000000010001ea0       0x8c CMakeFiles/picow_ds4.dir/home/sagar/pico/pico-sdk/src/rp2_common/hardware_timer/timer.c.obj
                0x0000000010001ea0                hardware_alarm_set_callback
 .text.hardware_alarm_set_target
                0x0000000010001f2c       0xd4 CMakeFiles/picow_ds4.dir/home/sagar/pico/pico-sdk/src/rp2_common/hardware_timer/timer.c.obj
                0x0000000010001f2c                hardware_alarm_set_target
 .text.hardware_alarm_cancel
                0x0000000010002000       0x3c CMakeFiles/picow_ds4.dir/home/sagar/pico/pico-sdk/src/rp2_common/hardware_timer/timer.c.obj
                0x0000000010002000                hardware_alarm_cancel
 .text.hardware_alarm_force_irq
                0x000000001000203c       0x3c CMakeFiles/picow_ds4.dir/home/sagar/pico/pico-sdk/src/rp2_common/hardware_timer/timer.c.obj
                0x000000001000203c                hardware_alarm_force_irq
 .text.ph_merge_nodes
                0x0000000010002078       0x68 CMakeFiles/picow_ds4.dir/home/sagar/pico/pico-sdk/src/common/pico_util/pheap.c.obj
 .text.ph_create
                0x00000000100020e0       0x60 CMakeFiles/picow_ds4.dir/home/sagar/pico/pico-sdk/src/common/pico_util/pheap.c.obj
                0x00000000100020e0                ph_create
 .text.ph_post_alloc_init
                0x0000000010002140       0x3c CMakeFiles/picow_ds4.dir/home/sagar/pico/pico-sdk/src/common/pico_util/pheap.c.obj
                0x0000000010002140                ph_post_alloc_init
 .text.ph_destroy
                0x000000001000217c       0x14 CMakeFiles/picow_ds4.dir/home/sagar/pico/pico-sdk/src/common/pico_util/pheap.c.obj
                0x000000001000217c                ph_destroy
 .text.ph_merge_two_pass
                0x0000000010002190       0x90 CMakeFiles/picow_ds4.dir/home/sagar/pico/pico-sdk/src/common/pico_util/pheap.c.obj
                0x0000000010002190                ph_merge_two_pass
 .text.ph_remove_any_head
                0x0000000010002220      0x100 CMakeFiles/picow_ds4.dir/home/sagar/pico/pico-sdk/src/common/pico_util/pheap.c.obj
 .text.ph_remove_head
                0x0000000010002320      0x104 CMakeFiles/picow_ds4.dir/home/sagar/pico/pico-sdk/src/common/pico_util/pheap.c.obj
                0x0000000010002320                ph_remove_head
 .text.ph_remove_and_free_node
                0x0000000010002424       0x7c CMakeFiles/picow_ds4.dir/home/sagar/pico/pico-sdk/src/common/pico_util/pheap.c.obj
                0x0000000010002424                ph_remove_and_free_node
 .text.uart_init
                0x00000000100024a0      0x188 CMakeFiles/picow_ds4.dir/home/sagar/pico/pico-sdk/src/rp2_common/hardware_uart/uart.c.obj
                0x00000000100024a0                uart_init
 .text.clocks_init
                0x0000000010002628      0x2d0 CMakeFiles/picow_ds4.dir/home/sagar/pico/pico-sdk/src/rp2_common/hardware_clocks/clocks.c.obj
                0x0000000010002628                clocks_init
 .text.clock_get_hz
                0x00000000100028f8        0xc CMakeFiles/picow_ds4.dir/home/sagar/pico/pico-sdk/src/rp2_common/hardware_clocks/clocks.c.obj
                0x00000000100028f8                clock_get_hz
 .text.pll_init
                0x0000000010002904       0xa0 CMakeFiles/picow_ds4.dir/home/sagar/pico/pico-sdk/src/rp2_common/hardware_pll/pll.c.obj
                0x0000000010002904                pll_init
 .text.watchdog_start_tick
                0x00000000100029a4       0x10 CMakeFiles/picow_ds4.dir/home/sagar/pico/pico-sdk/src/rp2_common/hardware_watchdog/watchdog.c.obj
                0x00000000100029a4                watchdog_start_tick
 .text.watchdog_reboot
                0x00000000100029b4       0x98 CMakeFiles/picow_ds4.dir/home/sagar/pico/pico-sdk/src/rp2_common/hardware_watchdog/watchdog.c.obj
                0x00000000100029b4                watchdog_reboot
 .text.xosc_init
                0x0000000010002a4c       0x28 CMakeFiles/picow_ds4.dir/home/sagar/pico/pico-sdk/src/rp2_common/hardware_xosc/xosc.c.obj
                0x0000000010002a4c                xosc_init
 .text.runtime_init
                0x0000000010002a74       0xf0 CMakeFiles/picow_ds4.dir/home/sagar/pico/pico-sdk/src/rp2_common/pico_runtime/runtime.c.obj
                0x0000000010002a74                runtime_init
 .text._exit    0x0000000010002b64        0x4 CMakeFiles/picow_ds4.dir/home/sagar/pico/pico-sdk/src/rp2_common/pico_runtime/runtime.c.obj
                0x0000000010002b64                _exit
 .text._sbrk    0x0000000010002b68       0x34 CMakeFiles/picow_ds4.dir/home/sagar/pico/pico-sdk/src/rp2_common/pico_runtime/runtime.c.obj
                0x0000000010002b68                _sbrk
 .text.exit     0x0000000010002b9c        0x8 CMakeFiles/picow_ds4.dir/home/sagar/pico/pico-sdk/src/rp2_common/pico_runtime/runtime.c.obj
                0x0000000010002b9c                exit
 .text.panic    0x0000000010002ba4       0x30 CMakeFiles/picow_ds4.dir/home/sagar/pico/pico-sdk/src/rp2_common/pico_runtime/runtime.c.obj
                0x0000000010002ba4                panic
 .text.hard_assertion_failure
                0x0000000010002bd4        0xc CMakeFiles/picow_ds4.dir/home/sagar/pico/pico-sdk/src/rp2_common/pico_runtime/runtime.c.obj
                0x0000000010002bd4                hard_assertion_failure
 .text._out_null
                0x0000000010002be0        0x4 CMakeFiles/picow_ds4.dir/home/sagar/pico/pico-sdk/src/rp2_common/pico_printf/printf.c.obj
 .text._out_rev
                0x0000000010002be4       0x9c CMakeFiles/picow_ds4.dir/home/sagar/pico/pico-sdk/src/rp2_common/pico_printf/printf.c.obj
 .text._ntoa_format
                0x0000000010002c80      0x1cc CMakeFiles/picow_ds4.dir/home/sagar/pico/pico-sdk/src/rp2_common/pico_printf/printf.c.obj
 .text._out_char
                0x0000000010002e4c       0x10 CMakeFiles/picow_ds4.dir/home/sagar/pico/pico-sdk/src/rp2_common/pico_printf/printf.c.obj
 .text._out_fct
                0x0000000010002e5c       0x10 CMakeFiles/picow_ds4.dir/home/sagar/pico/pico-sdk/src/rp2_common/pico_printf/printf.c.obj
 .text._etoa    0x0000000010002e6c      0x44c CMakeFiles/picow_ds4.dir/home/sagar/pico/pico-sdk/src/rp2_common/pico_printf/printf.c.obj
 .text._ftoa    0x00000000100032b8      0x398 CMakeFiles/picow_ds4.dir/home/sagar/pico/pico-sdk/src/rp2_common/pico_printf/printf.c.obj
 .text._vsnprintf
                0x0000000010003650      0xb04 CMakeFiles/picow_ds4.dir/home/sagar/pico/pico-sdk/src/rp2_common/pico_printf/printf.c.obj
 .text.vfctprintf
                0x0000000010004154       0x20 CMakeFiles/picow_ds4.dir/home/sagar/pico/pico-sdk/src/rp2_common/pico_printf/printf.c.obj
                0x0000000010004154                vfctprintf
 .text.weak_raw_vprintf
                0x0000000010004174       0x30 CMakeFiles/picow_ds4.dir/home/sagar/pico/pico-sdk/src/rp2_common/pico_printf/printf.c.obj
                0x0000000010004174                weak_raw_vprintf
 .text          0x00000000100041a4       0x10 CMakeFiles/picow_ds4.dir/home/sagar/pico/pico-sdk/src/rp2_common/pico_bit_ops/bit_ops_aeabi.S.obj
 .text.ctzsi    0x00000000100041b4        0xc CMakeFiles/picow_ds4.dir/home/sagar/pico/pico-sdk/src/rp2_common/pico_bit_ops/bit_ops_aeabi.S.obj
                0x00000000100041b4                __wrap___ctzsi2
 .text.rom_func_lookup
                0x00000000100041c0       0x10 CMakeFiles/picow_ds4.dir/home/sagar/pico/pico-sdk/src/rp2_common/pico_bootrom/bootrom.c.obj
                0x00000000100041c0                rom_func_lookup
 .text.rom_data_lookup
                0x00000000100041d0       0x10 CMakeFiles/picow_ds4.dir/home/sagar/pico/pico-sdk/src/rp2_common/pico_bootrom/bootrom.c.obj
                0x00000000100041d0                rom_data_lookup
 .text.rom_funcs_lookup
                0x00000000100041e0       0x44 CMakeFiles/picow_ds4.dir/home/sagar/pico/pico-sdk/src/rp2_common/pico_bootrom/bootrom.c.obj
                0x00000000100041e0                rom_funcs_lookup
 .text.__wrap___aeabi_idiv
                0x0000000010004224       0x50 CMakeFiles/picow_ds4.dir/home/sagar/pico/pico-sdk/src/rp2_common/pico_divider/divider.S.obj
                0x0000000010004224                __wrap___aeabi_idivmod
                0x0000000010004224                divmod_s32s32
                0x0000000010004224                div_s32s32
                0x0000000010004224                __wrap___aeabi_idiv
                0x000000001000422c                divmod_s32s32_unsafe
                0x0000000010004258                divmod_s32s32_savestate
 .text.__wrap___aeabi_uidiv
                0x0000000010004274       0x4c CMakeFiles/picow_ds4.dir/home/sagar/pico/pico-sdk/src/rp2_common/pico_divider/divider.S.obj
                0x0000000010004274                __wrap___aeabi_uidiv
                0x0000000010004274                __wrap___aeabi_uidivmod
                0x0000000010004274                div_u32u32
                0x0000000010004274                divmod_u32u32
                0x000000001000427c                divmod_u32u32_unsafe
                0x00000000100042a4                divmod_u32u32_savestate
 .text.__wrap___aeabi_ldiv
                0x00000000100042c0      0x424 CMakeFiles/picow_ds4.dir/home/sagar/pico/pico-sdk/src/rp2_common/pico_divider/divider.S.obj
                0x00000000100042c0                div_s64s64
                0x00000000100042c0                divmod_s64s64
                0x00000000100042c0                __wrap___aeabi_ldivmod
                0x00000000100042f0                div_u64u64
                0x00000000100042f0                divmod_u64u64
                0x00000000100042f0                __wrap___aeabi_uldivmod
                0x0000000010004300                divmod_u64u64_savestate
                0x0000000010004320                divmod_s64s64_unsafe
                0x00000000100043a8                divmod_u64u64_unsafe
 .text.__wrap___aeabi_darithmetic
                0x00000000100046e4       0x60 CMakeFiles/picow_ds4.dir/home/sagar/pico/pico-sdk/src/rp2_common/pico_double/double_aeabi.S.obj
                0x00000000100046e4                __wrap___aeabi_drsub
                0x00000000100046ea                __wrap___aeabi_dsub
                0x00000000100046f4                __wrap___aeabi_dadd
                0x00000000100046fe                __wrap___aeabi_ddiv
                0x0000000010004732                __wrap___aeabi_dmul
 .text.__wrap___aeabi_cdcmple
                0x0000000010004744       0x6c CMakeFiles/picow_ds4.dir/home/sagar/pico/pico-sdk/src/rp2_common/pico_double/double_aeabi.S.obj
                0x0000000010004744                __wrap___aeabi_cdrcmple
                0x0000000010004754                __wrap___aeabi_cdcmple
                0x0000000010004754                __wrap___aeabi_cdcmpeq
 .text.__wrap___aeabi_dcmplt
                0x00000000100047b0        0xc CMakeFiles/picow_ds4.dir/home/sagar/pico/pico-sdk/src/rp2_common/pico_double/double_aeabi.S.obj
                0x00000000100047b0                __wrap___aeabi_dcmplt
 .text.__wrap___aeabi_dcmple
                0x00000000100047bc       0x10 CMakeFiles/picow_ds4.dir/home/sagar/pico/pico-sdk/src/rp2_common/pico_double/double_aeabi.S.obj
                0x00000000100047bc                __wrap___aeabi_dcmple
 .text.__wrap___aeabi_dcmpge
                0x00000000100047cc       0x10 CMakeFiles/picow_ds4.dir/home/sagar/pico/pico-sdk/src/rp2_common/pico_double/double_aeabi.S.obj
                0x00000000100047cc                __wrap___aeabi_dcmpge
 .text.__wrap___aeabi_dcmpgt
                0x00000000100047dc        0xa CMakeFiles/picow_ds4.dir/home/sagar/pico/pico-sdk/src/rp2_common/pico_double/double_aeabi.S.obj
                0x00000000100047dc                __wrap___aeabi_dcmpgt
 .text.__wrap___aeabi_dcmpun
                0x00000000100047e6       0x1c CMakeFiles/picow_ds4.dir/home/sagar/pico/pico-sdk/src/rp2_common/pico_double/double_aeabi.S.obj
                0x00000000100047e6                __wrap___aeabi_dcmpun
 *fill*         0x0000000010004802        0x2 
 .text.__wrap___aeabi_i2d
                0x0000000010004804       0x38 CMakeFiles/picow_ds4.dir/home/sagar/pico/pico-sdk/src/rp2_common/pico_double/double_aeabi.S.obj
                0x0000000010004804                __wrap___aeabi_ui2d
                0x000000001000480c                __wrap___aeabi_i2d
 .text.__wrap___aeabi_d2iz
                0x000000001000483c       0x48 CMakeFiles/picow_ds4.dir/home/sagar/pico/pico-sdk/src/rp2_common/pico_double/double_aeabi.S.obj
                0x000000001000483c                __wrap___aeabi_d2iz
                0x000000001000483c                double2int_z
 .text.__wrap___aeabi_d2uiz
                0x0000000010004884       0x10 CMakeFiles/picow_ds4.dir/home/sagar/pico/pico-sdk/src/rp2_common/pico_double/double_aeabi.S.obj
                0x0000000010004884                double2uint
                0x0000000010004884                __wrap___aeabi_d2uiz
 .text.missing_double_func_shim
                0x0000000010004894        0xc CMakeFiles/picow_ds4.dir/home/sagar/pico/pico-sdk/src/rp2_common/pico_double/double_init_rom.c.obj
 .text.__aeabi_double_init
                0x00000000100048a0       0x98 CMakeFiles/picow_ds4.dir/home/sagar/pico/pico-sdk/src/rp2_common/pico_double/double_init_rom.c.obj
                0x00000000100048a0                __aeabi_double_init
 .text.double_table_shim_on_use_helper
                0x0000000010004938       0x2c CMakeFiles/picow_ds4.dir/home/sagar/pico/pico-sdk/src/rp2_common/pico_double/double_v1_rom_shim.S.obj
                0x0000000010004938                double_table_shim_on_use_helper
 .text.__aeabi_lmul
                0x0000000010004964       0x32 CMakeFiles/picow_ds4.dir/home/sagar/pico/pico-sdk/src/rp2_common/pico_int64_ops/pico_int64_ops_aeabi.S.obj
                0x0000000010004964                __wrap___aeabi_lmul
 *fill*         0x0000000010004996        0x2 
 .text.missing_float_func_shim
                0x0000000010004998        0xc CMakeFiles/picow_ds4.dir/home/sagar/pico/pico-sdk/src/rp2_common/pico_float/float_init_rom.c.obj
 .text.__aeabi_float_init
                0x00000000100049a4       0x5c CMakeFiles/picow_ds4.dir/home/sagar/pico/pico-sdk/src/rp2_common/pico_float/float_init_rom.c.obj
                0x00000000100049a4                __aeabi_float_init
 .text.__wrap_malloc
                0x0000000010004a00       0x3c CMakeFiles/picow_ds4.dir/home/sagar/pico/pico-sdk/src/rp2_common/pico_malloc/pico_malloc.c.obj
                0x0000000010004a00                __wrap_malloc
 .text.__wrap_calloc
                0x0000000010004a3c       0x40 CMakeFiles/picow_ds4.dir/home/sagar/pico/pico-sdk/src/rp2_common/pico_malloc/pico_malloc.c.obj
                0x0000000010004a3c                __wrap_calloc
 .text.__wrap_free
                0x0000000010004a7c       0x20 CMakeFiles/picow_ds4.dir/home/sagar/pico/pico-sdk/src/rp2_common/pico_malloc/pico_malloc.c.obj
                0x0000000010004a7c                __wrap_free
 .text          0x0000000010004a9c       0x10 CMakeFiles/picow_ds4.dir/home/sagar/pico/pico-sdk/src/rp2_common/pico_mem_ops/mem_ops_aeabi.S.obj
                0x0000000010004a9c                __aeabi_mem_init
 .text.memset   0x0000000010004aac        0xc CMakeFiles/picow_ds4.dir/home/sagar/pico/pico-sdk/src/rp2_common/pico_mem_ops/mem_ops_aeabi.S.obj
                0x0000000010004aac                __wrap_memset
 .text.memcpy   0x0000000010004ab8        0xc CMakeFiles/picow_ds4.dir/home/sagar/pico/pico-sdk/src/rp2_common/pico_mem_ops/mem_ops_aeabi.S.obj
                0x0000000010004ab8                __wrap___aeabi_memcpy
                0x0000000010004ab8                __wrap_memcpy
 .text.stdio_out_chars_no_crlf
                0x0000000010004ac4       0x10 CMakeFiles/picow_ds4.dir/home/sagar/pico/pico-sdk/src/rp2_common/pico_stdio/stdio.c.obj
 .text.stdio_out_chars_crlf
                0x0000000010004ad4       0xb4 CMakeFiles/picow_ds4.dir/home/sagar/pico/pico-sdk/src/rp2_common/pico_stdio/stdio.c.obj
 .text.stdio_buffered_printer
                0x0000000010004b88       0x64 CMakeFiles/picow_ds4.dir/home/sagar/pico/pico-sdk/src/rp2_common/pico_stdio/stdio.c.obj
 .text.stdio_put_string.isra.0
                0x0000000010004bec       0xfc CMakeFiles/picow_ds4.dir/home/sagar/pico/pico-sdk/src/rp2_common/pico_stdio/stdio.c.obj
 .text.__wrap_putchar
                0x0000000010004ce8       0x98 CMakeFiles/picow_ds4.dir/home/sagar/pico/pico-sdk/src/rp2_common/pico_stdio/stdio.c.obj
                0x0000000010004ce8                __wrap_putchar
 .text.__wrap_puts
                0x0000000010004d80       0x3c CMakeFiles/picow_ds4.dir/home/sagar/pico/pico-sdk/src/rp2_common/pico_stdio/stdio.c.obj
                0x0000000010004d80                __wrap_puts
 .text.stdio_set_driver_enabled
                0x0000000010004dbc       0x30 CMakeFiles/picow_ds4.dir/home/sagar/pico/pico-sdk/src/rp2_common/pico_stdio/stdio.c.obj
                0x0000000010004dbc                stdio_set_driver_enabled
 .text.__wrap_vprintf
                0x0000000010004dec       0xd8 CMakeFiles/picow_ds4.dir/home/sagar/pico/pico-sdk/src/rp2_common/pico_stdio/stdio.c.obj
                0x0000000010004dec                __wrap_vprintf
 .text.__wrap_printf
                0x0000000010004ec4       0x18 CMakeFiles/picow_ds4.dir/home/sagar/pico/pico-sdk/src/rp2_common/pico_stdio/stdio.c.obj
                0x0000000010004ec4                __wrap_printf
 .text.stdio_init_all
                0x0000000010004edc        0x8 CMakeFiles/picow_ds4.dir/home/sagar/pico/pico-sdk/src/rp2_common/pico_stdio/stdio.c.obj
                0x0000000010004edc                stdio_init_all
 .text.resetd_init
                0x0000000010004ee4        0x4 CMakeFiles/picow_ds4.dir/home/sagar/pico/pico-sdk/src/rp2_common/pico_stdio_usb/reset_interface.c.obj
 .text.resetd_reset
                0x0000000010004ee8        0xc CMakeFiles/picow_ds4.dir/home/sagar/pico/pico-sdk/src/rp2_common/pico_stdio_usb/reset_interface.c.obj
 .text.resetd_open
                0x0000000010004ef4       0x28 CMakeFiles/picow_ds4.dir/home/sagar/pico/pico-sdk/src/rp2_common/pico_stdio_usb/reset_interface.c.obj
 .text.resetd_xfer_cb
                0x0000000010004f1c        0x4 CMakeFiles/picow_ds4.dir/home/sagar/pico/pico-sdk/src/rp2_common/pico_stdio_usb/reset_interface.c.obj
 .text.resetd_control_xfer_cb
                0x0000000010004f20       0x64 CMakeFiles/picow_ds4.dir/home/sagar/pico/pico-sdk/src/rp2_common/pico_stdio_usb/reset_interface.c.obj
 .text.usbd_app_driver_get_cb
                0x0000000010004f84        0xc CMakeFiles/picow_ds4.dir/home/sagar/pico/pico-sdk/src/rp2_common/pico_stdio_usb/reset_interface.c.obj
                0x0000000010004f84                usbd_app_driver_get_cb
 .text.tud_cdc_line_coding_cb
                0x0000000010004f90       0x34 CMakeFiles/picow_ds4.dir/home/sagar/pico/pico-sdk/src/rp2_common/pico_stdio_usb/reset_interface.c.obj
                0x0000000010004f90                tud_cdc_line_coding_cb
 .text.stdio_usb_set_chars_available_callback
                0x0000000010004fc4       0x14 CMakeFiles/picow_ds4.dir/home/sagar/pico/pico-sdk/src/rp2_common/pico_stdio_usb/stdio_usb.c.obj
                0x0000000010004fc4                stdio_usb_set_chars_available_callback
 .text.usb_irq  0x0000000010004fd8       0x10 CMakeFiles/picow_ds4.dir/home/sagar/pico/pico-sdk/src/rp2_common/pico_stdio_usb/stdio_usb.c.obj
 .text.timer_task
                0x0000000010004fe8       0x54 CMakeFiles/picow_ds4.dir/home/sagar/pico/pico-sdk/src/rp2_common/pico_stdio_usb/stdio_usb.c.obj
 .text.stdio_usb_in_chars
                0x000000001000503c       0x90 CMakeFiles/picow_ds4.dir/home/sagar/pico/pico-sdk/src/rp2_common/pico_stdio_usb/stdio_usb.c.obj
                0x000000001000503c                stdio_usb_in_chars
 .text.stdio_usb_out_chars
                0x00000000100050cc      0x100 CMakeFiles/picow_ds4.dir/home/sagar/pico/pico-sdk/src/rp2_common/pico_stdio_usb/stdio_usb.c.obj
 .text.low_priority_worker_irq
                0x00000000100051cc       0xa8 CMakeFiles/picow_ds4.dir/home/sagar/pico/pico-sdk/src/rp2_common/pico_stdio_usb/stdio_usb.c.obj
 .text.tud_cdc_rx_cb
                0x0000000010005274       0x20 CMakeFiles/picow_ds4.dir/home/sagar/pico/pico-sdk/src/rp2_common/pico_stdio_usb/stdio_usb.c.obj
                0x0000000010005274                tud_cdc_rx_cb
 .text.stdio_usb_init
                0x0000000010005294       0xdc CMakeFiles/picow_ds4.dir/home/sagar/pico/pico-sdk/src/rp2_common/pico_stdio_usb/stdio_usb.c.obj
                0x0000000010005294                stdio_usb_init
 .text.tud_descriptor_device_cb
                0x0000000010005370        0x8 CMakeFiles/picow_ds4.dir/home/sagar/pico/pico-sdk/src/rp2_common/pico_stdio_usb/stdio_usb_descriptors.c.obj
                0x0000000010005370                tud_descriptor_device_cb
 .text.tud_descriptor_configuration_cb
                0x0000000010005378        0x8 CMakeFiles/picow_ds4.dir/home/sagar/pico/pico-sdk/src/rp2_common/pico_stdio_usb/stdio_usb_descriptors.c.obj
                0x0000000010005378                tud_descriptor_configuration_cb
 .text.tud_descriptor_string_cb
                0x0000000010005380       0x74 CMakeFiles/picow_ds4.dir/home/sagar/pico/pico-sdk/src/rp2_common/pico_stdio_usb/stdio_usb_descriptors.c.obj
                0x0000000010005380                tud_descriptor_string_cb
 .text.startup._retrieve_unique_id_on_boot
                0x00000000100053f4       0x10 CMakeFiles/picow_ds4.dir/home/sagar/pico/pico-sdk/src/rp2_common/pico_unique_id/unique_id.c.obj
 .text.pico_get_unique_board_id
                0x0000000010005404       0x10 CMakeFiles/picow_ds4.dir/home/sagar/pico/pico-sdk/src/rp2_common/pico_unique_id/unique_id.c.obj
                0x0000000010005404                pico_get_unique_board_id
 .text.pico_get_unique_board_id_string
                0x0000000010005414      0x1a8 CMakeFiles/picow_ds4.dir/home/sagar/pico/pico-sdk/src/rp2_common/pico_unique_id/unique_id.c.obj
                0x0000000010005414                pico_get_unique_board_id_string
 .text.flash_get_unique_id
                0x00000000100055bc       0x40 CMakeFiles/picow_ds4.dir/home/sagar/pico/pico-sdk/src/rp2_common/hardware_flash/flash.c.obj
                0x00000000100055bc                flash_get_unique_id
 .text.dcd_int_enable
                0x00000000100055fc        0xc CMakeFiles/picow_ds4.dir/home/sagar/pico/pico-sdk/lib/tinyusb/src/portable/raspberrypi/rp2040/dcd_rp2040.c.obj
                0x00000000100055fc                dcd_int_enable
 .text.dcd_set_address
                0x0000000010005608       0x14 CMakeFiles/picow_ds4.dir/home/sagar/pico/pico-sdk/lib/tinyusb/src/portable/raspberrypi/rp2040/dcd_rp2040.c.obj
                0x0000000010005608                dcd_set_address
 .text.dcd_connect
                0x000000001000561c       0x10 CMakeFiles/picow_ds4.dir/home/sagar/pico/pico-sdk/lib/tinyusb/src/portable/raspberrypi/rp2040/dcd_rp2040.c.obj
                0x000000001000561c                dcd_connect
 .text.dcd_init
                0x000000001000562c       0x98 CMakeFiles/picow_ds4.dir/home/sagar/pico/pico-sdk/lib/tinyusb/src/portable/raspberrypi/rp2040/dcd_rp2040.c.obj
                0x000000001000562c                dcd_init
 .text.dcd_edpt0_status_complete
                0x00000000100056c4       0x1c CMakeFiles/picow_ds4.dir/home/sagar/pico/pico-sdk/lib/tinyusb/src/portable/raspberrypi/rp2040/dcd_rp2040.c.obj
                0x00000000100056c4                dcd_edpt0_status_complete
 .text.dcd_edpt_open
                0x00000000100056e0      0x108 CMakeFiles/picow_ds4.dir/home/sagar/pico/pico-sdk/lib/tinyusb/src/portable/raspberrypi/rp2040/dcd_rp2040.c.obj
                0x00000000100056e0                dcd_edpt_open
 .text.dcd_edpt_close_all
                0x00000000100057e8        0x8 CMakeFiles/picow_ds4.dir/home/sagar/pico/pico-sdk/lib/tinyusb/src/portable/raspberrypi/rp2040/dcd_rp2040.c.obj
                0x00000000100057e8                dcd_edpt_close_all
 .text.dcd_edpt_xfer
                0x00000000100057f0       0x24 CMakeFiles/picow_ds4.dir/home/sagar/pico/pico-sdk/lib/tinyusb/src/portable/raspberrypi/rp2040/dcd_rp2040.c.obj
                0x00000000100057f0                dcd_edpt_xfer
 .text.dcd_edpt_stall
                0x0000000010005814       0x38 CMakeFiles/picow_ds4.dir/home/sagar/pico/pico-sdk/lib/tinyusb/src/portable/raspberrypi/rp2040/dcd_rp2040.c.obj
                0x0000000010005814                dcd_edpt_stall
 .text.dcd_edpt_clear_stall
                0x000000001000584c       0x30 CMakeFiles/picow_ds4.dir/home/sagar/pico/pico-sdk/lib/tinyusb/src/portable/raspberrypi/rp2040/dcd_rp2040.c.obj
                0x000000001000584c                dcd_edpt_clear_stall
 .text.rp2040_usb_init
                0x000000001000587c       0x4c CMakeFiles/picow_ds4.dir/home/sagar/pico/pico-sdk/lib/tinyusb/src/portable/raspberrypi/rp2040/rp2040_usb.c.obj
                0x000000001000587c                rp2040_usb_init
 .text.hw_endpoint_xfer_start
                0x00000000100058c8       0x50 CMakeFiles/picow_ds4.dir/home/sagar/pico/pico-sdk/lib/tinyusb/src/portable/raspberrypi/rp2040/rp2040_usb.c.obj
                0x00000000100058c8                hw_endpoint_xfer_start
 .text.tud_mounted
                0x0000000010005918       0x10 CMakeFiles/picow_ds4.dir/home/sagar/pico/pico-sdk/lib/tinyusb/src/device/usbd.c.obj
                0x0000000010005918                tud_mounted
 .text.tud_suspended
                0x0000000010005928       0x10 CMakeFiles/picow_ds4.dir/home/sagar/pico/pico-sdk/lib/tinyusb/src/device/usbd.c.obj
                0x0000000010005928                tud_suspended
 .text.tud_inited
                0x0000000010005938       0x14 CMakeFiles/picow_ds4.dir/home/sagar/pico/pico-sdk/lib/tinyusb/src/device/usbd.c.obj
                0x0000000010005938                tud_inited
 .text.tud_init
                0x000000001000594c       0xe4 CMakeFiles/picow_ds4.dir/home/sagar/pico/pico-sdk/lib/tinyusb/src/device/usbd.c.obj
                0x000000001000594c                tud_init
 .text.tud_task_ext
                0x0000000010005a30      0x854 CMakeFiles/picow_ds4.dir/home/sagar/pico/pico-sdk/lib/tinyusb/src/device/usbd.c.obj
                0x0000000010005a30                tud_task_ext
 .text.usbd_open_edpt_pair
                0x0000000010006284       0x9c CMakeFiles/picow_ds4.dir/home/sagar/pico/pico-sdk/lib/tinyusb/src/device/usbd.c.obj
                0x0000000010006284                usbd_open_edpt_pair
 .text.usbd_defer_func
                0x0000000010006320       0x48 CMakeFiles/picow_ds4.dir/home/sagar/pico/pico-sdk/lib/tinyusb/src/device/usbd.c.obj
                0x0000000010006320                usbd_defer_func
 .text.usbd_edpt_open
                0x0000000010006368       0x34 CMakeFiles/picow_ds4.dir/home/sagar/pico/pico-sdk/lib/tinyusb/src/device/usbd.c.obj
                0x0000000010006368                usbd_edpt_open
 .text.usbd_edpt_claim
                0x000000001000639c       0x28 CMakeFiles/picow_ds4.dir/home/sagar/pico/pico-sdk/lib/tinyusb/src/device/usbd.c.obj
                0x000000001000639c                usbd_edpt_claim
 .text.usbd_edpt_release
                0x00000000100063c4       0x28 CMakeFiles/picow_ds4.dir/home/sagar/pico/pico-sdk/lib/tinyusb/src/device/usbd.c.obj
                0x00000000100063c4                usbd_edpt_release
 .text.usbd_edpt_xfer
                0x00000000100063ec       0x4c CMakeFiles/picow_ds4.dir/home/sagar/pico/pico-sdk/lib/tinyusb/src/device/usbd.c.obj
                0x00000000100063ec                usbd_edpt_xfer
 .text.tud_control_status
                0x0000000010006438       0x30 CMakeFiles/picow_ds4.dir/home/sagar/pico/pico-sdk/lib/tinyusb/src/device/usbd_control.c.obj
                0x0000000010006438                tud_control_status
 .text.tud_control_xfer
                0x0000000010006468       0xbc CMakeFiles/picow_ds4.dir/home/sagar/pico/pico-sdk/lib/tinyusb/src/device/usbd_control.c.obj
                0x0000000010006468                tud_control_xfer
 .text.usbd_control_reset
                0x0000000010006524       0x14 CMakeFiles/picow_ds4.dir/home/sagar/pico/pico-sdk/lib/tinyusb/src/device/usbd_control.c.obj
                0x0000000010006524                usbd_control_reset
 .text.usbd_control_set_complete_callback
                0x0000000010006538        0xc CMakeFiles/picow_ds4.dir/home/sagar/pico/pico-sdk/lib/tinyusb/src/device/usbd_control.c.obj
                0x0000000010006538                usbd_control_set_complete_callback
 .text.usbd_control_set_request
                0x0000000010006544       0x1c CMakeFiles/picow_ds4.dir/home/sagar/pico/pico-sdk/lib/tinyusb/src/device/usbd_control.c.obj
                0x0000000010006544                usbd_control_set_request
 .text.usbd_control_xfer_cb
                0x0000000010006560       0xfc CMakeFiles/picow_ds4.dir/home/sagar/pico/pico-sdk/lib/tinyusb/src/device/usbd_control.c.obj
                0x0000000010006560                usbd_control_xfer_cb
 .text.tud_cdc_n_connected
                0x000000001000665c       0x30 CMakeFiles/picow_ds4.dir/home/sagar/pico/pico-sdk/lib/tinyusb/src/class/cdc/cdc_device.c.obj
                0x000000001000665c                tud_cdc_n_connected
 .text.tud_cdc_n_available
                0x000000001000668c       0x18 CMakeFiles/picow_ds4.dir/home/sagar/pico/pico-sdk/lib/tinyusb/src/class/cdc/cdc_device.c.obj
                0x000000001000668c                tud_cdc_n_available
 .text.tud_cdc_n_read
                0x00000000100066a4       0x70 CMakeFiles/picow_ds4.dir/home/sagar/pico/pico-sdk/lib/tinyusb/src/class/cdc/cdc_device.c.obj
                0x00000000100066a4                tud_cdc_n_read
 .text.tud_cdc_n_write_flush
                0x0000000010006714       0x78 CMakeFiles/picow_ds4.dir/home/sagar/pico/pico-sdk/lib/tinyusb/src/class/cdc/cdc_device.c.obj
                0x0000000010006714                tud_cdc_n_write_flush
 .text.tud_cdc_n_write
                0x000000001000678c       0x34 CMakeFiles/picow_ds4.dir/home/sagar/pico/pico-sdk/lib/tinyusb/src/class/cdc/cdc_device.c.obj
                0x000000001000678c                tud_cdc_n_write
 .text.tud_cdc_n_write_available
                0x00000000100067c0       0x18 CMakeFiles/picow_ds4.dir/home/sagar/pico/pico-sdk/lib/tinyusb/src/class/cdc/cdc_device.c.obj
                0x00000000100067c0                tud_cdc_n_write_available
 .text.cdcd_init
                0x00000000100067d8       0x7c CMakeFiles/picow_ds4.dir/home/sagar/pico/pico-sdk/lib/tinyusb/src/class/cdc/cdc_device.c.obj
                0x00000000100067d8                cdcd_init
 .text.cdcd_reset
                0x0000000010006854       0x2c CMakeFiles/picow_ds4.dir/home/sagar/pico/pico-sdk/lib/tinyusb/src/class/cdc/cdc_device.c.obj
                0x0000000010006854                cdcd_reset
 .text.cdcd_open
                0x0000000010006880       0xe8 CMakeFiles/picow_ds4.dir/home/sagar/pico/pico-sdk/lib/tinyusb/src/class/cdc/cdc_device.c.obj
                0x0000000010006880                cdcd_open
 .text.cdcd_control_xfer_cb
                0x0000000010006968       0xe4 CMakeFiles/picow_ds4.dir/home/sagar/pico/pico-sdk/lib/tinyusb/src/class/cdc/cdc_device.c.obj
                0x0000000010006968                cdcd_control_xfer_cb
 .text.cdcd_xfer_cb
                0x0000000010006a4c      0x148 CMakeFiles/picow_ds4.dir/home/sagar/pico/pico-sdk/lib/tinyusb/src/class/cdc/cdc_device.c.obj
                0x0000000010006a4c                cdcd_xfer_cb
 .text.tusb_init
                0x0000000010006b94        0xc CMakeFiles/picow_ds4.dir/home/sagar/pico/pico-sdk/lib/tinyusb/src/tusb.c.obj
                0x0000000010006b94                tusb_init
 .text.tusb_inited
                0x0000000010006ba0        0x8 CMakeFiles/picow_ds4.dir/home/sagar/pico/pico-sdk/lib/tinyusb/src/tusb.c.obj
                0x0000000010006ba0                tusb_inited
 .text.tu_edpt_claim
                0x0000000010006ba8       0x50 CMakeFiles/picow_ds4.dir/home/sagar/pico/pico-sdk/lib/tinyusb/src/tusb.c.obj
                0x0000000010006ba8                tu_edpt_claim
 .text.tu_edpt_release
                0x0000000010006bf8       0x38 CMakeFiles/picow_ds4.dir/home/sagar/pico/pico-sdk/lib/tinyusb/src/tusb.c.obj
                0x0000000010006bf8                tu_edpt_release
 .text.tu_edpt_validate
                0x0000000010006c30       0x78 CMakeFiles/picow_ds4.dir/home/sagar/pico/pico-sdk/lib/tinyusb/src/tusb.c.obj
                0x0000000010006c30                tu_edpt_validate
 .text.tu_edpt_bind_driver
                0x0000000010006ca8       0x34 CMakeFiles/picow_ds4.dir/home/sagar/pico/pico-sdk/lib/tinyusb/src/tusb.c.obj
                0x0000000010006ca8                tu_edpt_bind_driver
 .text.tu_fifo_config
                0x0000000010006cdc       0x70 CMakeFiles/picow_ds4.dir/home/sagar/pico/pico-sdk/lib/tinyusb/src/common/tusb_fifo.c.obj
                0x0000000010006cdc                tu_fifo_config
 .text.tu_fifo_count
                0x0000000010006d4c       0x2c CMakeFiles/picow_ds4.dir/home/sagar/pico/pico-sdk/lib/tinyusb/src/common/tusb_fifo.c.obj
                0x0000000010006d4c                tu_fifo_count
 .text.tu_fifo_empty
                0x0000000010006d78       0x10 CMakeFiles/picow_ds4.dir/home/sagar/pico/pico-sdk/lib/tinyusb/src/common/tusb_fifo.c.obj
                0x0000000010006d78                tu_fifo_empty
 .text.tu_fifo_remaining
                0x0000000010006d88       0x2c CMakeFiles/picow_ds4.dir/home/sagar/pico/pico-sdk/lib/tinyusb/src/common/tusb_fifo.c.obj
                0x0000000010006d88                tu_fifo_remaining
 .text.tu_fifo_read
                0x0000000010006db4       0xa0 CMakeFiles/picow_ds4.dir/home/sagar/pico/pico-sdk/lib/tinyusb/src/common/tusb_fifo.c.obj
                0x0000000010006db4                tu_fifo_read
 .text.tu_fifo_read_n
                0x0000000010006e54       0xec CMakeFiles/picow_ds4.dir/home/sagar/pico/pico-sdk/lib/tinyusb/src/common/tusb_fifo.c.obj
                0x0000000010006e54                tu_fifo_read_n
 .text.tu_fifo_write
                0x0000000010006f40       0x88 CMakeFiles/picow_ds4.dir/home/sagar/pico/pico-sdk/lib/tinyusb/src/common/tusb_fifo.c.obj
                0x0000000010006f40                tu_fifo_write
 .text.tu_fifo_write_n
                0x0000000010006fc8      0x168 CMakeFiles/picow_ds4.dir/home/sagar/pico/pico-sdk/lib/tinyusb/src/common/tusb_fifo.c.obj
                0x0000000010006fc8                tu_fifo_write_n
 .text.tu_fifo_clear
                0x0000000010007130       0x40 CMakeFiles/picow_ds4.dir/home/sagar/pico/pico-sdk/lib/tinyusb/src/common/tusb_fifo.c.obj
                0x0000000010007130                tu_fifo_clear
 .text.tu_fifo_set_overwritable
                0x0000000010007170       0x48 CMakeFiles/picow_ds4.dir/home/sagar/pico/pico-sdk/lib/tinyusb/src/common/tusb_fifo.c.obj
                0x0000000010007170                tu_fifo_set_overwritable
 .text.cyw43_arch_set_async_context
                0x00000000100071b8        0xc CMakeFiles/picow_ds4.dir/home/sagar/pico/pico-sdk/src/rp2_common/pico_cyw43_arch/cyw43_arch.c.obj
                0x00000000100071b8                cyw43_arch_set_async_context
 .text.cyw43_arch_gpio_put
                0x00000000100071c4       0x14 CMakeFiles/picow_ds4.dir/home/sagar/pico/pico-sdk/src/rp2_common/pico_cyw43_arch/cyw43_arch.c.obj
                0x00000000100071c4                cyw43_arch_gpio_put
 .text.cyw43_arch_async_context
                0x00000000100071d8        0xc CMakeFiles/picow_ds4.dir/home/sagar/pico/pico-sdk/src/rp2_common/pico_cyw43_arch/cyw43_arch.c.obj
                0x00000000100071d8                cyw43_arch_async_context
 .text.cyw43_arch_init
                0x00000000100071e4       0x80 CMakeFiles/picow_ds4.dir/home/sagar/pico/pico-sdk/src/rp2_common/pico_cyw43_arch/cyw43_arch_threadsafe_background.c.obj
                0x00000000100071e4                cyw43_arch_init
 .text.ns_delay.constprop.0
                0x0000000010007264       0x20 CMakeFiles/picow_ds4.dir/home/sagar/pico/pico-sdk/src/rp2_common/pico_cyw43_driver/cyw43_bus_pio_spi.c.obj
 .text.cyw43_spi_deinit
                0x0000000010007284       0x7c CMakeFiles/picow_ds4.dir/home/sagar/pico/pico-sdk/src/rp2_common/pico_cyw43_driver/cyw43_bus_pio_spi.c.obj
                0x0000000010007284                cyw43_spi_deinit
 .text.cyw43_spi_init
                0x0000000010007300      0x154 CMakeFiles/picow_ds4.dir/home/sagar/pico/pico-sdk/src/rp2_common/pico_cyw43_driver/cyw43_bus_pio_spi.c.obj
                0x0000000010007300                cyw43_spi_init
 .text.cyw43_spi_transfer
                0x0000000010007454      0x430 CMakeFiles/picow_ds4.dir/home/sagar/pico/pico-sdk/src/rp2_common/pico_cyw43_driver/cyw43_bus_pio_spi.c.obj
                0x0000000010007454                cyw43_spi_transfer
 .text.cyw43_spi_gpio_setup
                0x0000000010007884       0x3c CMakeFiles/picow_ds4.dir/home/sagar/pico/pico-sdk/src/rp2_common/pico_cyw43_driver/cyw43_bus_pio_spi.c.obj
                0x0000000010007884                cyw43_spi_gpio_setup
 .text.cyw43_spi_reset
                0x00000000100078c0       0x28 CMakeFiles/picow_ds4.dir/home/sagar/pico/pico-sdk/src/rp2_common/pico_cyw43_driver/cyw43_bus_pio_spi.c.obj
                0x00000000100078c0                cyw43_spi_reset
 .text.read_reg_u32_swap
                0x00000000100078e8       0x3c CMakeFiles/picow_ds4.dir/home/sagar/pico/pico-sdk/src/rp2_common/pico_cyw43_driver/cyw43_bus_pio_spi.c.obj
                0x00000000100078e8                read_reg_u32_swap
 .text.cyw43_read_reg_u32
                0x0000000010007924       0x6c CMakeFiles/picow_ds4.dir/home/sagar/pico/pico-sdk/src/rp2_common/pico_cyw43_driver/cyw43_bus_pio_spi.c.obj
                0x0000000010007924                cyw43_read_reg_u32
 .text.cyw43_read_reg_u16
                0x0000000010007990       0x6c CMakeFiles/picow_ds4.dir/home/sagar/pico/pico-sdk/src/rp2_common/pico_cyw43_driver/cyw43_bus_pio_spi.c.obj
                0x0000000010007990                cyw43_read_reg_u16
 .text.cyw43_read_reg_u8
                0x00000000100079fc       0x6c CMakeFiles/picow_ds4.dir/home/sagar/pico/pico-sdk/src/rp2_common/pico_cyw43_driver/cyw43_bus_pio_spi.c.obj
                0x00000000100079fc                cyw43_read_reg_u8
 .text.write_reg_u32_swap
                0x0000000010007a68      0x1e0 CMakeFiles/picow_ds4.dir/home/sagar/pico/pico-sdk/src/rp2_common/pico_cyw43_driver/cyw43_bus_pio_spi.c.obj
                0x0000000010007a68                write_reg_u32_swap
 .text.cyw43_write_reg_u32
                0x0000000010007c48      0x200 CMakeFiles/picow_ds4.dir/home/sagar/pico/pico-sdk/src/rp2_common/pico_cyw43_driver/cyw43_bus_pio_spi.c.obj
                0x0000000010007c48                cyw43_write_reg_u32
 .text.cyw43_write_reg_u16
                0x0000000010007e48      0x200 CMakeFiles/picow_ds4.dir/home/sagar/pico/pico-sdk/src/rp2_common/pico_cyw43_driver/cyw43_bus_pio_spi.c.obj
                0x0000000010007e48                cyw43_write_reg_u16
 .text.cyw43_write_reg_u8
                0x0000000010008048      0x200 CMakeFiles/picow_ds4.dir/home/sagar/pico/pico-sdk/src/rp2_common/pico_cyw43_driver/cyw43_bus_pio_spi.c.obj
                0x0000000010008048                cyw43_write_reg_u8
 .text.cyw43_read_bytes
                0x0000000010008248       0x78 CMakeFiles/picow_ds4.dir/home/sagar/pico/pico-sdk/src/rp2_common/pico_cyw43_driver/cyw43_bus_pio_spi.c.obj
                0x0000000010008248                cyw43_read_bytes
 .text.cyw43_write_bytes
                0x00000000100082c0       0xec CMakeFiles/picow_ds4.dir/home/sagar/pico/pico-sdk/src/rp2_common/pico_cyw43_driver/cyw43_bus_pio_spi.c.obj
                0x00000000100082c0                cyw43_write_bytes
 .text.cyw43_set_backplane_window
                0x00000000100083ac       0x64 CMakeFiles/picow_ds4.dir/home/sagar/pico/pico-sdk/lib/cyw43-driver/src/cyw43_ll.c.obj
 .text.cyw43_ll_parse_async_event
                0x0000000010008410      0x13c CMakeFiles/picow_ds4.dir/home/sagar/pico/pico-sdk/lib/cyw43-driver/src/cyw43_ll.c.obj
 .text.cyw43_kso_set
                0x000000001000854c       0xa0 CMakeFiles/picow_ds4.dir/home/sagar/pico/pico-sdk/lib/cyw43-driver/src/cyw43_ll.c.obj
 .text.cyw43_ll_sdpcm_poll_device
                0x00000000100085ec      0x238 CMakeFiles/picow_ds4.dir/home/sagar/pico/pico-sdk/lib/cyw43-driver/src/cyw43_ll.c.obj
 .text.cyw43_sdpcm_send_common
                0x0000000010008824       0xf0 CMakeFiles/picow_ds4.dir/home/sagar/pico/pico-sdk/lib/cyw43-driver/src/cyw43_ll.c.obj
 .text.cyw43_do_ioctl
                0x0000000010008914      0x110 CMakeFiles/picow_ds4.dir/home/sagar/pico/pico-sdk/lib/cyw43-driver/src/cyw43_ll.c.obj
 .text.cyw43_do_ioctl.constprop.0
                0x0000000010008a24      0x108 CMakeFiles/picow_ds4.dir/home/sagar/pico/pico-sdk/lib/cyw43-driver/src/cyw43_ll.c.obj
 .text.cyw43_write_backplane
                0x0000000010008b2c      0x104 CMakeFiles/picow_ds4.dir/home/sagar/pico/pico-sdk/lib/cyw43-driver/src/cyw43_ll.c.obj
 .text.reset_device_core.constprop.0
                0x0000000010008c30      0x3f0 CMakeFiles/picow_ds4.dir/home/sagar/pico/pico-sdk/lib/cyw43-driver/src/cyw43_ll.c.obj
 .text.cyw43_ll_init
                0x0000000010009020       0x1c CMakeFiles/picow_ds4.dir/home/sagar/pico/pico-sdk/lib/cyw43-driver/src/cyw43_ll.c.obj
                0x0000000010009020                cyw43_ll_init
 .text.cyw43_ll_deinit
                0x000000001000903c        0x8 CMakeFiles/picow_ds4.dir/home/sagar/pico/pico-sdk/lib/cyw43-driver/src/cyw43_ll.c.obj
                0x000000001000903c                cyw43_ll_deinit
 .text.cyw43_ll_process_packets
                0x0000000010009044       0x54 CMakeFiles/picow_ds4.dir/home/sagar/pico/pico-sdk/lib/cyw43-driver/src/cyw43_ll.c.obj
                0x0000000010009044                cyw43_ll_process_packets
 .text.cyw43_ll_ioctl
                0x0000000010009098       0x20 CMakeFiles/picow_ds4.dir/home/sagar/pico/pico-sdk/lib/cyw43-driver/src/cyw43_ll.c.obj
                0x0000000010009098                cyw43_ll_ioctl
 .text.cyw43_ll_bus_sleep
                0x00000000100090b8       0x34 CMakeFiles/picow_ds4.dir/home/sagar/pico/pico-sdk/lib/cyw43-driver/src/cyw43_ll.c.obj
                0x00000000100090b8                cyw43_ll_bus_sleep
 .text.cyw43_ll_bus_init
                0x00000000100090ec      0xa24 CMakeFiles/picow_ds4.dir/home/sagar/pico/pico-sdk/lib/cyw43-driver/src/cyw43_ll.c.obj
                0x00000000100090ec                cyw43_ll_bus_init
 .text.cyw43_ll_wifi_get_mac
                0x0000000010009b10       0x44 CMakeFiles/picow_ds4.dir/home/sagar/pico/pico-sdk/lib/cyw43-driver/src/cyw43_ll.c.obj
                0x0000000010009b10                cyw43_ll_wifi_get_mac
 .text.cyw43_ll_wifi_set_wpa_auth
                0x0000000010009b54       0x2c CMakeFiles/picow_ds4.dir/home/sagar/pico/pico-sdk/lib/cyw43-driver/src/cyw43_ll.c.obj
                0x0000000010009b54                cyw43_ll_wifi_set_wpa_auth
 .text.cyw43_ll_wifi_rejoin
                0x0000000010009b80       0x1c CMakeFiles/picow_ds4.dir/home/sagar/pico/pico-sdk/lib/cyw43-driver/src/cyw43_ll.c.obj
                0x0000000010009b80                cyw43_ll_wifi_rejoin
 .text.cyw43_ll_gpio_set
                0x0000000010009b9c       0x6c CMakeFiles/picow_ds4.dir/home/sagar/pico/pico-sdk/lib/cyw43-driver/src/cyw43_ll.c.obj
                0x0000000010009b9c                cyw43_ll_gpio_set
 .text.cyw43_ll_has_work
                0x0000000010009c08       0x14 CMakeFiles/picow_ds4.dir/home/sagar/pico/pico-sdk/lib/cyw43-driver/src/cyw43_ll.c.obj
                0x0000000010009c08                cyw43_ll_has_work
 .text.cyw43_ll_bt_has_work
                0x0000000010009c1c      0x16c CMakeFiles/picow_ds4.dir/home/sagar/pico/pico-sdk/lib/cyw43-driver/src/cyw43_ll.c.obj
                0x0000000010009c1c                cyw43_ll_bt_has_work
 .text.cyw43_ll_write_backplane_reg
                0x0000000010009d88       0xdc CMakeFiles/picow_ds4.dir/home/sagar/pico/pico-sdk/lib/cyw43-driver/src/cyw43_ll.c.obj
                0x0000000010009d88                cyw43_ll_write_backplane_reg
 .text.cyw43_ll_read_backplane_reg
                0x0000000010009e64       0xdc CMakeFiles/picow_ds4.dir/home/sagar/pico/pico-sdk/lib/cyw43-driver/src/cyw43_ll.c.obj
                0x0000000010009e64                cyw43_ll_read_backplane_reg
 .text.cyw43_ll_write_backplane_mem
                0x0000000010009f40      0x148 CMakeFiles/picow_ds4.dir/home/sagar/pico/pico-sdk/lib/cyw43-driver/src/cyw43_ll.c.obj
                0x0000000010009f40                cyw43_ll_write_backplane_mem
 .text.cyw43_ll_read_backplane_mem
                0x000000001000a088       0xf4 CMakeFiles/picow_ds4.dir/home/sagar/pico/pico-sdk/lib/cyw43-driver/src/cyw43_ll.c.obj
                0x000000001000a088                cyw43_ll_read_backplane_mem
 .text.cyw43_poll_func
                0x000000001000a17c       0xbc CMakeFiles/picow_ds4.dir/home/sagar/pico/pico-sdk/lib/cyw43-driver/src/cyw43_ctrl.c.obj
 .text.cyw43_init
                0x000000001000a238       0x74 CMakeFiles/picow_ds4.dir/home/sagar/pico/pico-sdk/lib/cyw43-driver/src/cyw43_ctrl.c.obj
                0x000000001000a238                cyw43_init
 .text.cyw43_deinit
                0x000000001000a2ac       0x98 CMakeFiles/picow_ds4.dir/home/sagar/pico/pico-sdk/lib/cyw43-driver/src/cyw43_ctrl.c.obj
                0x000000001000a2ac                cyw43_deinit
 .text.cyw43_cb_read_host_interrupt_pin
                0x000000001000a344        0xc CMakeFiles/picow_ds4.dir/home/sagar/pico/pico-sdk/lib/cyw43-driver/src/cyw43_ctrl.c.obj
                0x000000001000a344                cyw43_cb_read_host_interrupt_pin
 .text.cyw43_cb_ensure_awake
                0x000000001000a350        0xc CMakeFiles/picow_ds4.dir/home/sagar/pico/pico-sdk/lib/cyw43-driver/src/cyw43_ctrl.c.obj
                0x000000001000a350                cyw43_cb_ensure_awake
 .text.cyw43_cb_process_async_event
                0x000000001000a35c      0x228 CMakeFiles/picow_ds4.dir/home/sagar/pico/pico-sdk/lib/cyw43-driver/src/cyw43_ctrl.c.obj
                0x000000001000a35c                cyw43_cb_process_async_event
 .text.cyw43_gpio_set
                0x000000001000a584       0xa0 CMakeFiles/picow_ds4.dir/home/sagar/pico/pico-sdk/lib/cyw43-driver/src/cyw43_ctrl.c.obj
                0x000000001000a584                cyw43_gpio_set
 .text.cyw43_bluetooth_hci_init
                0x000000001000a624       0xac CMakeFiles/picow_ds4.dir/home/sagar/pico/pico-sdk/lib/cyw43-driver/src/cyw43_ctrl.c.obj
                0x000000001000a624                cyw43_bluetooth_hci_init
 .text.cyw43_bluetooth_hci_read
                0x000000001000a6d0       0xec CMakeFiles/picow_ds4.dir/home/sagar/pico/pico-sdk/lib/cyw43-driver/src/cyw43_ctrl.c.obj
                0x000000001000a6d0                cyw43_bluetooth_hci_read
 .text.cyw43_bluetooth_hci_write
                0x000000001000a7bc       0xd8 CMakeFiles/picow_ds4.dir/home/sagar/pico/pico-sdk/lib/cyw43-driver/src/cyw43_ctrl.c.obj
                0x000000001000a7bc                cyw43_bluetooth_hci_write
 .text.cybt_hci_read
                0x000000001000a894      0x230 CMakeFiles/picow_ds4.dir/home/sagar/pico/pico-sdk/src/rp2_common/pico_cyw43_driver/cybt_shared_bus/cybt_shared_bus.c.obj
 .text.cyw43_btbus_init
                0x000000001000aac4      0x1b8 CMakeFiles/picow_ds4.dir/home/sagar/pico/pico-sdk/src/rp2_common/pico_cyw43_driver/cybt_shared_bus/cybt_shared_bus.c.obj
                0x000000001000aac4                cyw43_btbus_init
 .text.cyw43_btbus_write
                0x000000001000ac7c      0x148 CMakeFiles/picow_ds4.dir/home/sagar/pico/pico-sdk/src/rp2_common/pico_cyw43_driver/cybt_shared_bus/cybt_shared_bus.c.obj
                0x000000001000ac7c                cyw43_btbus_write
 .text.cyw43_btbus_read
                0x000000001000adc4      0x230 CMakeFiles/picow_ds4.dir/home/sagar/pico/pico-sdk/src/rp2_common/pico_cyw43_driver/cybt_shared_bus/cybt_shared_bus.c.obj
                0x000000001000adc4                cyw43_btbus_read
 .text.cybt_fw_download
                0x000000001000aff4      0x3fc CMakeFiles/picow_ds4.dir/home/sagar/pico/pico-sdk/src/rp2_common/pico_cyw43_driver/cybt_shared_bus/cybt_shared_bus_driver.c.obj
                0x000000001000aff4                cybt_fw_download
 .text.cybt_set_host_ready
                0x000000001000b3f0       0x2c CMakeFiles/picow_ds4.dir/home/sagar/pico/pico-sdk/src/rp2_common/pico_cyw43_driver/cybt_shared_bus/cybt_shared_bus_driver.c.obj
                0x000000001000b3f0                cybt_set_host_ready
 .text.cybt_ready
                0x000000001000b41c       0x1c CMakeFiles/picow_ds4.dir/home/sagar/pico/pico-sdk/src/rp2_common/pico_cyw43_driver/cybt_shared_bus/cybt_shared_bus_driver.c.obj
                0x000000001000b41c                cybt_ready
 .text.cybt_awake
                0x000000001000b438       0x1c CMakeFiles/picow_ds4.dir/home/sagar/pico/pico-sdk/src/rp2_common/pico_cyw43_driver/cybt_shared_bus/cybt_shared_bus_driver.c.obj
                0x000000001000b438                cybt_awake
 .text.cybt_set_bt_awake
                0x000000001000b454       0x3c CMakeFiles/picow_ds4.dir/home/sagar/pico/pico-sdk/src/rp2_common/pico_cyw43_driver/cybt_shared_bus/cybt_shared_bus_driver.c.obj
                0x000000001000b454                cybt_set_bt_awake
 .text.cybt_debug_dump
                0x000000001000b490       0x88 CMakeFiles/picow_ds4.dir/home/sagar/pico/pico-sdk/src/rp2_common/pico_cyw43_driver/cybt_shared_bus/cybt_shared_bus_driver.c.obj
                0x000000001000b490                cybt_debug_dump
 .text.cybt_toggle_bt_intr
                0x000000001000b518       0x40 CMakeFiles/picow_ds4.dir/home/sagar/pico/pico-sdk/src/rp2_common/pico_cyw43_driver/cybt_shared_bus/cybt_shared_bus_driver.c.obj
                0x000000001000b518                cybt_toggle_bt_intr
 .text.cybt_get_bt_buf_index
                0x000000001000b558       0xc8 CMakeFiles/picow_ds4.dir/home/sagar/pico/pico-sdk/src/rp2_common/pico_cyw43_driver/cybt_shared_bus/cybt_shared_bus_driver.c.obj
                0x000000001000b558                cybt_get_bt_buf_index
 .text.cybt_reg_write_idx
                0x000000001000b620       0x5c CMakeFiles/picow_ds4.dir/home/sagar/pico/pico-sdk/src/rp2_common/pico_cyw43_driver/cybt_shared_bus/cybt_shared_bus_driver.c.obj
                0x000000001000b620                cybt_reg_write_idx
 .text.cybt_mem_write_idx
                0x000000001000b67c       0xa0 CMakeFiles/picow_ds4.dir/home/sagar/pico/pico-sdk/src/rp2_common/pico_cyw43_driver/cybt_shared_bus/cybt_shared_bus_driver.c.obj
                0x000000001000b67c                cybt_mem_write_idx
 .text.cybt_mem_read_idx
                0x000000001000b71c       0x9c CMakeFiles/picow_ds4.dir/home/sagar/pico/pico-sdk/src/rp2_common/pico_cyw43_driver/cybt_shared_bus/cybt_shared_bus_driver.c.obj
                0x000000001000b71c                cybt_mem_read_idx
 .text.cybt_init_buffer
                0x000000001000b7b8       0xc0 CMakeFiles/picow_ds4.dir/home/sagar/pico/pico-sdk/src/rp2_common/pico_cyw43_driver/cybt_shared_bus/cybt_shared_bus_driver.c.obj
                0x000000001000b7b8                cybt_init_buffer
 .text.cybt_sharedbus_driver_init
                0x000000001000b878        0xc CMakeFiles/picow_ds4.dir/home/sagar/pico/pico-sdk/src/rp2_common/pico_cyw43_driver/cybt_shared_bus/cybt_shared_bus_driver.c.obj
                0x000000001000b878                cybt_sharedbus_driver_init
 .text.pio_sm_unclaim
                0x000000001000b884       0x20 CMakeFiles/picow_ds4.dir/home/sagar/pico/pico-sdk/src/rp2_common/hardware_pio/pio.c.obj
                0x000000001000b884                pio_sm_unclaim
 .text.pio_claim_unused_sm
                0x000000001000b8a4       0x3c CMakeFiles/picow_ds4.dir/home/sagar/pico/pico-sdk/src/rp2_common/hardware_pio/pio.c.obj
                0x000000001000b8a4                pio_claim_unused_sm
 .text.pio_can_add_program
                0x000000001000b8e0       0x68 CMakeFiles/picow_ds4.dir/home/sagar/pico/pico-sdk/src/rp2_common/hardware_pio/pio.c.obj
                0x000000001000b8e0                pio_can_add_program
 .text.pio_add_program
                0x000000001000b948       0xc8 CMakeFiles/picow_ds4.dir/home/sagar/pico/pico-sdk/src/rp2_common/hardware_pio/pio.c.obj
                0x000000001000b948                pio_add_program
 .text.pio_remove_program
                0x000000001000ba10       0x34 CMakeFiles/picow_ds4.dir/home/sagar/pico/pico-sdk/src/rp2_common/hardware_pio/pio.c.obj
                0x000000001000ba10                pio_remove_program
 .text.pio_sm_set_pindirs_with_mask
                0x000000001000ba44       0xa4 CMakeFiles/picow_ds4.dir/home/sagar/pico/pico-sdk/src/rp2_common/hardware_pio/pio.c.obj
                0x000000001000ba44                pio_sm_set_pindirs_with_mask
 .text.pio_sm_set_consecutive_pindirs
                0x000000001000bae8       0xb0 CMakeFiles/picow_ds4.dir/home/sagar/pico/pico-sdk/src/rp2_common/hardware_pio/pio.c.obj
                0x000000001000bae8                pio_sm_set_consecutive_pindirs
 .text.dma_channel_unclaim
                0x000000001000bb98       0x10 CMakeFiles/picow_ds4.dir/home/sagar/pico/pico-sdk/src/rp2_common/hardware_dma/dma.c.obj
                0x000000001000bb98                dma_channel_unclaim
 .text.dma_claim_unused_channel
                0x000000001000bba8       0x20 CMakeFiles/picow_ds4.dir/home/sagar/pico/pico-sdk/src/rp2_common/hardware_dma/dma.c.obj
                0x000000001000bba8                dma_claim_unused_channel
 .text.dma_channel_cleanup
                0x000000001000bbc8       0x60 CMakeFiles/picow_ds4.dir/home/sagar/pico/pico-sdk/src/rp2_common/hardware_dma/dma.c.obj
                0x000000001000bbc8                dma_channel_cleanup
 .text.cyw43_sleep_timeout_reached
                0x000000001000bc28       0x10 CMakeFiles/picow_ds4.dir/home/sagar/pico/pico-sdk/src/rp2_common/pico_cyw43_driver/cyw43_driver.c.obj
 .text.cyw43_irq_init
                0x000000001000bc38       0x28 CMakeFiles/picow_ds4.dir/home/sagar/pico/pico-sdk/src/rp2_common/pico_cyw43_driver/cyw43_driver.c.obj
                0x000000001000bc38                cyw43_irq_init
 .text.cyw43_irq_deinit
                0x000000001000bc60       0x20 CMakeFiles/picow_ds4.dir/home/sagar/pico/pico-sdk/src/rp2_common/pico_cyw43_driver/cyw43_driver.c.obj
                0x000000001000bc60                cyw43_irq_deinit
 .text.cyw43_gpio_irq_handler
                0x000000001000bc80       0x44 CMakeFiles/picow_ds4.dir/home/sagar/pico/pico-sdk/src/rp2_common/pico_cyw43_driver/cyw43_driver.c.obj
 .text.cyw43_do_poll
                0x000000001000bcc4       0x6c CMakeFiles/picow_ds4.dir/home/sagar/pico/pico-sdk/src/rp2_common/pico_cyw43_driver/cyw43_driver.c.obj
 .text.cyw43_post_poll_hook
                0x000000001000bd30       0x10 CMakeFiles/picow_ds4.dir/home/sagar/pico/pico-sdk/src/rp2_common/pico_cyw43_driver/cyw43_driver.c.obj
                0x000000001000bd30                cyw43_post_poll_hook
 .text.cyw43_schedule_internal_poll_dispatch
                0x000000001000bd40       0x18 CMakeFiles/picow_ds4.dir/home/sagar/pico/pico-sdk/src/rp2_common/pico_cyw43_driver/cyw43_driver.c.obj
                0x000000001000bd40                cyw43_schedule_internal_poll_dispatch
 .text.cyw43_driver_init
                0x000000001000bd58       0x38 CMakeFiles/picow_ds4.dir/home/sagar/pico/pico-sdk/src/rp2_common/pico_cyw43_driver/cyw43_driver.c.obj
                0x000000001000bd58                cyw43_driver_init
 .text.cyw43_driver_deinit
                0x000000001000bd90       0x44 CMakeFiles/picow_ds4.dir/home/sagar/pico/pico-sdk/src/rp2_common/pico_cyw43_driver/cyw43_driver.c.obj
                0x000000001000bd90                cyw43_driver_deinit
 .text.cyw43_hal_generate_laa_mac
                0x000000001000bdd4       0x28 CMakeFiles/picow_ds4.dir/home/sagar/pico/pico-sdk/src/rp2_common/pico_cyw43_driver/cyw43_driver.c.obj
                0x000000001000bdd4                cyw43_hal_generate_laa_mac
 .text.cyw43_hal_get_mac
                0x000000001000bdfc       0x1c CMakeFiles/picow_ds4.dir/home/sagar/pico/pico-sdk/src/rp2_common/pico_cyw43_driver/cyw43_driver.c.obj
                0x000000001000bdfc                cyw43_hal_get_mac
 .text.cyw43_thread_enter
                0x000000001000be18       0x14 CMakeFiles/picow_ds4.dir/home/sagar/pico/pico-sdk/src/rp2_common/pico_cyw43_driver/cyw43_driver.c.obj
                0x000000001000be18                cyw43_thread_enter
 .text.cyw43_thread_exit
                0x000000001000be2c       0x14 CMakeFiles/picow_ds4.dir/home/sagar/pico/pico-sdk/src/rp2_common/pico_cyw43_driver/cyw43_driver.c.obj
                0x000000001000be2c                cyw43_thread_exit
 .text.cyw43_await_background_or_timeout_us
                0x000000001000be40       0x34 CMakeFiles/picow_ds4.dir/home/sagar/pico/pico-sdk/src/rp2_common/pico_cyw43_driver/cyw43_driver.c.obj
                0x000000001000be40                cyw43_await_background_or_timeout_us
 .text.cyw43_delay_ms
                0x000000001000be74       0x44 CMakeFiles/picow_ds4.dir/home/sagar/pico/pico-sdk/src/rp2_common/pico_cyw43_driver/cyw43_driver.c.obj
                0x000000001000be74                cyw43_delay_ms
 .text.cyw43_cb_tcpip_deinit
                0x000000001000beb8        0x4 CMakeFiles/picow_ds4.dir/home/sagar/pico/pico-sdk/src/rp2_common/pico_cyw43_driver/cyw43_driver.c.obj
                0x000000001000beb8                cyw43_cb_tcpip_deinit
 .text.cyw43_cb_tcpip_set_link_up
                0x000000001000bebc        0xc CMakeFiles/picow_ds4.dir/home/sagar/pico/pico-sdk/src/rp2_common/pico_cyw43_driver/cyw43_driver.c.obj
                0x000000001000bebc                cyw43_cb_tcpip_set_link_up
 .text.cyw43_cb_tcpip_set_link_down
                0x000000001000bec8        0xc CMakeFiles/picow_ds4.dir/home/sagar/pico/pico-sdk/src/rp2_common/pico_cyw43_driver/cyw43_driver.c.obj
                0x000000001000bec8                cyw43_cb_tcpip_set_link_down
 .text.cyw43_cb_process_ethernet
                0x000000001000bed4        0xc CMakeFiles/picow_ds4.dir/home/sagar/pico/pico-sdk/src/rp2_common/pico_cyw43_driver/cyw43_driver.c.obj
                0x000000001000bed4                cyw43_cb_process_ethernet
 .text.handle_sync_func_call
                0x000000001000bee0       0x24 CMakeFiles/picow_ds4.dir/home/sagar/pico/pico-sdk/src/rp2_common/pico_async_context/async_context_threadsafe_background.c.obj
 .text.async_context_threadsafe_background_acquire_lock_blocking
                0x000000001000bf04        0xc CMakeFiles/picow_ds4.dir/home/sagar/pico/pico-sdk/src/rp2_common/pico_async_context/async_context_threadsafe_background.c.obj
 .text.process_under_lock
                0x000000001000bf10       0xc8 CMakeFiles/picow_ds4.dir/home/sagar/pico/pico-sdk/src/rp2_common/pico_async_context/async_context_threadsafe_background.c.obj
 .text.async_context_threadsafe_background_deinit
                0x000000001000bfd8       0x64 CMakeFiles/picow_ds4.dir/home/sagar/pico/pico-sdk/src/rp2_common/pico_async_context/async_context_threadsafe_background.c.obj
 .text.low_priority_irq_handler
                0x000000001000c03c       0x3c CMakeFiles/picow_ds4.dir/home/sagar/pico/pico-sdk/src/rp2_common/pico_async_context/async_context_threadsafe_background.c.obj
 .text.async_context_threadsafe_background_wait_for_work_until
                0x000000001000c078        0xc CMakeFiles/picow_ds4.dir/home/sagar/pico/pico-sdk/src/rp2_common/pico_async_context/async_context_threadsafe_background.c.obj
 .text.async_context_threadsafe_background_wait_until
                0x000000001000c084       0x1c CMakeFiles/picow_ds4.dir/home/sagar/pico/pico-sdk/src/rp2_common/pico_async_context/async_context_threadsafe_background.c.obj
 .text.async_context_threadsafe_background_lock_check
                0x000000001000c0a0       0x28 CMakeFiles/picow_ds4.dir/home/sagar/pico/pico-sdk/src/rp2_common/pico_async_context/async_context_threadsafe_background.c.obj
 .text.async_context_threadsafe_background_execute_sync
                0x000000001000c0c8       0xe4 CMakeFiles/picow_ds4.dir/home/sagar/pico/pico-sdk/src/rp2_common/pico_async_context/async_context_threadsafe_background.c.obj
                0x000000001000c0c8                async_context_threadsafe_background_execute_sync
 .text.async_context_threadsafe_background_set_work_pending
                0x000000001000c1ac       0x50 CMakeFiles/picow_ds4.dir/home/sagar/pico/pico-sdk/src/rp2_common/pico_async_context/async_context_threadsafe_background.c.obj
 .text.alarm_handler
                0x000000001000c1fc       0x58 CMakeFiles/picow_ds4.dir/home/sagar/pico/pico-sdk/src/rp2_common/pico_async_context/async_context_threadsafe_background.c.obj
 .text.async_context_threadsafe_background_release_lock
                0x000000001000c254       0x7c CMakeFiles/picow_ds4.dir/home/sagar/pico/pico-sdk/src/rp2_common/pico_async_context/async_context_threadsafe_background.c.obj
 .text.async_context_threadsafe_background_when_pending_worker
                0x000000001000c2d0       0x90 CMakeFiles/picow_ds4.dir/home/sagar/pico/pico-sdk/src/rp2_common/pico_async_context/async_context_threadsafe_background.c.obj
 .text.async_context_threadsafe_background_remove_at_time_worker
                0x000000001000c360       0x90 CMakeFiles/picow_ds4.dir/home/sagar/pico/pico-sdk/src/rp2_common/pico_async_context/async_context_threadsafe_background.c.obj
 .text.async_context_threadsafe_background_add_when_pending_worker
                0x000000001000c3f0       0x90 CMakeFiles/picow_ds4.dir/home/sagar/pico/pico-sdk/src/rp2_common/pico_async_context/async_context_threadsafe_background.c.obj
 .text.async_context_threadsafe_background_add_at_time_worker
                0x000000001000c480       0x90 CMakeFiles/picow_ds4.dir/home/sagar/pico/pico-sdk/src/rp2_common/pico_async_context/async_context_threadsafe_background.c.obj
 .text.async_context_threadsafe_background_default_config
                0x000000001000c510        0xc CMakeFiles/picow_ds4.dir/home/sagar/pico/pico-sdk/src/rp2_common/pico_async_context/async_context_threadsafe_background.c.obj
                0x000000001000c510                async_context_threadsafe_background_default_config
 .text.async_context_threadsafe_background_init
                0x000000001000c51c       0xa4 CMakeFiles/picow_ds4.dir/home/sagar/pico/pico-sdk/src/rp2_common/pico_async_context/async_context_threadsafe_background.c.obj
                0x000000001000c51c                async_context_threadsafe_background_init
 .text.async_context_base_add_at_time_worker
                0x000000001000c5c0       0x28 CMakeFiles/picow_ds4.dir/home/sagar/pico/pico-sdk/src/rp2_common/pico_async_context/async_context_base.c.obj
                0x000000001000c5c0                async_context_base_add_at_time_worker
 .text.async_context_base_remove_at_time_worker
                0x000000001000c5e8       0x28 CMakeFiles/picow_ds4.dir/home/sagar/pico/pico-sdk/src/rp2_common/pico_async_context/async_context_base.c.obj
                0x000000001000c5e8                async_context_base_remove_at_time_worker
 .text.async_context_base_add_when_pending_worker
                0x000000001000c610       0x24 CMakeFiles/picow_ds4.dir/home/sagar/pico/pico-sdk/src/rp2_common/pico_async_context/async_context_base.c.obj
                0x000000001000c610                async_context_base_add_when_pending_worker
 .text.async_context_base_remove_when_pending_worker
                0x000000001000c634       0x28 CMakeFiles/picow_ds4.dir/home/sagar/pico/pico-sdk/src/rp2_common/pico_async_context/async_context_base.c.obj
                0x000000001000c634                async_context_base_remove_when_pending_worker
 .text.async_context_base_execute_once
                0x000000001000c65c       0xe8 CMakeFiles/picow_ds4.dir/home/sagar/pico/pico-sdk/src/rp2_common/pico_async_context/async_context_base.c.obj
                0x000000001000c65c                async_context_base_execute_once
 .text.async_context_base_needs_servicing
                0x000000001000c744       0x54 CMakeFiles/picow_ds4.dir/home/sagar/pico/pico-sdk/src/rp2_common/pico_async_context/async_context_base.c.obj
                0x000000001000c744                async_context_base_needs_servicing
 .text.btstack_link_key_db_tlv_open
                0x000000001000c798        0x4 CMakeFiles/picow_ds4.dir/__/btstack/src/classic/btstack_link_key_db_tlv.c.obj
 .text.btstack_link_key_db_tlv_set_bd_addr
                0x000000001000c79c        0x4 CMakeFiles/picow_ds4.dir/__/btstack/src/classic/btstack_link_key_db_tlv.c.obj
 .text.btstack_link_key_db_tlv_iterator_init
                0x000000001000c7a0        0x8 CMakeFiles/picow_ds4.dir/__/btstack/src/classic/btstack_link_key_db_tlv.c.obj
 .text.btstack_link_key_db_tlv_iterator_get_next
                0x000000001000c7a8       0x94 CMakeFiles/picow_ds4.dir/__/btstack/src/classic/btstack_link_key_db_tlv.c.obj
 .text.btstack_link_key_db_tlv_delete_link_key
                0x000000001000c83c       0x60 CMakeFiles/picow_ds4.dir/__/btstack/src/classic/btstack_link_key_db_tlv.c.obj
 .text.btstack_link_key_db_tlv_put_link_key
                0x000000001000c89c      0x124 CMakeFiles/picow_ds4.dir/__/btstack/src/classic/btstack_link_key_db_tlv.c.obj
 .text.btstack_link_key_db_tlv_get_link_key
                0x000000001000c9c0       0xa4 CMakeFiles/picow_ds4.dir/__/btstack/src/classic/btstack_link_key_db_tlv.c.obj
 .text.btstack_link_key_db_tlv_iterator_done
                0x000000001000ca64        0x4 CMakeFiles/picow_ds4.dir/__/btstack/src/classic/btstack_link_key_db_tlv.c.obj
 .text.btstack_link_key_db_tlv_close
                0x000000001000ca68        0x4 CMakeFiles/picow_ds4.dir/__/btstack/src/classic/btstack_link_key_db_tlv.c.obj
 .text.btstack_link_key_db_tlv_get_instance
                0x000000001000ca6c       0x10 CMakeFiles/picow_ds4.dir/__/btstack/src/classic/btstack_link_key_db_tlv.c.obj
                0x000000001000ca6c                btstack_link_key_db_tlv_get_instance
 .text.hid_host_handle_start_sdp_client_query
                0x000000001000ca7c       0x8c CMakeFiles/picow_ds4.dir/__/btstack/src/classic/hid_host.c.obj
 .text.hid_host_handle_sdp_client_query_result
                0x000000001000cb08      0x5f4 CMakeFiles/picow_ds4.dir/__/btstack/src/classic/hid_host.c.obj
 .text.hid_descriptor_storage_get_descriptor_len
                0x000000001000d0fc       0x30 CMakeFiles/picow_ds4.dir/__/btstack/src/classic/hid_host.c.obj
                0x000000001000d0fc                hid_descriptor_storage_get_descriptor_len
 .text.hid_host_init
                0x000000001000d12c       0x40 CMakeFiles/picow_ds4.dir/__/btstack/src/classic/hid_host.c.obj
                0x000000001000d12c                hid_host_init
 .text.hid_host_register_packet_handler
                0x000000001000d16c        0xc CMakeFiles/picow_ds4.dir/__/btstack/src/classic/hid_host.c.obj
                0x000000001000d16c                hid_host_register_packet_handler
 .text.hid_host_accept_connection
                0x000000001000d178       0x48 CMakeFiles/picow_ds4.dir/__/btstack/src/classic/hid_host.c.obj
                0x000000001000d178                hid_host_accept_connection
 .text.hid_host_connect
                0x000000001000d1c0      0x104 CMakeFiles/picow_ds4.dir/__/btstack/src/classic/hid_host.c.obj
                0x000000001000d1c0                hid_host_connect
 .text.hid_host_disconnect
                0x000000001000d2c4       0x5c CMakeFiles/picow_ds4.dir/__/btstack/src/classic/hid_host.c.obj
                0x000000001000d2c4                hid_host_disconnect
 .text.hid_host_packet_handler
                0x000000001000d320      0xb84 CMakeFiles/picow_ds4.dir/__/btstack/src/classic/hid_host.c.obj
 .text.hid_host_send_get_report
                0x000000001000dea4       0x5c CMakeFiles/picow_ds4.dir/__/btstack/src/classic/hid_host.c.obj
                0x000000001000dea4                hid_host_send_get_report
 .text.sdp_client_packet_handler
                0x000000001000df00      0x704 CMakeFiles/picow_ds4.dir/__/btstack/src/classic/sdp_client.c.obj
                0x000000001000df00                sdp_client_packet_handler
 .text.sdp_client_register_query_callback
                0x000000001000e604       0x3c CMakeFiles/picow_ds4.dir/__/btstack/src/classic/sdp_client.c.obj
                0x000000001000e604                sdp_client_register_query_callback
 .text.sdp_client_query_uuid16
                0x000000001000e640       0xcc CMakeFiles/picow_ds4.dir/__/btstack/src/classic/sdp_client.c.obj
                0x000000001000e640                sdp_client_query_uuid16
 .text.sdp_init
                0x000000001000e70c       0x28 CMakeFiles/picow_ds4.dir/__/btstack/src/classic/sdp_server.c.obj
                0x000000001000e70c                sdp_init
 .text.sdp_handle_service_search_request
                0x000000001000e734      0x1dc CMakeFiles/picow_ds4.dir/__/btstack/src/classic/sdp_server.c.obj
                0x000000001000e734                sdp_handle_service_search_request
 .text.sdp_handle_service_attribute_request
                0x000000001000e910      0x188 CMakeFiles/picow_ds4.dir/__/btstack/src/classic/sdp_server.c.obj
                0x000000001000e910                sdp_handle_service_attribute_request
 .text.sdp_handle_service_search_attribute_request
                0x000000001000ea98      0x24c CMakeFiles/picow_ds4.dir/__/btstack/src/classic/sdp_server.c.obj
                0x000000001000ea98                sdp_handle_service_search_attribute_request
 .text.sdp_packet_handler
                0x000000001000ece4      0x1cc CMakeFiles/picow_ds4.dir/__/btstack/src/classic/sdp_server.c.obj
 .text.de_traverse_sequence
                0x000000001000eeb0       0xe4 CMakeFiles/picow_ds4.dir/__/btstack/src/classic/sdp_util.c.obj
 .text.de_traverse_sequence.constprop.0
                0x000000001000ef94      0x114 CMakeFiles/picow_ds4.dir/__/btstack/src/classic/sdp_util.c.obj
 .text.sdp_traversal_contains_UUID128
                0x000000001000f0a8      0x698 CMakeFiles/picow_ds4.dir/__/btstack/src/classic/sdp_util.c.obj
 .text.de_get_element_type
                0x000000001000f740        0x8 CMakeFiles/picow_ds4.dir/__/btstack/src/classic/sdp_util.c.obj
                0x000000001000f740                de_get_element_type
 .text.de_get_header_size
                0x000000001000f748       0x18 CMakeFiles/picow_ds4.dir/__/btstack/src/classic/sdp_util.c.obj
                0x000000001000f748                de_get_header_size
 .text.de_get_data_size
                0x000000001000f760       0x38 CMakeFiles/picow_ds4.dir/__/btstack/src/classic/sdp_util.c.obj
                0x000000001000f760                de_get_data_size
 .text.de_get_len
                0x000000001000f798       0x58 CMakeFiles/picow_ds4.dir/__/btstack/src/classic/sdp_util.c.obj
                0x000000001000f798                de_get_len
 .text.de_get_len_safe
                0x000000001000f7f0       0x60 CMakeFiles/picow_ds4.dir/__/btstack/src/classic/sdp_util.c.obj
                0x000000001000f7f0                de_get_len_safe
 .text.de_element_get_uint16
                0x000000001000f850       0x24 CMakeFiles/picow_ds4.dir/__/btstack/src/classic/sdp_util.c.obj
                0x000000001000f850                de_element_get_uint16
 .text.de_get_uuid32
                0x000000001000f874       0x68 CMakeFiles/picow_ds4.dir/__/btstack/src/classic/sdp_util.c.obj
                0x000000001000f874                de_get_uuid32
 .text.de_get_string
                0x000000001000f8dc       0x28 CMakeFiles/picow_ds4.dir/__/btstack/src/classic/sdp_util.c.obj
                0x000000001000f8dc                de_get_string
 .text.de_store_descriptor_with_len
                0x000000001000f904       0x30 CMakeFiles/picow_ds4.dir/__/btstack/src/classic/sdp_util.c.obj
                0x000000001000f904                de_store_descriptor_with_len
 .text.des_iterator_init
                0x000000001000f934       0x94 CMakeFiles/picow_ds4.dir/__/btstack/src/classic/sdp_util.c.obj
                0x000000001000f934                des_iterator_init
 .text.des_iterator_get_type
                0x000000001000f9c8        0xc CMakeFiles/picow_ds4.dir/__/btstack/src/classic/sdp_util.c.obj
                0x000000001000f9c8                des_iterator_get_type
 .text.des_iterator_has_more
                0x000000001000f9d4        0xc CMakeFiles/picow_ds4.dir/__/btstack/src/classic/sdp_util.c.obj
                0x000000001000f9d4                des_iterator_has_more
 .text.des_iterator_get_element
                0x000000001000f9e0       0x14 CMakeFiles/picow_ds4.dir/__/btstack/src/classic/sdp_util.c.obj
                0x000000001000f9e0                des_iterator_get_element
 .text.des_iterator_next
                0x000000001000f9f4       0x60 CMakeFiles/picow_ds4.dir/__/btstack/src/classic/sdp_util.c.obj
                0x000000001000f9f4                des_iterator_next
 .text.sdp_filter_attributes_in_attributeIDList
                0x000000001000fa54      0x274 CMakeFiles/picow_ds4.dir/__/btstack/src/classic/sdp_util.c.obj
                0x000000001000fa54                sdp_filter_attributes_in_attributeIDList
 .text.spd_get_filtered_size
                0x000000001000fcc8      0x190 CMakeFiles/picow_ds4.dir/__/btstack/src/classic/sdp_util.c.obj
                0x000000001000fcc8                spd_get_filtered_size
 .text.sdp_record_matches_service_search_pattern
                0x000000001000fe58      0x13c CMakeFiles/picow_ds4.dir/__/btstack/src/classic/sdp_util.c.obj
                0x000000001000fe58                sdp_record_matches_service_search_pattern
 .text.sdp_service_search_pattern_for_uuid16
                0x000000001000ff94       0x18 CMakeFiles/picow_ds4.dir/__/btstack/src/classic/sdp_util.c.obj
                0x000000001000ff94                sdp_service_search_pattern_for_uuid16
 .text.btstack_tlv_flash_bank_write
                0x000000001000ffac       0x80 CMakeFiles/picow_ds4.dir/__/btstack/platform/embedded/btstack_tlv_flash_bank.c.obj
 .text.btstack_tlv_flash_bank_read
                0x000000001001002c       0x7c CMakeFiles/picow_ds4.dir/__/btstack/platform/embedded/btstack_tlv_flash_bank.c.obj
 .text.btstack_tlv_flash_bank_iterator_init
                0x00000000100100a8       0x6c CMakeFiles/picow_ds4.dir/__/btstack/platform/embedded/btstack_tlv_flash_bank.c.obj
 .text.btstack_tlv_flash_bank_delete_tag_until_offset
                0x0000000010010114       0xdc CMakeFiles/picow_ds4.dir/__/btstack/platform/embedded/btstack_tlv_flash_bank.c.obj
 .text.btstack_tlv_flash_bank_delete_tag
                0x00000000100101f0        0xc CMakeFiles/picow_ds4.dir/__/btstack/platform/embedded/btstack_tlv_flash_bank.c.obj
 .text.btstack_tlv_flash_bank_get_tag
                0x00000000100101fc       0xec CMakeFiles/picow_ds4.dir/__/btstack/platform/embedded/btstack_tlv_flash_bank.c.obj