Archive member included to satisfy reference by file (symbol)

/usr/lib/gcc/arm-none-eabi/10.3.1/thumb/v6-m/nofp/libgcc.a(_dvmd_tls.o)
                              CMakeFiles/picow_ds4.dir/home/sagar/pico/pico-sdk/src/rp2_common/pico_divider/divider.S.obj (__aeabi_idiv0)
/usr/lib/gcc/arm-none-eabi/10.3.1/../../../arm-none-eabi/lib/thumb/v6-m/nofp/libc.a(lib_a-atexit.o)
                              /usr/lib/gcc/arm-none-eabi/10.3.1/../../../arm-none-eabi/lib/thumb/v6-m/nofp/crt0.o (atexit)
/usr/lib/gcc/arm-none-eabi/10.3.1/../../../arm-none-eabi/lib/thumb/v6-m/nofp/libc.a(lib_a-calloc.o)
                              CMakeFiles/picow_ds4.dir/home/sagar/pico/pico-sdk/src/rp2_common/pico_malloc/pico_malloc.c.obj (calloc)
/usr/lib/gcc/arm-none-eabi/10.3.1/../../../arm-none-eabi/lib/thumb/v6-m/nofp/libc.a(lib_a-callocr.o)
                              /usr/lib/gcc/arm-none-eabi/10.3.1/../../../arm-none-eabi/lib/thumb/v6-m/nofp/libc.a(lib_a-calloc.o) (_calloc_r)
/usr/lib/gcc/arm-none-eabi/10.3.1/../../../arm-none-eabi/lib/thumb/v6-m/nofp/libc.a(lib_a-fini.o)
                              /usr/lib/gcc/arm-none-eabi/10.3.1/../../../arm-none-eabi/lib/thumb/v6-m/nofp/crt0.o (__libc_fini_array)
/usr/lib/gcc/arm-none-eabi/10.3.1/../../../arm-none-eabi/lib/thumb/v6-m/nofp/libc.a(lib_a-impure.o)
                              /usr/lib/gcc/arm-none-eabi/10.3.1/../../../arm-none-eabi/lib/thumb/v6-m/nofp/libc.a(lib_a-calloc.o) (_impure_ptr)
/usr/lib/gcc/arm-none-eabi/10.3.1/../../../arm-none-eabi/lib/thumb/v6-m/nofp/libc.a(lib_a-init.o)
                              /usr/lib/gcc/arm-none-eabi/10.3.1/../../../arm-none-eabi/lib/thumb/v6-m/nofp/crt0.o (__libc_init_array)
/usr/lib/gcc/arm-none-eabi/10.3.1/../../../arm-none-eabi/lib/thumb/v6-m/nofp/libc.a(lib_a-malloc.o)
                              CMakeFiles/picow_ds4.dir/home/sagar/pico/pico-sdk/src/rp2_common/pico_malloc/pico_malloc.c.obj (malloc)
/usr/lib/gcc/arm-none-eabi/10.3.1/../../../arm-none-eabi/lib/thumb/v6-m/nofp/libc.a(lib_a-mallocr.o)
                              /usr/lib/gcc/arm-none-eabi/10.3.1/../../../arm-none-eabi/lib/thumb/v6-m/nofp/libc.a(lib_a-callocr.o) (_malloc_r)
/usr/lib/gcc/arm-none-eabi/10.3.1/../../../arm-none-eabi/lib/thumb/v6-m/nofp/libc.a(lib_a-memcmp.o)
                              CMakeFiles/picow_ds4.dir/home/sagar/pico/pico-sdk/lib/cyw43-driver/src/cyw43_ll.c.obj (memcmp)
/usr/lib/gcc/arm-none-eabi/10.3.1/../../../arm-none-eabi/lib/thumb/v6-m/nofp/libc.a(lib_a-memmove.o)
                              CMakeFiles/picow_ds4.dir/home/sagar/pico/pico-sdk/lib/cyw43-driver/src/cyw43_ll.c.obj (memmove)
/usr/lib/gcc/arm-none-eabi/10.3.1/../../../arm-none-eabi/lib/thumb/v6-m/nofp/libc.a(lib_a-mlock.o)
                              /usr/lib/gcc/arm-none-eabi/10.3.1/../../../arm-none-eabi/lib/thumb/v6-m/nofp/libc.a(lib_a-mallocr.o) (__malloc_lock)
/usr/lib/gcc/arm-none-eabi/10.3.1/../../../arm-none-eabi/lib/thumb/v6-m/nofp/libc.a(lib_a-realloc.o)
                              CMakeFiles/picow_ds4.dir/home/sagar/pico/pico-sdk/src/rp2_common/pico_malloc/pico_malloc.c.obj (realloc)
/usr/lib/gcc/arm-none-eabi/10.3.1/../../../arm-none-eabi/lib/thumb/v6-m/nofp/libc.a(lib_a-reallocr.o)
                              /usr/lib/gcc/arm-none-eabi/10.3.1/../../../arm-none-eabi/lib/thumb/v6-m/nofp/libc.a(lib_a-realloc.o) (_realloc_r)
/usr/lib/gcc/arm-none-eabi/10.3.1/../../../arm-none-eabi/lib/thumb/v6-m/nofp/libc.a(lib_a-sbrkr.o)
                              /usr/lib/gcc/arm-none-eabi/10.3.1/../../../arm-none-eabi/lib/thumb/v6-m/nofp/libc.a(lib_a-mallocr.o) (_sbrk_r)
/usr/lib/gcc/arm-none-eabi/10.3.1/../../../arm-none-eabi/lib/thumb/v6-m/nofp/libc.a(lib_a-strcmp.o)
                              CMakeFiles/picow_ds4.dir/__/btstack/src/classic/hfp.c.obj (strcmp)
/usr/lib/gcc/arm-none-eabi/10.3.1/../../../arm-none-eabi/lib/thumb/v6-m/nofp/libc.a(lib_a-strlen-stub.o)
                              CMakeFiles/picow_ds4.dir/home/sagar/pico/pico-sdk/src/rp2_common/pico_stdio/stdio.c.obj (strlen)
/usr/lib/gcc/arm-none-eabi/10.3.1/../../../arm-none-eabi/lib/thumb/v6-m/nofp/libc.a(lib_a-strncmp.o)
                              CMakeFiles/picow_ds4.dir/home/sagar/pico/pico-sdk/lib/cyw43-driver/src/cyw43_ll.c.obj (strncmp)
/usr/lib/gcc/arm-none-eabi/10.3.1/../../../arm-none-eabi/lib/thumb/v6-m/nofp/libc.a(lib_a-__atexit.o)
                              /usr/lib/gcc/arm-none-eabi/10.3.1/../../../arm-none-eabi/lib/thumb/v6-m/nofp/libc.a(lib_a-atexit.o) (__register_exitproc)
/usr/lib/gcc/arm-none-eabi/10.3.1/../../../arm-none-eabi/lib/thumb/v6-m/nofp/libc.a(lib_a-freer.o)
                              /usr/lib/gcc/arm-none-eabi/10.3.1/../../../arm-none-eabi/lib/thumb/v6-m/nofp/libc.a(lib_a-malloc.o) (_free_r)
/usr/lib/gcc/arm-none-eabi/10.3.1/../../../arm-none-eabi/lib/thumb/v6-m/nofp/libc.a(lib_a-reent.o)
                              /usr/lib/gcc/arm-none-eabi/10.3.1/../../../arm-none-eabi/lib/thumb/v6-m/nofp/libc.a(lib_a-sbrkr.o) (errno)

Discarded input sections

[...]
Memory Configuration

Name             Origin             Length             Attributes
FLASH            0x0000000010000000 0x0000000000200000 xr
RAM              0x0000000020000000 0x0000000000040000 xrw
SCRATCH_X        0x0000000020040000 0x0000000000001000 xrw
SCRATCH_Y        0x0000000020041000 0x0000000000001000 xrw
*default*        0x0000000000000000 0xffffffffffffffff

Linker script and memory map

LOAD /usr/lib/gcc/arm-none-eabi/10.3.1/thumb/v6-m/nofp/crti.o
LOAD /usr/lib/gcc/arm-none-eabi/10.3.1/thumb/v6-m/nofp/crtbegin.o
LOAD /usr/lib/gcc/arm-none-eabi/10.3.1/../../../arm-none-eabi/lib/thumb/v6-m/nofp/crt0.o

.flash_begin    0x0000000010000000        0x0
                0x0000000010000000                __flash_binary_start = .

.boot2          0x0000000010000000      0x100
                0x0000000010000000                __boot2_start__ = .
 *(.boot2)
 .boot2         0x0000000010000000      0x100 /tmp/ccpSm3mw.o
                0x0000000010000100                __boot2_end__ = .
                0x0000000000000001                ASSERT (((__boot2_end__ - __boot2_start__) == 0x100), ERROR: Pico second stage bootloader must be 256 bytes in size)

.text           0x0000000010000100    0x1ed08
                0x0000000010000100                __logical_binary_start = .
 *(.vectors)
 .vectors       0x0000000010000100       0xd4 CMakeFiles/picow_ds4.dir/home/sagar/pico/pico-sdk/src/rp2_common/pico_standard_link/crt0.S.obj
                0x0000000010000100                __vectors
                0x0000000010000100                __VECTOR_TABLE
                0x00000000100001c0                isr_invalid
                0x00000000100001c0                __default_isrs_start
                0x00000000100001c2                isr_nmi
                0x00000000100001c4                isr_hardfault
                0x00000000100001c6                isr_svcall
                0x00000000100001c8                isr_pendsv
                0x00000000100001ca                isr_systick
                0x00000000100001cc                isr_irq30
                0x00000000100001cc                __unhandled_user_irq
                0x00000000100001cc                isr_irq13
                0x00000000100001cc                isr_irq27
                0x00000000100001cc                isr_irq31
                0x00000000100001cc                isr_irq5
                0x00000000100001cc                isr_irq11
                0x00000000100001cc                isr_irq23
                0x00000000100001cc                isr_irq18
                0x00000000100001cc                isr_irq28
                0x00000000100001cc                isr_irq19
                0x00000000100001cc                isr_irq0
                0x00000000100001cc                isr_irq6
                0x00000000100001cc                isr_irq22
                0x00000000100001cc                isr_irq17
                0x00000000100001cc                isr_irq14
                0x00000000100001cc                isr_irq2
                0x00000000100001cc                isr_irq10
                0x00000000100001cc                isr_irq8
                0x00000000100001cc                isr_irq24
                0x00000000100001cc                isr_irq1
                0x00000000100001cc                isr_irq7
                0x00000000100001cc                isr_irq21
                0x00000000100001cc                isr_irq20
                0x00000000100001cc                isr_irq15
                0x00000000100001cc                isr_irq25
                0x00000000100001cc                isr_irq4
                0x00000000100001cc                isr_irq16
                0x00000000100001cc                isr_irq29
                0x00000000100001cc                isr_irq26
                0x00000000100001cc                __default_isrs_end
                0x00000000100001cc                isr_irq3
                0x00000000100001cc                isr_irq12
                0x00000000100001cc                isr_irq9
                0x00000000100001d2                unhandled_user_irq_num_in_r0
 *(.binary_info_header)
 .binary_info_header
                0x00000000100001d4       0x14 CMakeFiles/picow_ds4.dir/home/sagar/pico/pico-sdk/src/rp2_common/pico_standard_link/crt0.S.obj
                0x00000000100001e8                __binary_info_header_end = .
 *(.reset)
 .reset         0x00000000100001e8       0xa0 CMakeFiles/picow_ds4.dir/home/sagar/pico/pico-sdk/src/rp2_common/pico_standard_link/crt0.S.obj
                0x00000000100001e8                _entry_point
 .reset         0x0000000010000288       0x30 CMakeFiles/picow_ds4.dir/home/sagar/pico/pico-sdk/src/rp2_common/pico_standard_link/binary_info.c.obj
 *(.init)
 .init          0x00000000100002b8        0x4 /usr/lib/gcc/arm-none-eabi/10.3.1/thumb/v6-m/nofp/crti.o
                0x00000000100002b8                _init
 *(EXCLUDE_FILE(*libm.a: *libc.a:*lib_a-mem*.o *libgcc.a:) .text*)
 .text          0x00000000100002bc       0x98 /usr/lib/gcc/arm-none-eabi/10.3.1/thumb/v6-m/nofp/crtbegin.o
 .text.startup.main
                0x0000000010000354       0x64 CMakeFiles/picow_ds4.dir/main.c.obj
                0x0000000010000354                main
 .text.blink_handler
                0x00000000100003b8       0x40 CMakeFiles/picow_ds4.dir/bt_hid.c.obj
 .text.packet_handler
                0x00000000100003f8      0x2c4 CMakeFiles/picow_ds4.dir/bt_hid.c.obj
 .text.bt_hid_get_latest
                0x00000000100006bc       0x28 CMakeFiles/picow_ds4.dir/bt_hid.c.obj
                0x00000000100006bc                bt_hid_get_latest
 .text.bt_main  0x00000000100006e4       0xb4 CMakeFiles/picow_ds4.dir/bt_hid.c.obj
                0x00000000100006e4                bt_main
 .text.gpio_set_function
                0x0000000010000798       0x30 CMakeFiles/picow_ds4.dir/home/sagar/pico/pico-sdk/src/rp2_common/hardware_gpio/gpio.c.obj
                0x0000000010000798                gpio_set_function
 .text.gpio_set_pulls
                0x00000000100007c8       0x30 CMakeFiles/picow_ds4.dir/home/sagar/pico/pico-sdk/src/rp2_common/hardware_gpio/gpio.c.obj
                0x00000000100007c8                gpio_set_pulls
 .text.gpio_set_input_hysteresis_enabled
                0x00000000100007f8       0x28 CMakeFiles/picow_ds4.dir/home/sagar/pico/pico-sdk/src/rp2_common/hardware_gpio/gpio.c.obj
                0x00000000100007f8                gpio_set_input_hysteresis_enabled
 .text.gpio_set_irq_enabled
                0x0000000010000820       0x54 CMakeFiles/picow_ds4.dir/home/sagar/pico/pico-sdk/src/rp2_common/hardware_gpio/gpio.c.obj
                0x0000000010000820                gpio_set_irq_enabled
 .text.gpio_add_raw_irq_handler_with_order_priority_masked
                0x0000000010000874       0x44 CMakeFiles/picow_ds4.dir/home/sagar/pico/pico-sdk/src/rp2_common/hardware_gpio/gpio.c.obj
                0x0000000010000874                gpio_add_raw_irq_handler_with_order_priority_masked
 .text.gpio_remove_raw_irq_handler_masked
                0x00000000100008b8       0x20 CMakeFiles/picow_ds4.dir/home/sagar/pico/pico-sdk/src/rp2_common/hardware_gpio/gpio.c.obj
                0x00000000100008b8                gpio_remove_raw_irq_handler_masked
 .text.gpio_init
                0x00000000100008d8       0x3c CMakeFiles/picow_ds4.dir/home/sagar/pico/pico-sdk/src/rp2_common/hardware_gpio/gpio.c.obj
                0x00000000100008d8                gpio_init
 .text.running_on_fpga
                0x0000000010000914       0x10 CMakeFiles/picow_ds4.dir/home/sagar/pico/pico-sdk/src/rp2_common/pico_platform/platform.c.obj
                0x0000000010000914                running_on_fpga
 .text.hw_claim_lock
                0x0000000010000924       0x18 CMakeFiles/picow_ds4.dir/home/sagar/pico/pico-sdk/src/rp2_common/hardware_claim/claim.c.obj
                0x0000000010000924                hw_claim_lock
 .text.hw_claim_unlock
                0x000000001000093c       0x14 CMakeFiles/picow_ds4.dir/home/sagar/pico/pico-sdk/src/rp2_common/hardware_claim/claim.c.obj
                0x000000001000093c                hw_claim_unlock
 .text.hw_claim_or_assert
                0x0000000010000950       0x44 CMakeFiles/picow_ds4.dir/home/sagar/pico/pico-sdk/src/rp2_common/hardware_claim/claim.c.obj
                0x0000000010000950                hw_claim_or_assert
 .text.hw_claim_unused_from_range
                0x0000000010000994       0x9c CMakeFiles/picow_ds4.dir/home/sagar/pico/pico-sdk/src/rp2_common/hardware_claim/claim.c.obj
                0x0000000010000994                hw_claim_unused_from_range
 .text.hw_claim_clear
                0x0000000010000a30       0x38 CMakeFiles/picow_ds4.dir/home/sagar/pico/pico-sdk/src/rp2_common/hardware_claim/claim.c.obj
                0x0000000010000a30                hw_claim_clear
 .text.spin_locks_reset
                0x0000000010000a68       0x1c CMakeFiles/picow_ds4.dir/home/sagar/pico/pico-sdk/src/rp2_common/hardware_sync/sync.c.obj
                0x0000000010000a68                spin_locks_reset
 .text.next_striped_spin_lock_num
                0x0000000010000a84       0x18 CMakeFiles/picow_ds4.dir/home/sagar/pico/pico-sdk/src/rp2_common/hardware_sync/sync.c.obj
                0x0000000010000a84                next_striped_spin_lock_num
 .text.spin_lock_claim_unused
                0x0000000010000a9c       0x20 CMakeFiles/picow_ds4.dir/home/sagar/pico/pico-sdk/src/rp2_common/hardware_sync/sync.c.obj
                0x0000000010000a9c                spin_lock_claim_unused
 .text.irq_set_enabled
                0x0000000010000abc       0x24 CMakeFiles/picow_ds4.dir/home/sagar/pico/pico-sdk/src/rp2_common/hardware_irq/irq.c.obj
                0x0000000010000abc                irq_set_enabled
 .text.irq_is_enabled
                0x0000000010000ae0       0x18 CMakeFiles/picow_ds4.dir/home/sagar/pico/pico-sdk/src/rp2_common/hardware_irq/irq.c.obj
                0x0000000010000ae0                irq_is_enabled
 .text.irq_set_pending
                0x0000000010000af8       0x10 CMakeFiles/picow_ds4.dir/home/sagar/pico/pico-sdk/src/rp2_common/hardware_irq/irq.c.obj
                0x0000000010000af8                irq_set_pending
 .text.irq_has_shared_handler
                0x0000000010000b08       0x2c CMakeFiles/picow_ds4.dir/home/sagar/pico/pico-sdk/src/rp2_common/hardware_irq/irq.c.obj
                0x0000000010000b08                irq_has_shared_handler
 .text.irq_get_vtable_handler
                0x0000000010000b34       0x10 CMakeFiles/picow_ds4.dir/home/sagar/pico/pico-sdk/src/rp2_common/hardware_irq/irq.c.obj
                0x0000000010000b34                irq_get_vtable_handler
 .text.irq_set_exclusive_handler
                0x0000000010000b44       0x54 CMakeFiles/picow_ds4.dir/home/sagar/pico/pico-sdk/src/rp2_common/hardware_irq/irq.c.obj
                0x0000000010000b44                irq_set_exclusive_handler
 .text.irq_add_shared_handler
                0x0000000010000b98      0x1e8 CMakeFiles/picow_ds4.dir/home/sagar/pico/pico-sdk/src/rp2_common/hardware_irq/irq.c.obj
                0x0000000010000b98                irq_add_shared_handler
 .text.irq_remove_handler
                0x0000000010000d80      0x1b0 CMakeFiles/picow_ds4.dir/home/sagar/pico/pico-sdk/src/rp2_common/hardware_irq/irq.c.obj
                0x0000000010000d80                irq_remove_handler
 .text.irq_set_priority
                0x0000000010000f30       0x28 CMakeFiles/picow_ds4.dir/home/sagar/pico/pico-sdk/src/rp2_common/hardware_irq/irq.c.obj
                0x0000000010000f30                irq_set_priority
 .text.irq_add_tail_to_free_list
                0x0000000010000f58       0xb4 CMakeFiles/picow_ds4.dir/home/sagar/pico/pico-sdk/src/rp2_common/hardware_irq/irq.c.obj
                0x0000000010000f58                irq_add_tail_to_free_list
 .text.irq_init_priorities
                0x000000001000100c       0x24 CMakeFiles/picow_ds4.dir/home/sagar/pico/pico-sdk/src/rp2_common/hardware_irq/irq.c.obj
                0x000000001000100c                irq_init_priorities
 .text.user_irq_unclaim
                0x0000000010001030       0x14 CMakeFiles/picow_ds4.dir/home/sagar/pico/pico-sdk/src/rp2_common/hardware_irq/irq.c.obj
                0x0000000010001030                user_irq_unclaim
 .text.user_irq_claim_unused
                0x0000000010001044       0x28 CMakeFiles/picow_ds4.dir/home/sagar/pico/pico-sdk/src/rp2_common/hardware_irq/irq.c.obj
                0x0000000010001044                user_irq_claim_unused
 .text.sem_init
                0x000000001000106c       0x20 CMakeFiles/picow_ds4.dir/home/sagar/pico/pico-sdk/src/common/pico_sync/sem.c.obj
                0x000000001000106c                sem_init
 .text.lock_init
                0x000000001000108c       0x10 CMakeFiles/picow_ds4.dir/home/sagar/pico/pico-sdk/src/common/pico_sync/lock_core.c.obj
                0x000000001000108c                lock_init
 .text.mutex_init
                0x000000001000109c       0x1c CMakeFiles/picow_ds4.dir/home/sagar/pico/pico-sdk/src/common/pico_sync/mutex.c.obj
                0x000000001000109c                mutex_init
 .text.recursive_mutex_init
                0x00000000100010b8       0x1c CMakeFiles/picow_ds4.dir/home/sagar/pico/pico-sdk/src/common/pico_sync/mutex.c.obj
                0x00000000100010b8                recursive_mutex_init
 .text.critical_section_init
                0x00000000100010d4       0x20 CMakeFiles/picow_ds4.dir/home/sagar/pico/pico-sdk/src/common/pico_sync/critical_section.c.obj
                0x00000000100010d4                critical_section_init
 .text.critical_section_init_with_lock_num
                0x00000000100010f4       0x14 CMakeFiles/picow_ds4.dir/home/sagar/pico/pico-sdk/src/common/pico_sync/critical_section.c.obj
                0x00000000100010f4                critical_section_init_with_lock_num
 .text.timer_pool_entry_comparator
                0x0000000010001108       0x34 CMakeFiles/picow_ds4.dir/home/sagar/pico/pico-sdk/src/common/pico_time/time.c.obj
                0x0000000010001108                timer_pool_entry_comparator
 .text.sleep_until_callback
                0x000000001000113c       0x30 CMakeFiles/picow_ds4.dir/home/sagar/pico/pico-sdk/src/common/pico_time/time.c.obj
 .text.add_alarm_under_lock.isra.0
                0x000000001000116c      0x100 CMakeFiles/picow_ds4.dir/home/sagar/pico/pico-sdk/src/common/pico_time/time.c.obj
 .text.alarm_pool_alarm_callback
                0x000000001000126c      0x1bc CMakeFiles/picow_ds4.dir/home/sagar/pico/pico-sdk/src/common/pico_time/time.c.obj
 .text.alarm_pool_init_default
                0x0000000010001428       0x6c CMakeFiles/picow_ds4.dir/home/sagar/pico/pico-sdk/src/common/pico_time/time.c.obj
                0x0000000010001428                alarm_pool_init_default
 .text.alarm_pool_get_default
                0x0000000010001494        0x8 CMakeFiles/picow_ds4.dir/home/sagar/pico/pico-sdk/src/common/pico_time/time.c.obj
                0x0000000010001494                alarm_pool_get_default
 .text.alarm_pool_create_with_unused_hardware_alarm
                0x000000001000149c       0x74 CMakeFiles/picow_ds4.dir/home/sagar/pico/pico-sdk/src/common/pico_time/time.c.obj
                0x000000001000149c                alarm_pool_create_with_unused_hardware_alarm
 .text.alarm_pool_destroy
                0x0000000010001510       0x44 CMakeFiles/picow_ds4.dir/home/sagar/pico/pico-sdk/src/common/pico_time/time.c.obj
                0x0000000010001510                alarm_pool_destroy
 .text.alarm_pool_add_alarm_at
                0x0000000010001554      0x178 CMakeFiles/picow_ds4.dir/home/sagar/pico/pico-sdk/src/common/pico_time/time.c.obj
                0x0000000010001554                alarm_pool_add_alarm_at
 .text.alarm_pool_add_alarm_at_force_in_context
                0x00000000100016cc      0x124 CMakeFiles/picow_ds4.dir/home/sagar/pico/pico-sdk/src/common/pico_time/time.c.obj
                0x00000000100016cc                alarm_pool_add_alarm_at_force_in_context
 .text.alarm_pool_cancel_alarm
                0x00000000100017f0       0x78 CMakeFiles/picow_ds4.dir/home/sagar/pico/pico-sdk/src/common/pico_time/time.c.obj
                0x00000000100017f0                alarm_pool_cancel_alarm
 .text.alarm_pool_core_num
                0x0000000010001868        0x4 CMakeFiles/picow_ds4.dir/home/sagar/pico/pico-sdk/src/common/pico_time/time.c.obj
                0x0000000010001868                alarm_pool_core_num
 .text.sleep_until
                0x000000001000186c       0xc4 CMakeFiles/picow_ds4.dir/home/sagar/pico/pico-sdk/src/common/pico_time/time.c.obj
                0x000000001000186c                sleep_until
 .text.sleep_ms
                0x0000000010001930       0x34 CMakeFiles/picow_ds4.dir/home/sagar/pico/pico-sdk/src/common/pico_time/time.c.obj
                0x0000000010001930                sleep_ms
 .text.best_effort_wfe_or_timeout
                0x0000000010001964       0xd4 CMakeFiles/picow_ds4.dir/home/sagar/pico/pico-sdk/src/common/pico_time/time.c.obj
                0x0000000010001964                best_effort_wfe_or_timeout
 .text.hardware_alarm_irq_handler
                0x0000000010001a38       0xbc CMakeFiles/picow_ds4.dir/home/sagar/pico/pico-sdk/src/rp2_common/hardware_timer/timer.c.obj
 .text.hardware_alarm_claim
                0x0000000010001af4       0x18 CMakeFiles/picow_ds4.dir/home/sagar/pico/pico-sdk/src/rp2_common/hardware_timer/timer.c.obj
                0x0000000010001af4                hardware_alarm_claim
 .text.hardware_alarm_unclaim
                0x0000000010001b0c       0x10 CMakeFiles/picow_ds4.dir/home/sagar/pico/pico-sdk/src/rp2_common/hardware_timer/timer.c.obj
                0x0000000010001b0c                hardware_alarm_unclaim
 .text.hardware_alarm_claim_unused
                0x0000000010001b1c       0x20 CMakeFiles/picow_ds4.dir/home/sagar/pico/pico-sdk/src/rp2_common/hardware_timer/timer.c.obj
                0x0000000010001b1c                hardware_alarm_claim_unused
 .text.time_us_64
                0x0000000010001b3c       0x14 CMakeFiles/picow_ds4.dir/home/sagar/pico/pico-sdk/src/rp2_common/hardware_timer/timer.c.obj
                0x0000000010001b3c                time_us_64
 .text.busy_wait_until
                0x0000000010001b50       0x20 CMakeFiles/picow_ds4.dir/home/sagar/pico/pico-sdk/src/rp2_common/hardware_timer/timer.c.obj
                0x0000000010001b50                busy_wait_until
 .text.hardware_alarm_set_callback
                0x0000000010001b70       0x8c CMakeFiles/picow_ds4.dir/home/sagar/pico/pico-sdk/src/rp2_common/hardware_timer/timer.c.obj
                0x0000000010001b70                hardware_alarm_set_callback
 .text.hardware_alarm_set_target
                0x0000000010001bfc       0xd4 CMakeFiles/picow_ds4.dir/home/sagar/pico/pico-sdk/src/rp2_common/hardware_timer/timer.c.obj
                0x0000000010001bfc                hardware_alarm_set_target
 .text.hardware_alarm_cancel
                0x0000000010001cd0       0x3c CMakeFiles/picow_ds4.dir/home/sagar/pico/pico-sdk/src/rp2_common/hardware_timer/timer.c.obj
                0x0000000010001cd0                hardware_alarm_cancel
 .text.hardware_alarm_force_irq
                0x0000000010001d0c       0x3c CMakeFiles/picow_ds4.dir/home/sagar/pico/pico-sdk/src/rp2_common/hardware_timer/timer.c.obj
                0x0000000010001d0c                hardware_alarm_force_irq
 .text.ph_merge_nodes
                0x0000000010001d48       0x68 CMakeFiles/picow_ds4.dir/home/sagar/pico/pico-sdk/src/common/pico_util/pheap.c.obj
 .text.ph_create
                0x0000000010001db0       0x60 CMakeFiles/picow_ds4.dir/home/sagar/pico/pico-sdk/src/common/pico_util/pheap.c.obj
                0x0000000010001db0                ph_create
 .text.ph_post_alloc_init
                0x0000000010001e10       0x3c CMakeFiles/picow_ds4.dir/home/sagar/pico/pico-sdk/src/common/pico_util/pheap.c.obj
                0x0000000010001e10                ph_post_alloc_init
 .text.ph_destroy
                0x0000000010001e4c       0x14 CMakeFiles/picow_ds4.dir/home/sagar/pico/pico-sdk/src/common/pico_util/pheap.c.obj
                0x0000000010001e4c                ph_destroy
 .text.ph_merge_two_pass
                0x0000000010001e60       0x90 CMakeFiles/picow_ds4.dir/home/sagar/pico/pico-sdk/src/common/pico_util/pheap.c.obj
                0x0000000010001e60                ph_merge_two_pass
 .text.ph_remove_any_head
                0x0000000010001ef0      0x100 CMakeFiles/picow_ds4.dir/home/sagar/pico/pico-sdk/src/common/pico_util/pheap.c.obj
 .text.ph_remove_head
                0x0000000010001ff0      0x104 CMakeFiles/picow_ds4.dir/home/sagar/pico/pico-sdk/src/common/pico_util/pheap.c.obj
                0x0000000010001ff0                ph_remove_head
 .text.ph_remove_and_free_node
                0x00000000100020f4       0x7c CMakeFiles/picow_ds4.dir/home/sagar/pico/pico-sdk/src/common/pico_util/pheap.c.obj
                0x00000000100020f4                ph_remove_and_free_node
 .text.clocks_init
                0x0000000010002170      0x2d0 CMakeFiles/picow_ds4.dir/home/sagar/pico/pico-sdk/src/rp2_common/hardware_clocks/clocks.c.obj
                0x0000000010002170                clocks_init
 .text.clock_get_hz
                0x0000000010002440        0xc CMakeFiles/picow_ds4.dir/home/sagar/pico/pico-sdk/src/rp2_common/hardware_clocks/clocks.c.obj
                0x0000000010002440                clock_get_hz
 .text.pll_init
                0x000000001000244c       0xa0 CMakeFiles/picow_ds4.dir/home/sagar/pico/pico-sdk/src/rp2_common/hardware_pll/pll.c.obj
                0x000000001000244c                pll_init
 .text.watchdog_start_tick
                0x00000000100024ec       0x10 CMakeFiles/picow_ds4.dir/home/sagar/pico/pico-sdk/src/rp2_common/hardware_watchdog/watchdog.c.obj
                0x00000000100024ec                watchdog_start_tick
 .text.watchdog_reboot
                0x00000000100024fc       0x98 CMakeFiles/picow_ds4.dir/home/sagar/pico/pico-sdk/src/rp2_common/hardware_watchdog/watchdog.c.obj
                0x00000000100024fc                watchdog_reboot
 .text.xosc_init
                0x0000000010002594       0x28 CMakeFiles/picow_ds4.dir/home/sagar/pico/pico-sdk/src/rp2_common/hardware_xosc/xosc.c.obj
                0x0000000010002594                xosc_init
 .text.runtime_init
                0x00000000100025bc       0xf0 CMakeFiles/picow_ds4.dir/home/sagar/pico/pico-sdk/src/rp2_common/pico_runtime/runtime.c.obj
                0x00000000100025bc                runtime_init
 .text._exit    0x00000000100026ac        0x4 CMakeFiles/picow_ds4.dir/home/sagar/pico/pico-sdk/src/rp2_common/pico_runtime/runtime.c.obj
                0x00000000100026ac                _exit
 .text._sbrk    0x00000000100026b0       0x34 CMakeFiles/picow_ds4.dir/home/sagar/pico/pico-sdk/src/rp2_common/pico_runtime/runtime.c.obj
                0x00000000100026b0                _sbrk
 .text.exit     0x00000000100026e4        0x8 CMakeFiles/picow_ds4.dir/home/sagar/pico/pico-sdk/src/rp2_common/pico_runtime/runtime.c.obj
                0x00000000100026e4                exit
 .text.panic    0x00000000100026ec       0x30 CMakeFiles/picow_ds4.dir/home/sagar/pico/pico-sdk/src/rp2_common/pico_runtime/runtime.c.obj
                0x00000000100026ec                panic
 .text.hard_assertion_failure
                0x000000001000271c        0xc CMakeFiles/picow_ds4.dir/home/sagar/pico/pico-sdk/src/rp2_common/pico_runtime/runtime.c.obj
                0x000000001000271c                hard_assertion_failure
 .text._out_null
                0x0000000010002728        0x4 CMakeFiles/picow_ds4.dir/home/sagar/pico/pico-sdk/src/rp2_common/pico_printf/printf.c.obj
 .text._out_rev
                0x000000001000272c       0x9c CMakeFiles/picow_ds4.dir/home/sagar/pico/pico-sdk/src/rp2_common/pico_printf/printf.c.obj
 .text._ntoa_format
                0x00000000100027c8      0x1cc CMakeFiles/picow_ds4.dir/home/sagar/pico/pico-sdk/src/rp2_common/pico_printf/printf.c.obj
 .text._out_char
                0x0000000010002994       0x10 CMakeFiles/picow_ds4.dir/home/sagar/pico/pico-sdk/src/rp2_common/pico_printf/printf.c.obj
 .text._out_fct
                0x00000000100029a4       0x10 CMakeFiles/picow_ds4.dir/home/sagar/pico/pico-sdk/src/rp2_common/pico_printf/printf.c.obj
 .text._etoa    0x00000000100029b4      0x44c CMakeFiles/picow_ds4.dir/home/sagar/pico/pico-sdk/src/rp2_common/pico_printf/printf.c.obj
 .text._ftoa    0x0000000010002e00      0x398 CMakeFiles/picow_ds4.dir/home/sagar/pico/pico-sdk/src/rp2_common/pico_printf/printf.c.obj
 .text._vsnprintf
                0x0000000010003198      0xb04 CMakeFiles/picow_ds4.dir/home/sagar/pico/pico-sdk/src/rp2_common/pico_printf/printf.c.obj
 .text.vfctprintf
                0x0000000010003c9c       0x20 CMakeFiles/picow_ds4.dir/home/sagar/pico/pico-sdk/src/rp2_common/pico_printf/printf.c.obj
                0x0000000010003c9c                vfctprintf
 .text.weak_raw_vprintf
                0x0000000010003cbc       0x30 CMakeFiles/picow_ds4.dir/home/sagar/pico/pico-sdk/src/rp2_common/pico_printf/printf.c.obj
                0x0000000010003cbc                weak_raw_vprintf
 .text          0x0000000010003cec       0x10 CMakeFiles/picow_ds4.dir/home/sagar/pico/pico-sdk/src/rp2_common/pico_bit_ops/bit_ops_aeabi.S.obj
 .text.ctzsi    0x0000000010003cfc        0xc CMakeFiles/picow_ds4.dir/home/sagar/pico/pico-sdk/src/rp2_common/pico_bit_ops/bit_ops_aeabi.S.obj
                0x0000000010003cfc                __wrap___ctzsi2
 .text.rom_func_lookup
                0x0000000010003d08       0x10 CMakeFiles/picow_ds4.dir/home/sagar/pico/pico-sdk/src/rp2_common/pico_bootrom/bootrom.c.obj
                0x0000000010003d08                rom_func_lookup
 .text.rom_data_lookup
                0x0000000010003d18       0x10 CMakeFiles/picow_ds4.dir/home/sagar/pico/pico-sdk/src/rp2_common/pico_bootrom/bootrom.c.obj
                0x0000000010003d18                rom_data_lookup
 .text.rom_funcs_lookup
                0x0000000010003d28       0x44 CMakeFiles/picow_ds4.dir/home/sagar/pico/pico-sdk/src/rp2_common/pico_bootrom/bootrom.c.obj
                0x0000000010003d28                rom_funcs_lookup
 .text.__wrap___aeabi_idiv
                0x0000000010003d6c       0x50 CMakeFiles/picow_ds4.dir/home/sagar/pico/pico-sdk/src/rp2_common/pico_divider/divider.S.obj
                0x0000000010003d6c                __wrap___aeabi_idivmod
                0x0000000010003d6c                divmod_s32s32
                0x0000000010003d6c                div_s32s32
                0x0000000010003d6c                __wrap___aeabi_idiv
                0x0000000010003d74                divmod_s32s32_unsafe
                0x0000000010003da0                divmod_s32s32_savestate
 .text.__wrap___aeabi_uidiv
                0x0000000010003dbc       0x4c CMakeFiles/picow_ds4.dir/home/sagar/pico/pico-sdk/src/rp2_common/pico_divider/divider.S.obj
                0x0000000010003dbc                __wrap___aeabi_uidiv
                0x0000000010003dbc                __wrap___aeabi_uidivmod
                0x0000000010003dbc                div_u32u32
                0x0000000010003dbc                divmod_u32u32
                0x0000000010003dc4                divmod_u32u32_unsafe
                0x0000000010003dec                divmod_u32u32_savestate
 .text.__wrap___aeabi_ldiv
                0x0000000010003e08      0x424 CMakeFiles/picow_ds4.dir/home/sagar/pico/pico-sdk/src/rp2_common/pico_divider/divider.S.obj
                0x0000000010003e08                div_s64s64
                0x0000000010003e08                divmod_s64s64
                0x0000000010003e08                __wrap___aeabi_ldivmod
                0x0000000010003e38                div_u64u64
                0x0000000010003e38                divmod_u64u64
                0x0000000010003e38                __wrap___aeabi_uldivmod
                0x0000000010003e48                divmod_u64u64_savestate
                0x0000000010003e68                divmod_s64s64_unsafe
                0x0000000010003ef0                divmod_u64u64_unsafe
 .text.__wrap___aeabi_darithmetic
                0x000000001000422c       0x60 CMakeFiles/picow_ds4.dir/home/sagar/pico/pico-sdk/src/rp2_common/pico_double/double_aeabi.S.obj
                0x000000001000422c                __wrap___aeabi_drsub
                0x0000000010004232                __wrap___aeabi_dsub
                0x000000001000423c                __wrap___aeabi_dadd
                0x0000000010004246                __wrap___aeabi_ddiv
                0x000000001000427a                __wrap___aeabi_dmul
 .text.__wrap___aeabi_cdcmple
                0x000000001000428c       0x6c CMakeFiles/picow_ds4.dir/home/sagar/pico/pico-sdk/src/rp2_common/pico_double/double_aeabi.S.obj
                0x000000001000428c                __wrap___aeabi_cdrcmple
                0x000000001000429c                __wrap___aeabi_cdcmple
                0x000000001000429c                __wrap___aeabi_cdcmpeq
 .text.__wrap___aeabi_dcmplt
                0x00000000100042f8        0xc CMakeFiles/picow_ds4.dir/home/sagar/pico/pico-sdk/src/rp2_common/pico_double/double_aeabi.S.obj
                0x00000000100042f8                __wrap___aeabi_dcmplt
 .text.__wrap___aeabi_dcmple
                0x0000000010004304       0x10 CMakeFiles/picow_ds4.dir/home/sagar/pico/pico-sdk/src/rp2_common/pico_double/double_aeabi.S.obj
                0x0000000010004304                __wrap___aeabi_dcmple
 .text.__wrap___aeabi_dcmpge
                0x0000000010004314       0x10 CMakeFiles/picow_ds4.dir/home/sagar/pico/pico-sdk/src/rp2_common/pico_double/double_aeabi.S.obj
                0x0000000010004314                __wrap___aeabi_dcmpge
 .text.__wrap___aeabi_dcmpgt
                0x0000000010004324        0xa CMakeFiles/picow_ds4.dir/home/sagar/pico/pico-sdk/src/rp2_common/pico_double/double_aeabi.S.obj
                0x0000000010004324                __wrap___aeabi_dcmpgt
 .text.__wrap___aeabi_dcmpun
                0x000000001000432e       0x1c CMakeFiles/picow_ds4.dir/home/sagar/pico/pico-sdk/src/rp2_common/pico_double/double_aeabi.S.obj
                0x000000001000432e                __wrap___aeabi_dcmpun
 *fill*         0x000000001000434a        0x2 
 .text.__wrap___aeabi_i2d
                0x000000001000434c       0x38 CMakeFiles/picow_ds4.dir/home/sagar/pico/pico-sdk/src/rp2_common/pico_double/double_aeabi.S.obj
                0x000000001000434c                __wrap___aeabi_ui2d
                0x0000000010004354                __wrap___aeabi_i2d
 .text.__wrap___aeabi_d2iz
                0x0000000010004384       0x48 CMakeFiles/picow_ds4.dir/home/sagar/pico/pico-sdk/src/rp2_common/pico_double/double_aeabi.S.obj
                0x0000000010004384                __wrap___aeabi_d2iz
                0x0000000010004384                double2int_z
 .text.__wrap___aeabi_d2uiz
                0x00000000100043cc       0x10 CMakeFiles/picow_ds4.dir/home/sagar/pico/pico-sdk/src/rp2_common/pico_double/double_aeabi.S.obj
                0x00000000100043cc                double2uint
                0x00000000100043cc                __wrap___aeabi_d2uiz
 .text.missing_double_func_shim
                0x00000000100043dc        0xc CMakeFiles/picow_ds4.dir/home/sagar/pico/pico-sdk/src/rp2_common/pico_double/double_init_rom.c.obj
 .text.__aeabi_double_init
                0x00000000100043e8       0x98 CMakeFiles/picow_ds4.dir/home/sagar/pico/pico-sdk/src/rp2_common/pico_double/double_init_rom.c.obj
                0x00000000100043e8                __aeabi_double_init
 .text.double_table_shim_on_use_helper
                0x0000000010004480       0x2c CMakeFiles/picow_ds4.dir/home/sagar/pico/pico-sdk/src/rp2_common/pico_double/double_v1_rom_shim.S.obj
                0x0000000010004480                double_table_shim_on_use_helper
 .text.__aeabi_lmul
                0x00000000100044ac       0x32 CMakeFiles/picow_ds4.dir/home/sagar/pico/pico-sdk/src/rp2_common/pico_int64_ops/pico_int64_ops_aeabi.S.obj
                0x00000000100044ac                __wrap___aeabi_lmul
 *fill*         0x00000000100044de        0x2 
 .text.missing_float_func_shim
                0x00000000100044e0        0xc CMakeFiles/picow_ds4.dir/home/sagar/pico/pico-sdk/src/rp2_common/pico_float/float_init_rom.c.obj
 .text.__aeabi_float_init
                0x00000000100044ec       0x5c CMakeFiles/picow_ds4.dir/home/sagar/pico/pico-sdk/src/rp2_common/pico_float/float_init_rom.c.obj
                0x00000000100044ec                __aeabi_float_init
 .text.__wrap_malloc
                0x0000000010004548       0x3c CMakeFiles/picow_ds4.dir/home/sagar/pico/pico-sdk/src/rp2_common/pico_malloc/pico_malloc.c.obj
                0x0000000010004548                __wrap_malloc
 .text.__wrap_calloc
                0x0000000010004584       0x40 CMakeFiles/picow_ds4.dir/home/sagar/pico/pico-sdk/src/rp2_common/pico_malloc/pico_malloc.c.obj
                0x0000000010004584                __wrap_calloc
 .text.__wrap_free
                0x00000000100045c4       0x20 CMakeFiles/picow_ds4.dir/home/sagar/pico/pico-sdk/src/rp2_common/pico_malloc/pico_malloc.c.obj
                0x00000000100045c4                __wrap_free
 .text          0x00000000100045e4       0x10 CMakeFiles/picow_ds4.dir/home/sagar/pico/pico-sdk/src/rp2_common/pico_mem_ops/mem_ops_aeabi.S.obj
                0x00000000100045e4                __aeabi_mem_init
 .text.memset   0x00000000100045f4        0xc CMakeFiles/picow_ds4.dir/home/sagar/pico/pico-sdk/src/rp2_common/pico_mem_ops/mem_ops_aeabi.S.obj
                0x00000000100045f4                __wrap_memset
 .text.memcpy   0x0000000010004600        0xc CMakeFiles/picow_ds4.dir/home/sagar/pico/pico-sdk/src/rp2_common/pico_mem_ops/mem_ops_aeabi.S.obj
                0x0000000010004600                __wrap___aeabi_memcpy
                0x0000000010004600                __wrap_memcpy
 .text.stdio_out_chars_no_crlf
                0x000000001000460c       0x10 CMakeFiles/picow_ds4.dir/home/sagar/pico/pico-sdk/src/rp2_common/pico_stdio/stdio.c.obj
 .text.stdio_out_chars_crlf
                0x000000001000461c       0xb4 CMakeFiles/picow_ds4.dir/home/sagar/pico/pico-sdk/src/rp2_common/pico_stdio/stdio.c.obj
 .text.stdio_buffered_printer
                0x00000000100046d0       0x64 CMakeFiles/picow_ds4.dir/home/sagar/pico/pico-sdk/src/rp2_common/pico_stdio/stdio.c.obj
 .text.stdio_put_string.isra.0
                0x0000000010004734       0xfc CMakeFiles/picow_ds4.dir/home/sagar/pico/pico-sdk/src/rp2_common/pico_stdio/stdio.c.obj
 .text.__wrap_putchar
                0x0000000010004830       0x98 CMakeFiles/picow_ds4.dir/home/sagar/pico/pico-sdk/src/rp2_common/pico_stdio/stdio.c.obj
                0x0000000010004830                __wrap_putchar
 .text.__wrap_puts
                0x00000000100048c8       0x3c CMakeFiles/picow_ds4.dir/home/sagar/pico/pico-sdk/src/rp2_common/pico_stdio/stdio.c.obj
                0x00000000100048c8                __wrap_puts
 .text.stdio_set_driver_enabled
                0x0000000010004904       0x30 CMakeFiles/picow_ds4.dir/home/sagar/pico/pico-sdk/src/rp2_common/pico_stdio/stdio.c.obj
                0x0000000010004904                stdio_set_driver_enabled
 .text.__wrap_vprintf
                0x0000000010004934       0xd8 CMakeFiles/picow_ds4.dir/home/sagar/pico/pico-sdk/src/rp2_common/pico_stdio/stdio.c.obj
                0x0000000010004934                __wrap_vprintf
 .text.__wrap_printf
                0x0000000010004a0c       0x18 CMakeFiles/picow_ds4.dir/home/sagar/pico/pico-sdk/src/rp2_common/pico_stdio/stdio.c.obj
                0x0000000010004a0c                __wrap_printf
 .text.stdio_init_all
                0x0000000010004a24        0x8 CMakeFiles/picow_ds4.dir/home/sagar/pico/pico-sdk/src/rp2_common/pico_stdio/stdio.c.obj
                0x0000000010004a24                stdio_init_all
 .text.resetd_init
                0x0000000010004a2c        0x4 CMakeFiles/picow_ds4.dir/home/sagar/pico/pico-sdk/src/rp2_common/pico_stdio_usb/reset_interface.c.obj
 .text.resetd_reset
                0x0000000010004a30        0xc CMakeFiles/picow_ds4.dir/home/sagar/pico/pico-sdk/src/rp2_common/pico_stdio_usb/reset_interface.c.obj
 .text.resetd_open
                0x0000000010004a3c       0x28 CMakeFiles/picow_ds4.dir/home/sagar/pico/pico-sdk/src/rp2_common/pico_stdio_usb/reset_interface.c.obj
 .text.resetd_xfer_cb
                0x0000000010004a64        0x4 CMakeFiles/picow_ds4.dir/home/sagar/pico/pico-sdk/src/rp2_common/pico_stdio_usb/reset_interface.c.obj
 .text.resetd_control_xfer_cb
                0x0000000010004a68       0x64 CMakeFiles/picow_ds4.dir/home/sagar/pico/pico-sdk/src/rp2_common/pico_stdio_usb/reset_interface.c.obj
 .text.usbd_app_driver_get_cb
                0x0000000010004acc        0xc CMakeFiles/picow_ds4.dir/home/sagar/pico/pico-sdk/src/rp2_common/pico_stdio_usb/reset_interface.c.obj
                0x0000000010004acc                usbd_app_driver_get_cb
 .text.tud_cdc_line_coding_cb
                0x0000000010004ad8       0x34 CMakeFiles/picow_ds4.dir/home/sagar/pico/pico-sdk/src/rp2_common/pico_stdio_usb/reset_interface.c.obj
                0x0000000010004ad8                tud_cdc_line_coding_cb
 .text.stdio_usb_set_chars_available_callback
                0x0000000010004b0c       0x14 CMakeFiles/picow_ds4.dir/home/sagar/pico/pico-sdk/src/rp2_common/pico_stdio_usb/stdio_usb.c.obj
                0x0000000010004b0c                stdio_usb_set_chars_available_callback
 .text.usb_irq  0x0000000010004b20       0x10 CMakeFiles/picow_ds4.dir/home/sagar/pico/pico-sdk/src/rp2_common/pico_stdio_usb/stdio_usb.c.obj
 .text.timer_task
                0x0000000010004b30       0x54 CMakeFiles/picow_ds4.dir/home/sagar/pico/pico-sdk/src/rp2_common/pico_stdio_usb/stdio_usb.c.obj
 .text.stdio_usb_in_chars
                0x0000000010004b84       0x90 CMakeFiles/picow_ds4.dir/home/sagar/pico/pico-sdk/src/rp2_common/pico_stdio_usb/stdio_usb.c.obj
                0x0000000010004b84                stdio_usb_in_chars
 .text.stdio_usb_out_chars
                0x0000000010004c14      0x100 CMakeFiles/picow_ds4.dir/home/sagar/pico/pico-sdk/src/rp2_common/pico_stdio_usb/stdio_usb.c.obj
 .text.low_priority_worker_irq
                0x0000000010004d14       0xa8 CMakeFiles/picow_ds4.dir/home/sagar/pico/pico-sdk/src/rp2_common/pico_stdio_usb/stdio_usb.c.obj
 .text.tud_cdc_rx_cb
                0x0000000010004dbc       0x20 CMakeFiles/picow_ds4.dir/home/sagar/pico/pico-sdk/src/rp2_common/pico_stdio_usb/stdio_usb.c.obj
                0x0000000010004dbc                tud_cdc_rx_cb
 .text.stdio_usb_init
                0x0000000010004ddc       0xdc CMakeFiles/picow_ds4.dir/home/sagar/pico/pico-sdk/src/rp2_common/pico_stdio_usb/stdio_usb.c.obj
                0x0000000010004ddc                stdio_usb_init
 .text.tud_descriptor_device_cb
                0x0000000010004eb8        0x8 CMakeFiles/picow_ds4.dir/home/sagar/pico/pico-sdk/src/rp2_common/pico_stdio_usb/stdio_usb_descriptors.c.obj
                0x0000000010004eb8                tud_descriptor_device_cb
 .text.tud_descriptor_configuration_cb
                0x0000000010004ec0        0x8 CMakeFiles/picow_ds4.dir/home/sagar/pico/pico-sdk/src/rp2_common/pico_stdio_usb/stdio_usb_descriptors.c.obj
                0x0000000010004ec0                tud_descriptor_configuration_cb
 .text.tud_descriptor_string_cb
                0x0000000010004ec8       0x74 CMakeFiles/picow_ds4.dir/home/sagar/pico/pico-sdk/src/rp2_common/pico_stdio_usb/stdio_usb_descriptors.c.obj
                0x0000000010004ec8                tud_descriptor_string_cb
 .text.startup._retrieve_unique_id_on_boot
                0x0000000010004f3c       0x10 CMakeFiles/picow_ds4.dir/home/sagar/pico/pico-sdk/src/rp2_common/pico_unique_id/unique_id.c.obj
 .text.pico_get_unique_board_id
                0x0000000010004f4c       0x10 CMakeFiles/picow_ds4.dir/home/sagar/pico/pico-sdk/src/rp2_common/pico_unique_id/unique_id.c.obj
                0x0000000010004f4c                pico_get_unique_board_id
 .text.pico_get_unique_board_id_string
                0x0000000010004f5c      0x1a8 CMakeFiles/picow_ds4.dir/home/sagar/pico/pico-sdk/src/rp2_common/pico_unique_id/unique_id.c.obj
                0x0000000010004f5c                pico_get_unique_board_id_string
 .text.flash_get_unique_id
                0x0000000010005104       0x40 CMakeFiles/picow_ds4.dir/home/sagar/pico/pico-sdk/src/rp2_common/hardware_flash/flash.c.obj
                0x0000000010005104                flash_get_unique_id
 .text.dcd_int_enable
                0x0000000010005144        0xc CMakeFiles/picow_ds4.dir/home/sagar/pico/pico-sdk/lib/tinyusb/src/portable/raspberrypi/rp2040/dcd_rp2040.c.obj
                0x0000000010005144                dcd_int_enable
 .text.dcd_set_address
                0x0000000010005150       0x14 CMakeFiles/picow_ds4.dir/home/sagar/pico/pico-sdk/lib/tinyusb/src/portable/raspberrypi/rp2040/dcd_rp2040.c.obj
                0x0000000010005150                dcd_set_address
 .text.dcd_connect
                0x0000000010005164       0x10 CMakeFiles/picow_ds4.dir/home/sagar/pico/pico-sdk/lib/tinyusb/src/portable/raspberrypi/rp2040/dcd_rp2040.c.obj
                0x0000000010005164                dcd_connect
 .text.dcd_init
                0x0000000010005174       0x98 CMakeFiles/picow_ds4.dir/home/sagar/pico/pico-sdk/lib/tinyusb/src/portable/raspberrypi/rp2040/dcd_rp2040.c.obj
                0x0000000010005174                dcd_init
 .text.dcd_edpt0_status_complete
                0x000000001000520c       0x1c CMakeFiles/picow_ds4.dir/home/sagar/pico/pico-sdk/lib/tinyusb/src/portable/raspberrypi/rp2040/dcd_rp2040.c.obj
                0x000000001000520c                dcd_edpt0_status_complete
 .text.dcd_edpt_open
                0x0000000010005228      0x108 CMakeFiles/picow_ds4.dir/home/sagar/pico/pico-sdk/lib/tinyusb/src/portable/raspberrypi/rp2040/dcd_rp2040.c.obj
                0x0000000010005228                dcd_edpt_open
 .text.dcd_edpt_close_all
                0x0000000010005330        0x8 CMakeFiles/picow_ds4.dir/home/sagar/pico/pico-sdk/lib/tinyusb/src/portable/raspberrypi/rp2040/dcd_rp2040.c.obj
                0x0000000010005330                dcd_edpt_close_all
 .text.dcd_edpt_xfer
                0x0000000010005338       0x24 CMakeFiles/picow_ds4.dir/home/sagar/pico/pico-sdk/lib/tinyusb/src/portable/raspberrypi/rp2040/dcd_rp2040.c.obj
                0x0000000010005338                dcd_edpt_xfer
 .text.dcd_edpt_stall
                0x000000001000535c       0x38 CMakeFiles/picow_ds4.dir/home/sagar/pico/pico-sdk/lib/tinyusb/src/portable/raspberrypi/rp2040/dcd_rp2040.c.obj
                0x000000001000535c                dcd_edpt_stall
 .text.dcd_edpt_clear_stall
                0x0000000010005394       0x30 CMakeFiles/picow_ds4.dir/home/sagar/pico/pico-sdk/lib/tinyusb/src/portable/raspberrypi/rp2040/dcd_rp2040.c.obj
                0x0000000010005394                dcd_edpt_clear_stall
 .text.rp2040_usb_init
                0x00000000100053c4       0x4c CMakeFiles/picow_ds4.dir/home/sagar/pico/pico-sdk/lib/tinyusb/src/portable/raspberrypi/rp2040/rp2040_usb.c.obj
                0x00000000100053c4                rp2040_usb_init
 .text.hw_endpoint_xfer_start
                0x0000000010005410       0x50 CMakeFiles/picow_ds4.dir/home/sagar/pico/pico-sdk/lib/tinyusb/src/portable/raspberrypi/rp2040/rp2040_usb.c.obj
                0x0000000010005410                hw_endpoint_xfer_start
 .text.tud_mounted
                0x0000000010005460       0x10 CMakeFiles/picow_ds4.dir/home/sagar/pico/pico-sdk/lib/tinyusb/src/device/usbd.c.obj
                0x0000000010005460                tud_mounted
 .text.tud_suspended
                0x0000000010005470       0x10 CMakeFiles/picow_ds4.dir/home/sagar/pico/pico-sdk/lib/tinyusb/src/device/usbd.c.obj
                0x0000000010005470                tud_suspended
 .text.tud_inited
                0x0000000010005480       0x14 CMakeFiles/picow_ds4.dir/home/sagar/pico/pico-sdk/lib/tinyusb/src/device/usbd.c.obj
                0x0000000010005480                tud_inited
 .text.tud_init
                0x0000000010005494       0xe4 CMakeFiles/picow_ds4.dir/home/sagar/pico/pico-sdk/lib/tinyusb/src/device/usbd.c.obj
                0x0000000010005494                tud_init
 .text.tud_task_ext
                0x0000000010005578      0x854 CMakeFiles/picow_ds4.dir/home/sagar/pico/pico-sdk/lib/tinyusb/src/device/usbd.c.obj
                0x0000000010005578                tud_task_ext
 .text.usbd_open_edpt_pair
                0x0000000010005dcc       0x9c CMakeFiles/picow_ds4.dir/home/sagar/pico/pico-sdk/lib/tinyusb/src/device/usbd.c.obj
                0x0000000010005dcc                usbd_open_edpt_pair
 .text.usbd_defer_func
                0x0000000010005e68       0x48 CMakeFiles/picow_ds4.dir/home/sagar/pico/pico-sdk/lib/tinyusb/src/device/usbd.c.obj
                0x0000000010005e68                usbd_defer_func
 .text.usbd_edpt_open
                0x0000000010005eb0       0x34 CMakeFiles/picow_ds4.dir/home/sagar/pico/pico-sdk/lib/tinyusb/src/device/usbd.c.obj
                0x0000000010005eb0                usbd_edpt_open
 .text.usbd_edpt_claim
                0x0000000010005ee4       0x28 CMakeFiles/picow_ds4.dir/home/sagar/pico/pico-sdk/lib/tinyusb/src/device/usbd.c.obj
                0x0000000010005ee4                usbd_edpt_claim
 .text.usbd_edpt_release
                0x0000000010005f0c       0x28 CMakeFiles/picow_ds4.dir/home/sagar/pico/pico-sdk/lib/tinyusb/src/device/usbd.c.obj
                0x0000000010005f0c                usbd_edpt_release
 .text.usbd_edpt_xfer
                0x0000000010005f34       0x4c CMakeFiles/picow_ds4.dir/home/sagar/pico/pico-sdk/lib/tinyusb/src/device/usbd.c.obj
                0x0000000010005f34                usbd_edpt_xfer
 .text.tud_control_status
                0x0000000010005f80       0x30 CMakeFiles/picow_ds4.dir/home/sagar/pico/pico-sdk/lib/tinyusb/src/device/usbd_control.c.obj
                0x0000000010005f80                tud_control_status
 .text.tud_control_xfer
                0x0000000010005fb0       0xbc CMakeFiles/picow_ds4.dir/home/sagar/pico/pico-sdk/lib/tinyusb/src/device/usbd_control.c.obj
                0x0000000010005fb0                tud_control_xfer
 .text.usbd_control_reset
                0x000000001000606c       0x14 CMakeFiles/picow_ds4.dir/home/sagar/pico/pico-sdk/lib/tinyusb/src/device/usbd_control.c.obj
                0x000000001000606c                usbd_control_reset
 .text.usbd_control_set_complete_callback
                0x0000000010006080        0xc CMakeFiles/picow_ds4.dir/home/sagar/pico/pico-sdk/lib/tinyusb/src/device/usbd_control.c.obj
                0x0000000010006080                usbd_control_set_complete_callback
 .text.usbd_control_set_request
                0x000000001000608c       0x1c CMakeFiles/picow_ds4.dir/home/sagar/pico/pico-sdk/lib/tinyusb/src/device/usbd_control.c.obj
                0x000000001000608c                usbd_control_set_request
 .text.usbd_control_xfer_cb
                0x00000000100060a8       0xfc CMakeFiles/picow_ds4.dir/home/sagar/pico/pico-sdk/lib/tinyusb/src/device/usbd_control.c.obj
                0x00000000100060a8                usbd_control_xfer_cb
 .text.tud_cdc_n_connected
                0x00000000100061a4       0x30 CMakeFiles/picow_ds4.dir/home/sagar/pico/pico-sdk/lib/tinyusb/src/class/cdc/cdc_device.c.obj
                0x00000000100061a4                tud_cdc_n_connected
 .text.tud_cdc_n_available
                0x00000000100061d4       0x18 CMakeFiles/picow_ds4.dir/home/sagar/pico/pico-sdk/lib/tinyusb/src/class/cdc/cdc_device.c.obj
                0x00000000100061d4                tud_cdc_n_available
 .text.tud_cdc_n_read
                0x00000000100061ec       0x70 CMakeFiles/picow_ds4.dir/home/sagar/pico/pico-sdk/lib/tinyusb/src/class/cdc/cdc_device.c.obj
                0x00000000100061ec                tud_cdc_n_read
 .text.tud_cdc_n_write_flush
                0x000000001000625c       0x78 CMakeFiles/picow_ds4.dir/home/sagar/pico/pico-sdk/lib/tinyusb/src/class/cdc/cdc_device.c.obj
                0x000000001000625c                tud_cdc_n_write_flush
 .text.tud_cdc_n_write
                0x00000000100062d4       0x34 CMakeFiles/picow_ds4.dir/home/sagar/pico/pico-sdk/lib/tinyusb/src/class/cdc/cdc_device.c.obj
                0x00000000100062d4                tud_cdc_n_write
 .text.tud_cdc_n_write_available
                0x0000000010006308       0x18 CMakeFiles/picow_ds4.dir/home/sagar/pico/pico-sdk/lib/tinyusb/src/class/cdc/cdc_device.c.obj
                0x0000000010006308                tud_cdc_n_write_available
 .text.cdcd_init
                0x0000000010006320       0x7c CMakeFiles/picow_ds4.dir/home/sagar/pico/pico-sdk/lib/tinyusb/src/class/cdc/cdc_device.c.obj
                0x0000000010006320                cdcd_init
 .text.cdcd_reset
                0x000000001000639c       0x2c CMakeFiles/picow_ds4.dir/home/sagar/pico/pico-sdk/lib/tinyusb/src/class/cdc/cdc_device.c.obj
                0x000000001000639c                cdcd_reset
 .text.cdcd_open
                0x00000000100063c8       0xe8 CMakeFiles/picow_ds4.dir/home/sagar/pico/pico-sdk/lib/tinyusb/src/class/cdc/cdc_device.c.obj
                0x00000000100063c8                cdcd_open
 .text.cdcd_control_xfer_cb
                0x00000000100064b0       0xe4 CMakeFiles/picow_ds4.dir/home/sagar/pico/pico-sdk/lib/tinyusb/src/class/cdc/cdc_device.c.obj
                0x00000000100064b0                cdcd_control_xfer_cb
 .text.cdcd_xfer_cb
                0x0000000010006594      0x148 CMakeFiles/picow_ds4.dir/home/sagar/pico/pico-sdk/lib/tinyusb/src/class/cdc/cdc_device.c.obj
                0x0000000010006594                cdcd_xfer_cb
 .text.tusb_init
                0x00000000100066dc        0xc CMakeFiles/picow_ds4.dir/home/sagar/pico/pico-sdk/lib/tinyusb/src/tusb.c.obj
                0x00000000100066dc                tusb_init
 .text.tusb_inited
                0x00000000100066e8        0x8 CMakeFiles/picow_ds4.dir/home/sagar/pico/pico-sdk/lib/tinyusb/src/tusb.c.obj
                0x00000000100066e8                tusb_inited
 .text.tu_edpt_claim
                0x00000000100066f0       0x50 CMakeFiles/picow_ds4.dir/home/sagar/pico/pico-sdk/lib/tinyusb/src/tusb.c.obj
                0x00000000100066f0                tu_edpt_claim
 .text.tu_edpt_release
                0x0000000010006740       0x38 CMakeFiles/picow_ds4.dir/home/sagar/pico/pico-sdk/lib/tinyusb/src/tusb.c.obj
                0x0000000010006740                tu_edpt_release
 .text.tu_edpt_validate
                0x0000000010006778       0x78 CMakeFiles/picow_ds4.dir/home/sagar/pico/pico-sdk/lib/tinyusb/src/tusb.c.obj
                0x0000000010006778                tu_edpt_validate
 .text.tu_edpt_bind_driver
                0x00000000100067f0       0x34 CMakeFiles/picow_ds4.dir/home/sagar/pico/pico-sdk/lib/tinyusb/src/tusb.c.obj
                0x00000000100067f0                tu_edpt_bind_driver
 .text.tu_fifo_config
                0x0000000010006824       0x70 CMakeFiles/picow_ds4.dir/home/sagar/pico/pico-sdk/lib/tinyusb/src/common/tusb_fifo.c.obj
                0x0000000010006824                tu_fifo_config
 .text.tu_fifo_count
                0x0000000010006894       0x2c CMakeFiles/picow_ds4.dir/home/sagar/pico/pico-sdk/lib/tinyusb/src/common/tusb_fifo.c.obj
                0x0000000010006894                tu_fifo_count
 .text.tu_fifo_empty
                0x00000000100068c0       0x10 CMakeFiles/picow_ds4.dir/home/sagar/pico/pico-sdk/lib/tinyusb/src/common/tusb_fifo.c.obj
                0x00000000100068c0                tu_fifo_empty
 .text.tu_fifo_remaining
                0x00000000100068d0       0x2c CMakeFiles/picow_ds4.dir/home/sagar/pico/pico-sdk/lib/tinyusb/src/common/tusb_fifo.c.obj
                0x00000000100068d0                tu_fifo_remaining
 .text.tu_fifo_read
                0x00000000100068fc       0xa0 CMakeFiles/picow_ds4.dir/home/sagar/pico/pico-sdk/lib/tinyusb/src/common/tusb_fifo.c.obj
                0x00000000100068fc                tu_fifo_read
 .text.tu_fifo_read_n
                0x000000001000699c       0xec CMakeFiles/picow_ds4.dir/home/sagar/pico/pico-sdk/lib/tinyusb/src/common/tusb_fifo.c.obj
                0x000000001000699c                tu_fifo_read_n
 .text.tu_fifo_write
                0x0000000010006a88       0x88 CMakeFiles/picow_ds4.dir/home/sagar/pico/pico-sdk/lib/tinyusb/src/common/tusb_fifo.c.obj
                0x0000000010006a88                tu_fifo_write
 .text.tu_fifo_write_n
                0x0000000010006b10      0x168 CMakeFiles/picow_ds4.dir/home/sagar/pico/pico-sdk/lib/tinyusb/src/common/tusb_fifo.c.obj
                0x0000000010006b10                tu_fifo_write_n
 .text.tu_fifo_clear
                0x0000000010006c78       0x40 CMakeFiles/picow_ds4.dir/home/sagar/pico/pico-sdk/lib/tinyusb/src/common/tusb_fifo.c.obj
                0x0000000010006c78                tu_fifo_clear
 .text.tu_fifo_set_overwritable
                0x0000000010006cb8       0x48 CMakeFiles/picow_ds4.dir/home/sagar/pico/pico-sdk/lib/tinyusb/src/common/tusb_fifo.c.obj
                0x0000000010006cb8                tu_fifo_set_overwritable
 .text.cyw43_arch_set_async_context
                0x0000000010006d00        0xc CMakeFiles/picow_ds4.dir/home/sagar/pico/pico-sdk/src/rp2_common/pico_cyw43_arch/cyw43_arch.c.obj
                0x0000000010006d00                cyw43_arch_set_async_context
 .text.cyw43_arch_gpio_put
                0x0000000010006d0c       0x14 CMakeFiles/picow_ds4.dir/home/sagar/pico/pico-sdk/src/rp2_common/pico_cyw43_arch/cyw43_arch.c.obj
                0x0000000010006d0c                cyw43_arch_gpio_put
 .text.cyw43_arch_async_context
                0x0000000010006d20        0xc CMakeFiles/picow_ds4.dir/home/sagar/pico/pico-sdk/src/rp2_common/pico_cyw43_arch/cyw43_arch.c.obj
                0x0000000010006d20                cyw43_arch_async_context
 .text.cyw43_arch_init
                0x0000000010006d2c       0x80 CMakeFiles/picow_ds4.dir/home/sagar/pico/pico-sdk/src/rp2_common/pico_cyw43_arch/cyw43_arch_threadsafe_background.c.obj
                0x0000000010006d2c                cyw43_arch_init
 .text.ns_delay.constprop.0
                0x0000000010006dac       0x20 CMakeFiles/picow_ds4.dir/home/sagar/pico/pico-sdk/src/rp2_common/pico_cyw43_driver/cyw43_bus_pio_spi.c.obj
 .text.cyw43_spi_deinit
                0x0000000010006dcc       0x7c CMakeFiles/picow_ds4.dir/home/sagar/pico/pico-sdk/src/rp2_common/pico_cyw43_driver/cyw43_bus_pio_spi.c.obj
                0x0000000010006dcc                cyw43_spi_deinit
 .text.cyw43_spi_init
                0x0000000010006e48      0x154 CMakeFiles/picow_ds4.dir/home/sagar/pico/pico-sdk/src/rp2_common/pico_cyw43_driver/cyw43_bus_pio_spi.c.obj
                0x0000000010006e48                cyw43_spi_init
 .text.cyw43_spi_transfer
                0x0000000010006f9c      0x430 CMakeFiles/picow_ds4.dir/home/sagar/pico/pico-sdk/src/rp2_common/pico_cyw43_driver/cyw43_bus_pio_spi.c.obj
                0x0000000010006f9c                cyw43_spi_transfer
 .text.cyw43_spi_gpio_setup
                0x00000000100073cc       0x3c CMakeFiles/picow_ds4.dir/home/sagar/pico/pico-sdk/src/rp2_common/pico_cyw43_driver/cyw43_bus_pio_spi.c.obj
                0x00000000100073cc                cyw43_spi_gpio_setup
 .text.cyw43_spi_reset
                0x0000000010007408       0x28 CMakeFiles/picow_ds4.dir/home/sagar/pico/pico-sdk/src/rp2_common/pico_cyw43_driver/cyw43_bus_pio_spi.c.obj
                0x0000000010007408                cyw43_spi_reset
 .text.read_reg_u32_swap
                0x0000000010007430       0x3c CMakeFiles/picow_ds4.dir/home/sagar/pico/pico-sdk/src/rp2_common/pico_cyw43_driver/cyw43_bus_pio_spi.c.obj
                0x0000000010007430                read_reg_u32_swap
 .text.cyw43_read_reg_u32
                0x000000001000746c       0x6c CMakeFiles/picow_ds4.dir/home/sagar/pico/pico-sdk/src/rp2_common/pico_cyw43_driver/cyw43_bus_pio_spi.c.obj
                0x000000001000746c                cyw43_read_reg_u32
 .text.cyw43_read_reg_u16
                0x00000000100074d8       0x6c CMakeFiles/picow_ds4.dir/home/sagar/pico/pico-sdk/src/rp2_common/pico_cyw43_driver/cyw43_bus_pio_spi.c.obj
                0x00000000100074d8                cyw43_read_reg_u16
 .text.cyw43_read_reg_u8
                0x0000000010007544       0x6c CMakeFiles/picow_ds4.dir/home/sagar/pico/pico-sdk/src/rp2_common/pico_cyw43_driver/cyw43_bus_pio_spi.c.obj
                0x0000000010007544                cyw43_read_reg_u8
 .text.write_reg_u32_swap
                0x00000000100075b0      0x1e0 CMakeFiles/picow_ds4.dir/home/sagar/pico/pico-sdk/src/rp2_common/pico_cyw43_driver/cyw43_bus_pio_spi.c.obj
                0x00000000100075b0                write_reg_u32_swap
 .text.cyw43_write_reg_u32
                0x0000000010007790      0x200 CMakeFiles/picow_ds4.dir/home/sagar/pico/pico-sdk/src/rp2_common/pico_cyw43_driver/cyw43_bus_pio_spi.c.obj
                0x0000000010007790                cyw43_write_reg_u32
 .text.cyw43_write_reg_u16
                0x0000000010007990      0x200 CMakeFiles/picow_ds4.dir/home/sagar/pico/pico-sdk/src/rp2_common/pico_cyw43_driver/cyw43_bus_pio_spi.c.obj
                0x0000000010007990                cyw43_write_reg_u16
 .text.cyw43_write_reg_u8
                0x0000000010007b90      0x200 CMakeFiles/picow_ds4.dir/home/sagar/pico/pico-sdk/src/rp2_common/pico_cyw43_driver/cyw43_bus_pio_spi.c.obj
                0x0000000010007b90                cyw43_write_reg_u8
 .text.cyw43_read_bytes
                0x0000000010007d90       0x78 CMakeFiles/picow_ds4.dir/home/sagar/pico/pico-sdk/src/rp2_common/pico_cyw43_driver/cyw43_bus_pio_spi.c.obj
                0x0000000010007d90                cyw43_read_bytes
 .text.cyw43_write_bytes
                0x0000000010007e08       0xec CMakeFiles/picow_ds4.dir/home/sagar/pico/pico-sdk/src/rp2_common/pico_cyw43_driver/cyw43_bus_pio_spi.c.obj
                0x0000000010007e08                cyw43_write_bytes
 .text.cyw43_set_backplane_window
                0x0000000010007ef4       0x64 CMakeFiles/picow_ds4.dir/home/sagar/pico/pico-sdk/lib/cyw43-driver/src/cyw43_ll.c.obj
 .text.cyw43_ll_parse_async_event
                0x0000000010007f58      0x13c CMakeFiles/picow_ds4.dir/home/sagar/pico/pico-sdk/lib/cyw43-driver/src/cyw43_ll.c.obj
 .text.cyw43_kso_set
                0x0000000010008094       0xa0 CMakeFiles/picow_ds4.dir/home/sagar/pico/pico-sdk/lib/cyw43-driver/src/cyw43_ll.c.obj
 .text.cyw43_ll_sdpcm_poll_device
                0x0000000010008134      0x238 CMakeFiles/picow_ds4.dir/home/sagar/pico/pico-sdk/lib/cyw43-driver/src/cyw43_ll.c.obj
 .text.cyw43_sdpcm_send_common
                0x000000001000836c       0xf0 CMakeFiles/picow_ds4.dir/home/sagar/pico/pico-sdk/lib/cyw43-driver/src/cyw43_ll.c.obj
 .text.cyw43_do_ioctl
                0x000000001000845c      0x110 CMakeFiles/picow_ds4.dir/home/sagar/pico/pico-sdk/lib/cyw43-driver/src/cyw43_ll.c.obj
 .text.cyw43_do_ioctl.constprop.0
                0x000000001000856c      0x108 CMakeFiles/picow_ds4.dir/home/sagar/pico/pico-sdk/lib/cyw43-driver/src/cyw43_ll.c.obj
 .text.cyw43_write_backplane
                0x0000000010008674      0x104 CMakeFiles/picow_ds4.dir/home/sagar/pico/pico-sdk/lib/cyw43-driver/src/cyw43_ll.c.obj
 .text.reset_device_core.constprop.0
                0x0000000010008778      0x3f0 CMakeFiles/picow_ds4.dir/home/sagar/pico/pico-sdk/lib/cyw43-driver/src/cyw43_ll.c.obj
 .text.cyw43_ll_init
                0x0000000010008b68       0x1c CMakeFiles/picow_ds4.dir/home/sagar/pico/pico-sdk/lib/cyw43-driver/src/cyw43_ll.c.obj
                0x0000000010008b68                cyw43_ll_init
 .text.cyw43_ll_deinit
                0x0000000010008b84        0x8 CMakeFiles/picow_ds4.dir/home/sagar/pico/pico-sdk/lib/cyw43-driver/src/cyw43_ll.c.obj
                0x0000000010008b84                cyw43_ll_deinit
 .text.cyw43_ll_process_packets
                0x0000000010008b8c       0x54 CMakeFiles/picow_ds4.dir/home/sagar/pico/pico-sdk/lib/cyw43-driver/src/cyw43_ll.c.obj
                0x0000000010008b8c                cyw43_ll_process_packets
 .text.cyw43_ll_ioctl
                0x0000000010008be0       0x20 CMakeFiles/picow_ds4.dir/home/sagar/pico/pico-sdk/lib/cyw43-driver/src/cyw43_ll.c.obj
                0x0000000010008be0                cyw43_ll_ioctl
 .text.cyw43_ll_bus_sleep
                0x0000000010008c00       0x34 CMakeFiles/picow_ds4.dir/home/sagar/pico/pico-sdk/lib/cyw43-driver/src/cyw43_ll.c.obj
                0x0000000010008c00                cyw43_ll_bus_sleep
 .text.cyw43_ll_bus_init
                0x0000000010008c34      0xa24 CMakeFiles/picow_ds4.dir/home/sagar/pico/pico-sdk/lib/cyw43-driver/src/cyw43_ll.c.obj
                0x0000000010008c34                cyw43_ll_bus_init
 .text.cyw43_ll_wifi_get_mac
                0x0000000010009658       0x44 CMakeFiles/picow_ds4.dir/home/sagar/pico/pico-sdk/lib/cyw43-driver/src/cyw43_ll.c.obj
                0x0000000010009658                cyw43_ll_wifi_get_mac
 .text.cyw43_ll_wifi_set_wpa_auth
                0x000000001000969c       0x2c CMakeFiles/picow_ds4.dir/home/sagar/pico/pico-sdk/lib/cyw43-driver/src/cyw43_ll.c.obj
                0x000000001000969c                cyw43_ll_wifi_set_wpa_auth
 .text.cyw43_ll_wifi_rejoin
                0x00000000100096c8       0x1c CMakeFiles/picow_ds4.dir/home/sagar/pico/pico-sdk/lib/cyw43-driver/src/cyw43_ll.c.obj
                0x00000000100096c8                cyw43_ll_wifi_rejoin
 .text.cyw43_ll_gpio_set
                0x00000000100096e4       0x6c CMakeFiles/picow_ds4.dir/home/sagar/pico/pico-sdk/lib/cyw43-driver/src/cyw43_ll.c.obj
                0x00000000100096e4                cyw43_ll_gpio_set
 .text.cyw43_ll_has_work
                0x0000000010009750       0x14 CMakeFiles/picow_ds4.dir/home/sagar/pico/pico-sdk/lib/cyw43-driver/src/cyw43_ll.c.obj
                0x0000000010009750                cyw43_ll_has_work
 .text.cyw43_ll_bt_has_work
                0x0000000010009764      0x16c CMakeFiles/picow_ds4.dir/home/sagar/pico/pico-sdk/lib/cyw43-driver/src/cyw43_ll.c.obj
                0x0000000010009764                cyw43_ll_bt_has_work
 .text.cyw43_ll_write_backplane_reg
                0x00000000100098d0       0xdc CMakeFiles/picow_ds4.dir/home/sagar/pico/pico-sdk/lib/cyw43-driver/src/cyw43_ll.c.obj
                0x00000000100098d0                cyw43_ll_write_backplane_reg
 .text.cyw43_ll_read_backplane_reg
                0x00000000100099ac       0xdc CMakeFiles/picow_ds4.dir/home/sagar/pico/pico-sdk/lib/cyw43-driver/src/cyw43_ll.c.obj
                0x00000000100099ac                cyw43_ll_read_backplane_reg
 .text.cyw43_ll_write_backplane_mem
                0x0000000010009a88      0x148 CMakeFiles/picow_ds4.dir/home/sagar/pico/pico-sdk/lib/cyw43-driver/src/cyw43_ll.c.obj
                0x0000000010009a88                cyw43_ll_write_backplane_mem
 .text.cyw43_ll_read_backplane_mem
                0x0000000010009bd0       0xf4 CMakeFiles/picow_ds4.dir/home/sagar/pico/pico-sdk/lib/cyw43-driver/src/cyw43_ll.c.obj
                0x0000000010009bd0                cyw43_ll_read_backplane_mem
 .text.cyw43_poll_func
                0x0000000010009cc4       0xbc CMakeFiles/picow_ds4.dir/home/sagar/pico/pico-sdk/lib/cyw43-driver/src/cyw43_ctrl.c.obj
 .text.cyw43_init
                0x0000000010009d80       0x74 CMakeFiles/picow_ds4.dir/home/sagar/pico/pico-sdk/lib/cyw43-driver/src/cyw43_ctrl.c.obj
                0x0000000010009d80                cyw43_init
 .text.cyw43_deinit
                0x0000000010009df4       0x98 CMakeFiles/picow_ds4.dir/home/sagar/pico/pico-sdk/lib/cyw43-driver/src/cyw43_ctrl.c.obj
                0x0000000010009df4                cyw43_deinit
 .text.cyw43_cb_read_host_interrupt_pin
                0x0000000010009e8c        0xc CMakeFiles/picow_ds4.dir/home/sagar/pico/pico-sdk/lib/cyw43-driver/src/cyw43_ctrl.c.obj
                0x0000000010009e8c                cyw43_cb_read_host_interrupt_pin
 .text.cyw43_cb_ensure_awake
                0x0000000010009e98        0xc CMakeFiles/picow_ds4.dir/home/sagar/pico/pico-sdk/lib/cyw43-driver/src/cyw43_ctrl.c.obj
                0x0000000010009e98                cyw43_cb_ensure_awake
 .text.cyw43_cb_process_async_event
                0x0000000010009ea4      0x228 CMakeFiles/picow_ds4.dir/home/sagar/pico/pico-sdk/lib/cyw43-driver/src/cyw43_ctrl.c.obj
                0x0000000010009ea4                cyw43_cb_process_async_event
 .text.cyw43_gpio_set
                0x000000001000a0cc       0xa0 CMakeFiles/picow_ds4.dir/home/sagar/pico/pico-sdk/lib/cyw43-driver/src/cyw43_ctrl.c.obj
                0x000000001000a0cc                cyw43_gpio_set
 .text.cyw43_bluetooth_hci_init
                0x000000001000a16c       0xac CMakeFiles/picow_ds4.dir/home/sagar/pico/pico-sdk/lib/cyw43-driver/src/cyw43_ctrl.c.obj
                0x000000001000a16c                cyw43_bluetooth_hci_init
 .text.cyw43_bluetooth_hci_read
                0x000000001000a218       0xec CMakeFiles/picow_ds4.dir/home/sagar/pico/pico-sdk/lib/cyw43-driver/src/cyw43_ctrl.c.obj
                0x000000001000a218                cyw43_bluetooth_hci_read
 .text.cyw43_bluetooth_hci_write
                0x000000001000a304       0xd8 CMakeFiles/picow_ds4.dir/home/sagar/pico/pico-sdk/lib/cyw43-driver/src/cyw43_ctrl.c.obj
                0x000000001000a304                cyw43_bluetooth_hci_write
 .text.cybt_hci_read
                0x000000001000a3dc      0x230 CMakeFiles/picow_ds4.dir/home/sagar/pico/pico-sdk/src/rp2_common/pico_cyw43_driver/cybt_shared_bus/cybt_shared_bus.c.obj
 .text.cyw43_btbus_init
                0x000000001000a60c      0x1b8 CMakeFiles/picow_ds4.dir/home/sagar/pico/pico-sdk/src/rp2_common/pico_cyw43_driver/cybt_shared_bus/cybt_shared_bus.c.obj
                0x000000001000a60c                cyw43_btbus_init
 .text.cyw43_btbus_write
                0x000000001000a7c4      0x148 CMakeFiles/picow_ds4.dir/home/sagar/pico/pico-sdk/src/rp2_common/pico_cyw43_driver/cybt_shared_bus/cybt_shared_bus.c.obj
                0x000000001000a7c4                cyw43_btbus_write
 .text.cyw43_btbus_read
                0x000000001000a90c      0x230 CMakeFiles/picow_ds4.dir/home/sagar/pico/pico-sdk/src/rp2_common/pico_cyw43_driver/cybt_shared_bus/cybt_shared_bus.c.obj
                0x000000001000a90c                cyw43_btbus_read
 .text.cybt_fw_download
                0x000000001000ab3c      0x3fc CMakeFiles/picow_ds4.dir/home/sagar/pico/pico-sdk/src/rp2_common/pico_cyw43_driver/cybt_shared_bus/cybt_shared_bus_driver.c.obj
                0x000000001000ab3c                cybt_fw_download
 .text.cybt_set_host_ready
                0x000000001000af38       0x2c CMakeFiles/picow_ds4.dir/home/sagar/pico/pico-sdk/src/rp2_common/pico_cyw43_driver/cybt_shared_bus/cybt_shared_bus_driver.c.obj
                0x000000001000af38                cybt_set_host_ready
 .text.cybt_ready
                0x000000001000af64       0x1c CMakeFiles/picow_ds4.dir/home/sagar/pico/pico-sdk/src/rp2_common/pico_cyw43_driver/cybt_shared_bus/cybt_shared_bus_driver.c.obj
                0x000000001000af64                cybt_ready
 .text.cybt_awake
                0x000000001000af80       0x1c CMakeFiles/picow_ds4.dir/home/sagar/pico/pico-sdk/src/rp2_common/pico_cyw43_driver/cybt_shared_bus/cybt_shared_bus_driver.c.obj
                0x000000001000af80                cybt_awake
 .text.cybt_set_bt_awake
                0x000000001000af9c       0x3c CMakeFiles/picow_ds4.dir/home/sagar/pico/pico-sdk/src/rp2_common/pico_cyw43_driver/cybt_shared_bus/cybt_shared_bus_driver.c.obj
                0x000000001000af9c                cybt_set_bt_awake
 .text.cybt_debug_dump
                0x000000001000afd8       0x88 CMakeFiles/picow_ds4.dir/home/sagar/pico/pico-sdk/src/rp2_common/pico_cyw43_driver/cybt_shared_bus/cybt_shared_bus_driver.c.obj
                0x000000001000afd8                cybt_debug_dump
 .text.cybt_toggle_bt_intr
                0x000000001000b060       0x40 CMakeFiles/picow_ds4.dir/home/sagar/pico/pico-sdk/src/rp2_common/pico_cyw43_driver/cybt_shared_bus/cybt_shared_bus_driver.c.obj
                0x000000001000b060                cybt_toggle_bt_intr
 .text.cybt_get_bt_buf_index
                0x000000001000b0a0       0xc8 CMakeFiles/picow_ds4.dir/home/sagar/pico/pico-sdk/src/rp2_common/pico_cyw43_driver/cybt_shared_bus/cybt_shared_bus_driver.c.obj
                0x000000001000b0a0                cybt_get_bt_buf_index
 .text.cybt_reg_write_idx
                0x000000001000b168       0x5c CMakeFiles/picow_ds4.dir/home/sagar/pico/pico-sdk/src/rp2_common/pico_cyw43_driver/cybt_shared_bus/cybt_shared_bus_driver.c.obj
                0x000000001000b168                cybt_reg_write_idx
 .text.cybt_mem_write_idx
                0x000000001000b1c4       0xa0 CMakeFiles/picow_ds4.dir/home/sagar/pico/pico-sdk/src/rp2_common/pico_cyw43_driver/cybt_shared_bus/cybt_shared_bus_driver.c.obj
                0x000000001000b1c4                cybt_mem_write_idx
 .text.cybt_mem_read_idx
                0x000000001000b264       0x9c CMakeFiles/picow_ds4.dir/home/sagar/pico/pico-sdk/src/rp2_common/pico_cyw43_driver/cybt_shared_bus/cybt_shared_bus_driver.c.obj
                0x000000001000b264                cybt_mem_read_idx
 .text.cybt_init_buffer
                0x000000001000b300       0xc0 CMakeFiles/picow_ds4.dir/home/sagar/pico/pico-sdk/src/rp2_common/pico_cyw43_driver/cybt_shared_bus/cybt_shared_bus_driver.c.obj
                0x000000001000b300                cybt_init_buffer
 .text.cybt_sharedbus_driver_init
                0x000000001000b3c0        0xc CMakeFiles/picow_ds4.dir/home/sagar/pico/pico-sdk/src/rp2_common/pico_cyw43_driver/cybt_shared_bus/cybt_shared_bus_driver.c.obj
                0x000000001000b3c0                cybt_sharedbus_driver_init
 .text.pio_sm_unclaim
                0x000000001000b3cc       0x20 CMakeFiles/picow_ds4.dir/home/sagar/pico/pico-sdk/src/rp2_common/hardware_pio/pio.c.obj
                0x000000001000b3cc                pio_sm_unclaim
 .text.pio_claim_unused_sm
                0x000000001000b3ec       0x3c CMakeFiles/picow_ds4.dir/home/sagar/pico/pico-sdk/src/rp2_common/hardware_pio/pio.c.obj
                0x000000001000b3ec                pio_claim_unused_sm
 .text.pio_can_add_program
                0x000000001000b428       0x68 CMakeFiles/picow_ds4.dir/home/sagar/pico/pico-sdk/src/rp2_common/hardware_pio/pio.c.obj
                0x000000001000b428                pio_can_add_program
 .text.pio_add_program
                0x000000001000b490       0xc8 CMakeFiles/picow_ds4.dir/home/sagar/pico/pico-sdk/src/rp2_common/hardware_pio/pio.c.obj
                0x000000001000b490                pio_add_program
 .text.pio_remove_program
                0x000000001000b558       0x34 CMakeFiles/picow_ds4.dir/home/sagar/pico/pico-sdk/src/rp2_common/hardware_pio/pio.c.obj
                0x000000001000b558                pio_remove_program
 .text.pio_sm_set_pindirs_with_mask
                0x000000001000b58c       0xa4 CMakeFiles/picow_ds4.dir/home/sagar/pico/pico-sdk/src/rp2_common/hardware_pio/pio.c.obj
                0x000000001000b58c                pio_sm_set_pindirs_with_mask
 .text.pio_sm_set_consecutive_pindirs
                0x000000001000b630       0xb0 CMakeFiles/picow_ds4.dir/home/sagar/pico/pico-sdk/src/rp2_common/hardware_pio/pio.c.obj
                0x000000001000b630                pio_sm_set_consecutive_pindirs
 .text.dma_channel_unclaim
                0x000000001000b6e0       0x10 CMakeFiles/picow_ds4.dir/home/sagar/pico/pico-sdk/src/rp2_common/hardware_dma/dma.c.obj
                0x000000001000b6e0                dma_channel_unclaim
 .text.dma_claim_unused_channel
                0x000000001000b6f0       0x20 CMakeFiles/picow_ds4.dir/home/sagar/pico/pico-sdk/src/rp2_common/hardware_dma/dma.c.obj
                0x000000001000b6f0                dma_claim_unused_channel
 .text.dma_channel_cleanup
                0x000000001000b710       0x60 CMakeFiles/picow_ds4.dir/home/sagar/pico/pico-sdk/src/rp2_common/hardware_dma/dma.c.obj
                0x000000001000b710                dma_channel_cleanup
 .text.cyw43_sleep_timeout_reached
                0x000000001000b770       0x10 CMakeFiles/picow_ds4.dir/home/sagar/pico/pico-sdk/src/rp2_common/pico_cyw43_driver/cyw43_driver.c.obj
 .text.cyw43_irq_init
                0x000000001000b780       0x28 CMakeFiles/picow_ds4.dir/home/sagar/pico/pico-sdk/src/rp2_common/pico_cyw43_driver/cyw43_driver.c.obj
                0x000000001000b780                cyw43_irq_init
 .text.cyw43_irq_deinit
                0x000000001000b7a8       0x20 CMakeFiles/picow_ds4.dir/home/sagar/pico/pico-sdk/src/rp2_common/pico_cyw43_driver/cyw43_driver.c.obj
                0x000000001000b7a8                cyw43_irq_deinit
 .text.cyw43_gpio_irq_handler
                0x000000001000b7c8       0x44 CMakeFiles/picow_ds4.dir/home/sagar/pico/pico-sdk/src/rp2_common/pico_cyw43_driver/cyw43_driver.c.obj
 .text.cyw43_do_poll
                0x000000001000b80c       0x6c CMakeFiles/picow_ds4.dir/home/sagar/pico/pico-sdk/src/rp2_common/pico_cyw43_driver/cyw43_driver.c.obj
 .text.cyw43_post_poll_hook
                0x000000001000b878       0x10 CMakeFiles/picow_ds4.dir/home/sagar/pico/pico-sdk/src/rp2_common/pico_cyw43_driver/cyw43_driver.c.obj
                0x000000001000b878                cyw43_post_poll_hook
 .text.cyw43_schedule_internal_poll_dispatch
                0x000000001000b888       0x18 CMakeFiles/picow_ds4.dir/home/sagar/pico/pico-sdk/src/rp2_common/pico_cyw43_driver/cyw43_driver.c.obj
                0x000000001000b888                cyw43_schedule_internal_poll_dispatch
 .text.cyw43_driver_init
                0x000000001000b8a0       0x38 CMakeFiles/picow_ds4.dir/home/sagar/pico/pico-sdk/src/rp2_common/pico_cyw43_driver/cyw43_driver.c.obj
                0x000000001000b8a0                cyw43_driver_init
 .text.cyw43_driver_deinit
                0x000000001000b8d8       0x44 CMakeFiles/picow_ds4.dir/home/sagar/pico/pico-sdk/src/rp2_common/pico_cyw43_driver/cyw43_driver.c.obj
                0x000000001000b8d8                cyw43_driver_deinit
 .text.cyw43_hal_generate_laa_mac
                0x000000001000b91c       0x28 CMakeFiles/picow_ds4.dir/home/sagar/pico/pico-sdk/src/rp2_common/pico_cyw43_driver/cyw43_driver.c.obj
                0x000000001000b91c                cyw43_hal_generate_laa_mac
 .text.cyw43_hal_get_mac
                0x000000001000b944       0x1c CMakeFiles/picow_ds4.dir/home/sagar/pico/pico-sdk/src/rp2_common/pico_cyw43_driver/cyw43_driver.c.obj
                0x000000001000b944                cyw43_hal_get_mac
 .text.cyw43_thread_enter
                0x000000001000b960       0x14 CMakeFiles/picow_ds4.dir/home/sagar/pico/pico-sdk/src/rp2_common/pico_cyw43_driver/cyw43_driver.c.obj
                0x000000001000b960                cyw43_thread_enter
 .text.cyw43_thread_exit
                0x000000001000b974       0x14 CMakeFiles/picow_ds4.dir/home/sagar/pico/pico-sdk/src/rp2_common/pico_cyw43_driver/cyw43_driver.c.obj
                0x000000001000b974                cyw43_thread_exit
 .text.cyw43_await_background_or_timeout_us
                0x000000001000b988       0x34 CMakeFiles/picow_ds4.dir/home/sagar/pico/pico-sdk/src/rp2_common/pico_cyw43_driver/cyw43_driver.c.obj
                0x000000001000b988                cyw43_await_background_or_timeout_us
 .text.cyw43_delay_ms
                0x000000001000b9bc       0x44 CMakeFiles/picow_ds4.dir/home/sagar/pico/pico-sdk/src/rp2_common/pico_cyw43_driver/cyw43_driver.c.obj
                0x000000001000b9bc                cyw43_delay_ms
 .text.cyw43_cb_tcpip_deinit
                0x000000001000ba00        0x4 CMakeFiles/picow_ds4.dir/home/sagar/pico/pico-sdk/src/rp2_common/pico_cyw43_driver/cyw43_driver.c.obj
                0x000000001000ba00                cyw43_cb_tcpip_deinit
 .text.cyw43_cb_tcpip_set_link_up
                0x000000001000ba04        0xc CMakeFiles/picow_ds4.dir/home/sagar/pico/pico-sdk/src/rp2_common/pico_cyw43_driver/cyw43_driver.c.obj
                0x000000001000ba04                cyw43_cb_tcpip_set_link_up
 .text.cyw43_cb_tcpip_set_link_down
                0x000000001000ba10        0xc CMakeFiles/picow_ds4.dir/home/sagar/pico/pico-sdk/src/rp2_common/pico_cyw43_driver/cyw43_driver.c.obj
                0x000000001000ba10                cyw43_cb_tcpip_set_link_down
 .text.cyw43_cb_process_ethernet
                0x000000001000ba1c        0xc CMakeFiles/picow_ds4.dir/home/sagar/pico/pico-sdk/src/rp2_common/pico_cyw43_driver/cyw43_driver.c.obj
                0x000000001000ba1c                cyw43_cb_process_ethernet
 .text.handle_sync_func_call
                0x000000001000ba28       0x24 CMakeFiles/picow_ds4.dir/home/sagar/pico/pico-sdk/src/rp2_common/pico_async_context/async_context_threadsafe_background.c.obj
 .text.async_context_threadsafe_background_acquire_lock_blocking
                0x000000001000ba4c        0xc CMakeFiles/picow_ds4.dir/home/sagar/pico/pico-sdk/src/rp2_common/pico_async_context/async_context_threadsafe_background.c.obj
 .text.process_under_lock
                0x000000001000ba58       0xc8 CMakeFiles/picow_ds4.dir/home/sagar/pico/pico-sdk/src/rp2_common/pico_async_context/async_context_threadsafe_background.c.obj
 .text.async_context_threadsafe_background_deinit
                0x000000001000bb20       0x64 CMakeFiles/picow_ds4.dir/home/sagar/pico/pico-sdk/src/rp2_common/pico_async_context/async_context_threadsafe_background.c.obj
 .text.low_priority_irq_handler
                0x000000001000bb84       0x3c CMakeFiles/picow_ds4.dir/home/sagar/pico/pico-sdk/src/rp2_common/pico_async_context/async_context_threadsafe_background.c.obj
 .text.async_context_threadsafe_background_wait_for_work_until
                0x000000001000bbc0        0xc CMakeFiles/picow_ds4.dir/home/sagar/pico/pico-sdk/src/rp2_common/pico_async_context/async_context_threadsafe_background.c.obj
 .text.async_context_threadsafe_background_wait_until
                0x000000001000bbcc       0x1c CMakeFiles/picow_ds4.dir/home/sagar/pico/pico-sdk/src/rp2_common/pico_async_context/async_context_threadsafe_background.c.obj
 .text.async_context_threadsafe_background_lock_check
                0x000000001000bbe8       0x28 CMakeFiles/picow_ds4.dir/home/sagar/pico/pico-sdk/src/rp2_common/pico_async_context/async_context_threadsafe_background.c.obj
 .text.async_context_threadsafe_background_execute_sync
                0x000000001000bc10       0xe4 CMakeFiles/picow_ds4.dir/home/sagar/pico/pico-sdk/src/rp2_common/pico_async_context/async_context_threadsafe_background.c.obj
                0x000000001000bc10                async_context_threadsafe_background_execute_sync
 .text.async_context_threadsafe_background_set_work_pending
                0x000000001000bcf4       0x50 CMakeFiles/picow_ds4.dir/home/sagar/pico/pico-sdk/src/rp2_common/pico_async_context/async_context_threadsafe_background.c.obj
 .text.alarm_handler
                0x000000001000bd44       0x58 CMakeFiles/picow_ds4.dir/home/sagar/pico/pico-sdk/src/rp2_common/pico_async_context/async_context_threadsafe_background.c.obj
 .text.async_context_threadsafe_background_release_lock
                0x000000001000bd9c       0x7c CMakeFiles/picow_ds4.dir/home/sagar/pico/pico-sdk/src/rp2_common/pico_async_context/async_context_threadsafe_background.c.obj
 .text.async_context_threadsafe_background_when_pending_worker
                0x000000001000be18       0x90 CMakeFiles/picow_ds4.dir/home/sagar/pico/pico-sdk/src/rp2_common/pico_async_context/async_context_threadsafe_background.c.obj
 .text.async_context_threadsafe_background_remove_at_time_worker
                0x000000001000bea8       0x90 CMakeFiles/picow_ds4.dir/home/sagar/pico/pico-sdk/src/rp2_common/pico_async_context/async_context_threadsafe_background.c.obj
 .text.async_context_threadsafe_background_add_when_pending_worker
                0x000000001000bf38       0x90 CMakeFiles/picow_ds4.dir/home/sagar/pico/pico-sdk/src/rp2_common/pico_async_context/async_context_threadsafe_background.c.obj
 .text.async_context_threadsafe_background_add_at_time_worker
                0x000000001000bfc8       0x90 CMakeFiles/picow_ds4.dir/home/sagar/pico/pico-sdk/src/rp2_common/pico_async_context/async_context_threadsafe_background.c.obj
 .text.async_context_threadsafe_background_default_config
                0x000000001000c058        0xc CMakeFiles/picow_ds4.dir/home/sagar/pico/pico-sdk/src/rp2_common/pico_async_context/async_context_threadsafe_background.c.obj
                0x000000001000c058                async_context_threadsafe_background_default_config
 .text.async_context_threadsafe_background_init
                0x000000001000c064       0xa4 CMakeFiles/picow_ds4.dir/home/sagar/pico/pico-sdk/src/rp2_common/pico_async_context/async_context_threadsafe_background.c.obj
                0x000000001000c064                async_context_threadsafe_background_init
 .text.async_context_base_add_at_time_worker
                0x000000001000c108       0x28 CMakeFiles/picow_ds4.dir/home/sagar/pico/pico-sdk/src/rp2_common/pico_async_context/async_context_base.c.obj
                0x000000001000c108                async_context_base_add_at_time_worker
 .text.async_context_base_remove_at_time_worker
                0x000000001000c130       0x28 CMakeFiles/picow_ds4.dir/home/sagar/pico/pico-sdk/src/rp2_common/pico_async_context/async_context_base.c.obj
                0x000000001000c130                async_context_base_remove_at_time_worker
 .text.async_context_base_add_when_pending_worker
                0x000000001000c158       0x24 CMakeFiles/picow_ds4.dir/home/sagar/pico/pico-sdk/src/rp2_common/pico_async_context/async_context_base.c.obj
                0x000000001000c158                async_context_base_add_when_pending_worker
 .text.async_context_base_remove_when_pending_worker
                0x000000001000c17c       0x28 CMakeFiles/picow_ds4.dir/home/sagar/pico/pico-sdk/src/rp2_common/pico_async_context/async_context_base.c.obj
                0x000000001000c17c                async_context_base_remove_when_pending_worker
 .text.async_context_base_execute_once
                0x000000001000c1a4       0xe8 CMakeFiles/picow_ds4.dir/home/sagar/pico/pico-sdk/src/rp2_common/pico_async_context/async_context_base.c.obj
                0x000000001000c1a4                async_context_base_execute_once
 .text.async_context_base_needs_servicing
                0x000000001000c28c       0x54 CMakeFiles/picow_ds4.dir/home/sagar/pico/pico-sdk/src/rp2_common/pico_async_context/async_context_base.c.obj
                0x000000001000c28c                async_context_base_needs_servicing
 .text.btstack_link_key_db_tlv_open
                0x000000001000c2e0        0x4 CMakeFiles/picow_ds4.dir/__/btstack/src/classic/btstack_link_key_db_tlv.c.obj
 .text.btstack_link_key_db_tlv_set_bd_addr
                0x000000001000c2e4        0x4 CMakeFiles/picow_ds4.dir/__/btstack/src/classic/btstack_link_key_db_tlv.c.obj
 .text.btstack_link_key_db_tlv_iterator_init
                0x000000001000c2e8        0x8 CMakeFiles/picow_ds4.dir/__/btstack/src/classic/btstack_link_key_db_tlv.c.obj
 .text.btstack_link_key_db_tlv_iterator_get_next
                0x000000001000c2f0       0x94 CMakeFiles/picow_ds4.dir/__/btstack/src/classic/btstack_link_key_db_tlv.c.obj
 .text.btstack_link_key_db_tlv_delete_link_key
                0x000000001000c384       0x60 CMakeFiles/picow_ds4.dir/__/btstack/src/classic/btstack_link_key_db_tlv.c.obj
 .text.btstack_link_key_db_tlv_put_link_key
                0x000000001000c3e4      0x124 CMakeFiles/picow_ds4.dir/__/btstack/src/classic/btstack_link_key_db_tlv.c.obj
 .text.btstack_link_key_db_tlv_get_link_key
                0x000000001000c508       0xa4 CMakeFiles/picow_ds4.dir/__/btstack/src/classic/btstack_link_key_db_tlv.c.obj
 .text.btstack_link_key_db_tlv_iterator_done
                0x000000001000c5ac        0x4 CMakeFiles/picow_ds4.dir/__/btstack/src/classic/btstack_link_key_db_tlv.c.obj
 .text.btstack_link_key_db_tlv_close
                0x000000001000c5b0        0x4 CMakeFiles/picow_ds4.dir/__/btstack/src/classic/btstack_link_key_db_tlv.c.obj
 .text.btstack_link_key_db_tlv_get_instance
                0x000000001000c5b4       0x10 CMakeFiles/picow_ds4.dir/__/btstack/src/classic/btstack_link_key_db_tlv.c.obj
                0x000000001000c5b4                btstack_link_key_db_tlv_get_instance
 .text.hid_host_handle_start_sdp_client_query
                0x000000001000c5c4       0x8c CMakeFiles/picow_ds4.dir/__/btstack/src/classic/hid_host.c.obj
 .text.hid_host_handle_sdp_client_query_result
                0x000000001000c650      0x5f4 CMakeFiles/picow_ds4.dir/__/btstack/src/classic/hid_host.c.obj
 .text.hid_descriptor_storage_get_descriptor_len
                0x000000001000cc44       0x30 CMakeFiles/picow_ds4.dir/__/btstack/src/classic/hid_host.c.obj
                0x000000001000cc44                hid_descriptor_storage_get_descriptor_len
 .text.hid_host_init
                0x000000001000cc74       0x40 CMakeFiles/picow_ds4.dir/__/btstack/src/classic/hid_host.c.obj
                0x000000001000cc74                hid_host_init
 .text.hid_host_register_packet_handler
                0x000000001000ccb4        0xc CMakeFiles/picow_ds4.dir/__/btstack/src/classic/hid_host.c.obj
                0x000000001000ccb4                hid_host_register_packet_handler
 .text.hid_host_accept_connection
                0x000000001000ccc0       0x48 CMakeFiles/picow_ds4.dir/__/btstack/src/classic/hid_host.c.obj
                0x000000001000ccc0                hid_host_accept_connection
 .text.hid_host_connect
                0x000000001000cd08      0x104 CMakeFiles/picow_ds4.dir/__/btstack/src/classic/hid_host.c.obj
                0x000000001000cd08                hid_host_connect
 .text.hid_host_disconnect
                0x000000001000ce0c       0x5c CMakeFiles/picow_ds4.dir/__/btstack/src/classic/hid_host.c.obj
                0x000000001000ce0c                hid_host_disconnect
 .text.hid_host_packet_handler
                0x000000001000ce68      0xb84 CMakeFiles/picow_ds4.dir/__/btstack/src/classic/hid_host.c.obj
 .text.hid_host_send_get_report
                0x000000001000d9ec       0x5c CMakeFiles/picow_ds4.dir/__/btstack/src/classic/hid_host.c.obj
                0x000000001000d9ec                hid_host_send_get_report
 .text.sdp_client_packet_handler
                0x000000001000da48      0x704 CMakeFiles/picow_ds4.dir/__/btstack/src/classic/sdp_client.c.obj
                0x000000001000da48                sdp_client_packet_handler
 .text.sdp_client_register_query_callback
                0x000000001000e14c       0x3c CMakeFiles/picow_ds4.dir/__/btstack/src/classic/sdp_client.c.obj
                0x000000001000e14c                sdp_client_register_query_callback
 .text.sdp_client_query_uuid16
                0x000000001000e188       0xcc CMakeFiles/picow_ds4.dir/__/btstack/src/classic/sdp_client.c.obj
                0x000000001000e188                sdp_client_query_uuid16
 .text.sdp_init
                0x000000001000e254       0x28 CMakeFiles/picow_ds4.dir/__/btstack/src/classic/sdp_server.c.obj
                0x000000001000e254                sdp_init
 .text.sdp_handle_service_search_request
                0x000000001000e27c      0x1dc CMakeFiles/picow_ds4.dir/__/btstack/src/classic/sdp_server.c.obj
                0x000000001000e27c                sdp_handle_service_search_request
 .text.sdp_handle_service_attribute_request
                0x000000001000e458      0x188 CMakeFiles/picow_ds4.dir/__/btstack/src/classic/sdp_server.c.obj
                0x000000001000e458                sdp_handle_service_attribute_request
 .text.sdp_handle_service_search_attribute_request
                0x000000001000e5e0      0x24c CMakeFiles/picow_ds4.dir/__/btstack/src/classic/sdp_server.c.obj
                0x000000001000e5e0                sdp_handle_service_search_attribute_request
 .text.sdp_packet_handler
                0x000000001000e82c      0x1cc CMakeFiles/picow_ds4.dir/__/btstack/src/classic/sdp_server.c.obj
 .text.de_traverse_sequence
                0x000000001000e9f8       0xe4 CMakeFiles/picow_ds4.dir/__/btstack/src/classic/sdp_util.c.obj
 .text.de_traverse_sequence.constprop.0
                0x000000001000eadc      0x114 CMakeFiles/picow_ds4.dir/__/btstack/src/classic/sdp_util.c.obj
 .text.sdp_traversal_contains_UUID128
                0x000000001000ebf0      0x698 CMakeFiles/picow_ds4.dir/__/btstack/src/classic/sdp_util.c.obj
 .text.de_get_element_type
                0x000000001000f288        0x8 CMakeFiles/picow_ds4.dir/__/btstack/src/classic/sdp_util.c.obj
                0x000000001000f288                de_get_element_type
 .text.de_get_header_size
                0x000000001000f290       0x18 CMakeFiles/picow_ds4.dir/__/btstack/src/classic/sdp_util.c.obj
                0x000000001000f290                de_get_header_size
 .text.de_get_data_size
                0x000000001000f2a8       0x38 CMakeFiles/picow_ds4.dir/__/btstack/src/classic/sdp_util.c.obj
                0x000000001000f2a8                de_get_data_size
 .text.de_get_len
                0x000000001000f2e0       0x58 CMakeFiles/picow_ds4.dir/__/btstack/src/classic/sdp_util.c.obj
                0x000000001000f2e0                de_get_len
 .text.de_get_len_safe
                0x000000001000f338       0x60 CMakeFiles/picow_ds4.dir/__/btstack/src/classic/sdp_util.c.obj
                0x000000001000f338                de_get_len_safe
 .text.de_element_get_uint16
                0x000000001000f398       0x24 CMakeFiles/picow_ds4.dir/__/btstack/src/classic/sdp_util.c.obj
                0x000000001000f398                de_element_get_uint16
 .text.de_get_uuid32
                0x000000001000f3bc       0x68 CMakeFiles/picow_ds4.dir/__/btstack/src/classic/sdp_util.c.obj
                0x000000001000f3bc                de_get_uuid32
 .text.de_get_string
                0x000000001000f424       0x28 CMakeFiles/picow_ds4.dir/__/btstack/src/classic/sdp_util.c.obj
                0x000000001000f424                de_get_string
 .text.de_store_descriptor_with_len
                0x000000001000f44c       0x30 CMakeFiles/picow_ds4.dir/__/btstack/src/classic/sdp_util.c.obj
                0x000000001000f44c                de_store_descriptor_with_len
 .text.des_iterator_init
                0x000000001000f47c       0x94 CMakeFiles/picow_ds4.dir/__/btstack/src/classic/sdp_util.c.obj
                0x000000001000f47c                des_iterator_init
 .text.des_iterator_get_type
                0x000000001000f510        0xc CMakeFiles/picow_ds4.dir/__/btstack/src/classic/sdp_util.c.obj
                0x000000001000f510                des_iterator_get_type
 .text.des_iterator_has_more
                0x000000001000f51c        0xc CMakeFiles/picow_ds4.dir/__/btstack/src/classic/sdp_util.c.obj
                0x000000001000f51c                des_iterator_has_more
 .text.des_iterator_get_element
                0x000000001000f528       0x14 CMakeFiles/picow_ds4.dir/__/btstack/src/classic/sdp_util.c.obj
                0x000000001000f528                des_iterator_get_element
 .text.des_iterator_next
                0x000000001000f53c       0x60 CMakeFiles/picow_ds4.dir/__/btstack/src/classic/sdp_util.c.obj
                0x000000001000f53c                des_iterator_next
 .text.sdp_filter_attributes_in_attributeIDList
                0x000000001000f59c      0x274 CMakeFiles/picow_ds4.dir/__/btstack/src/classic/sdp_util.c.obj
                0x000000001000f59c                sdp_filter_attributes_in_attributeIDList
 .text.spd_get_filtered_size
                0x000000001000f810      0x190 CMakeFiles/picow_ds4.dir/__/btstack/src/classic/sdp_util.c.obj
                0x000000001000f810                spd_get_filtered_size
 .text.sdp_record_matches_service_search_pattern
                0x000000001000f9a0      0x13c CMakeFiles/picow_ds4.dir/__/btstack/src/classic/sdp_util.c.obj
                0x000000001000f9a0                sdp_record_matches_service_search_pattern
 .text.sdp_service_search_pattern_for_uuid16
                0x000000001000fadc       0x18 CMakeFiles/picow_ds4.dir/__/btstack/src/classic/sdp_util.c.obj
                0x000000001000fadc                sdp_service_search_pattern_for_uuid16
 .text.btstack_tlv_flash_bank_write
                0x000000001000faf4       0x80 CMakeFiles/picow_ds4.dir/__/btstack/platform/embedded/btstack_tlv_flash_bank.c.obj
 .text.btstack_tlv_flash_bank_read
                0x000000001000fb74       0x7c CMakeFiles/picow_ds4.dir/__/btstack/platform/embedded/btstack_tlv_flash_bank.c.obj
 .text.btstack_tlv_flash_bank_iterator_init
                0x000000001000fbf0       0x6c CMakeFiles/picow_ds4.dir/__/btstack/platform/embedded/btstack_tlv_flash_bank.c.obj
 .text.btstack_tlv_flash_bank_delete_tag_until_offset
                0x000000001000fc5c       0xdc CMakeFiles/picow_ds4.dir/__/btstack/platform/embedded/btstack_tlv_flash_bank.c.obj
 .text.btstack_tlv_flash_bank_delete_tag
                0x000000001000fd38        0xc CMakeFiles/picow_ds4.dir/__/btstack/platform/embedded/btstack_tlv_flash_bank.c.obj
 .text.btstack_tlv_flash_bank_get_tag
                0x000000001000fd44       0xec CMakeFiles/picow_ds4.dir/__/btstack/platform/embedded/btstack_tlv_flash_bank.c.obj
 .text.btstack_tlv_flash_bank_test_erased
                0x000000001000fe30      0x118 CMakeFiles/picow_ds4.dir/__/btstack/platform/embedded/btstack_tlv_flash_bank.c.obj
 .text.btstack_tlv_flash_bank_migrate
                0x000000001000ff48      0x218 CMakeFiles/picow_ds4.dir/__/btstack/platform/embedded/btstack_tlv_flash_bank.c.obj
 .text.btstack_tlv_flash_bank_store_tag
                0x0000000010010160       0xe0 CMakeFiles/picow_ds4.dir/__/btstack/platform/embedded/btstack_tlv_flash_bank.c.obj
 .text.btstack_tlv_flash_bank_init_instance
                0x0000000010010240      0x2a4 CMakeFiles/picow_ds4.dir/__/btstack/platform/embedded/btstack_tlv_flash_bank.c.obj
                0x0000000010010240                btstack_tlv_flash_bank_init_instance
 .text.ad_iterator_init